Archive member included to satisfy reference by file (symbol)

c:/program files (x86)/atmel/studio/7.0/toolchain/arm/arm-gnu-toolchain/bin/../lib/gcc/arm-none-eabi/6.3.1/thumb/v6-m\libgcc.a(_thumb1_case_uqi.o)
                              src/pwm_led.o (__gnu_thumb1_case_uqi)
c:/program files (x86)/atmel/studio/7.0/toolchain/arm/arm-gnu-toolchain/bin/../lib/gcc/arm-none-eabi/6.3.1/thumb/v6-m\libgcc.a(_udivsi3.o)
                              src/ASF/common2/services/delay/sam0/systick_counter.o (__aeabi_uidiv)
c:/program files (x86)/atmel/studio/7.0/toolchain/arm/arm-gnu-toolchain/bin/../lib/gcc/arm-none-eabi/6.3.1/thumb/v6-m\libgcc.a(_dvmd_tls.o)
                              c:/program files (x86)/atmel/studio/7.0/toolchain/arm/arm-gnu-toolchain/bin/../lib/gcc/arm-none-eabi/6.3.1/thumb/v6-m\libgcc.a(_udivsi3.o) (__aeabi_idiv0)
c:/program files (x86)/atmel/studio/7.0/toolchain/arm/arm-gnu-toolchain/bin/../lib/gcc/arm-none-eabi/6.3.1/thumb/v6-m\libgcc.a(_ashldi3.o)
                              src/ASF/sam0/drivers/sercom/sercom.o (__aeabi_llsl)
c:/program files (x86)/atmel/studio/7.0/toolchain/arm/arm-gnu-toolchain/bin/../lib/gcc/arm-none-eabi/6.3.1/thumb/v6-m\libgcc.a(_muldi3.o)
                              src/ASF/sam0/drivers/sercom/sercom.o (__aeabi_lmul)
c:/program files (x86)/atmel/studio/7.0/toolchain/arm/arm-gnu-toolchain/bin/../lib/gcc/arm-none-eabi/6.3.1/../../../../arm-none-eabi/lib/thumb/v6-m\libc_nano.a(lib_a-exit.o)
                              c:/program files (x86)/atmel/studio/7.0/toolchain/arm/arm-gnu-toolchain/bin/../lib/gcc/arm-none-eabi/6.3.1/../../../../arm-none-eabi/lib/thumb/v6-m/crt0.o (exit)
c:/program files (x86)/atmel/studio/7.0/toolchain/arm/arm-gnu-toolchain/bin/../lib/gcc/arm-none-eabi/6.3.1/../../../../arm-none-eabi/lib/thumb/v6-m\libc_nano.a(lib_a-impure.o)
                              c:/program files (x86)/atmel/studio/7.0/toolchain/arm/arm-gnu-toolchain/bin/../lib/gcc/arm-none-eabi/6.3.1/../../../../arm-none-eabi/lib/thumb/v6-m\libc_nano.a(lib_a-exit.o) (_global_impure_ptr)
c:/program files (x86)/atmel/studio/7.0/toolchain/arm/arm-gnu-toolchain/bin/../lib/gcc/arm-none-eabi/6.3.1/../../../../arm-none-eabi/lib/thumb/v6-m\libc_nano.a(lib_a-init.o)
                              c:/program files (x86)/atmel/studio/7.0/toolchain/arm/arm-gnu-toolchain/bin/../lib/gcc/arm-none-eabi/6.3.1/../../../../arm-none-eabi/lib/thumb/v6-m/crt0.o (__libc_init_array)
c:/program files (x86)/atmel/studio/7.0/toolchain/arm/arm-gnu-toolchain/bin/../lib/gcc/arm-none-eabi/6.3.1/../../../../arm-none-eabi/lib/thumb/v6-m\libc_nano.a(lib_a-memcpy-stub.o)
                              src/ASF/sam0/drivers/adc/adc_sam_d_r_h/adc.o (memcpy)
c:/program files (x86)/atmel/studio/7.0/toolchain/arm/arm-gnu-toolchain/bin/../lib/gcc/arm-none-eabi/6.3.1/../../../../arm-none-eabi/lib/thumb/v6-m\libc_nano.a(lib_a-memset.o)
                              c:/program files (x86)/atmel/studio/7.0/toolchain/arm/arm-gnu-toolchain/bin/../lib/gcc/arm-none-eabi/6.3.1/../../../../arm-none-eabi/lib/thumb/v6-m/crt0.o (memset)

Allocating common symbols
Common symbol       size              file

_tcc_instances      0x4               src/ASF/sam0/drivers/tcc/tcc_callback.o
Chargn_Off_State    0x1               src/system_logic.o
Vbus_State          0x1               src/system_logic.o
Chargn_On_State     0x1               src/system_logic.o
Charged_State       0x1               src/system_logic.o
adc_result          0x2               src/adc_sample.o
ptr_get             0x4               src/ASF/sam0/utils/stdio/read.o
ptr_put             0x4               src/ASF/sam0/utils/stdio/write.o
_tc_instances       0x8               src/ASF/sam0/drivers/tc/tc_interrupt.o
_sercom_instances   0xc               src/ASF/sam0/drivers/sercom/sercom_interrupt.o
BATTERY_CHARGED     0x1               src/system_state.o
tcc_instance        0x40              src/button.o
_extint_dev         0x40              src/ASF/sam0/drivers/extint/extint_sam_d_r_h/extint.o
is_cycle_led        0x1               src/pwm_led.o
_current_channel    0x1               src/ASF/sam0/drivers/extint/extint_callback.o
i2c_master_instance
                    0x28              src/led_driver.o
stdio_base          0x4               src/ASF/sam0/utils/stdio/write.o
system_timer_instance
                    0x1c              src/button.o
flash_led_counter   0x4               src/pwm_led.o
config_tcc          0xa4              src/button.o
pwm_generator_instance
                    0x1c              src/button.o
adc_instance        0x8               src/adc_sample.o
pwm_led_toggle_flag
                    0x1               src/pwm_led.o

Discarded input sections

 .text          0x00000000        0x0 c:/program files (x86)/atmel/studio/7.0/toolchain/arm/arm-gnu-toolchain/bin/../lib/gcc/arm-none-eabi/6.3.1/thumb/v6-m/crtfastmath.o
[...]
Memory Configuration

Name             Origin             Length             Attributes
rom              0x00000000         0x00004000         xr
ram              0x20000000         0x00001000         xrw
*default*        0x00000000         0xffffffff

Linker script and memory map

LOAD c:/program files (x86)/atmel/studio/7.0/toolchain/arm/arm-gnu-toolchain/bin/../lib/gcc/arm-none-eabi/6.3.1/thumb/v6-m/crtfastmath.o
LOAD c:/program files (x86)/atmel/studio/7.0/toolchain/arm/arm-gnu-toolchain/bin/../lib/gcc/arm-none-eabi/6.3.1/thumb/v6-m/crti.o
LOAD c:/program files (x86)/atmel/studio/7.0/toolchain/arm/arm-gnu-toolchain/bin/../lib/gcc/arm-none-eabi/6.3.1/thumb/v6-m/crtbegin.o
LOAD c:/program files (x86)/atmel/studio/7.0/toolchain/arm/arm-gnu-toolchain/bin/../lib/gcc/arm-none-eabi/6.3.1/../../../../arm-none-eabi/lib/thumb/v6-m/crt0.o
LOAD src/adc_sample.o
LOAD src/ASF/common2/services/delay/sam0/systick_counter.o
LOAD src/ASF/sam0/drivers/adc/adc_sam_d_r_h/adc.o
LOAD src/ASF/sam0/drivers/extint/extint_callback.o
LOAD src/ASF/sam0/drivers/extint/extint_sam_d_r_h/extint.o
LOAD src/button.o
LOAD src/pwm_led.o
LOAD src/pwm_motor.o
LOAD src/system_logic.o
LOAD src/system_setup.o
LOAD src/system_state.o
LOAD src/ASF/common/utils/interrupt/interrupt_sam_nvic.o
LOAD src/ASF/sam0/boards/samd11_xplained_pro/board_init.o
LOAD src/ASF/sam0/drivers/port/port.o
LOAD src/ASF/sam0/drivers/sercom/i2c/i2c_sam0/i2c_master.o
LOAD src/ASF/sam0/drivers/sercom/i2c/i2c_sam0/i2c_master_interrupt.o
LOAD src/ASF/sam0/drivers/sercom/sercom.o
LOAD src/ASF/sam0/drivers/sercom/sercom_interrupt.o
LOAD src/ASF/sam0/drivers/sercom/usart/usart.o
LOAD src/ASF/sam0/drivers/sercom/usart/usart_interrupt.o
LOAD src/ASF/sam0/drivers/system/clock/clock_samd09_d10_d11/clock.o
LOAD src/ASF/sam0/drivers/system/clock/clock_samd09_d10_d11/gclk.o
LOAD src/ASF/sam0/drivers/system/interrupt/system_interrupt.o
LOAD src/ASF/sam0/drivers/system/pinmux/pinmux.o
LOAD src/ASF/sam0/drivers/system/system.o
LOAD src/ASF/sam0/drivers/tcc/tcc.o
LOAD src/ASF/sam0/drivers/tcc/tcc_callback.o
LOAD src/ASF/sam0/drivers/tc/tc_interrupt.o
LOAD src/ASF/sam0/drivers/tc/tc_sam_d_r_h/tc.o
LOAD src/ASF/sam0/utils/cmsis/samd11/source/gcc/startup_samd11.o
LOAD src/ASF/sam0/utils/cmsis/samd11/source/system_samd11.o
LOAD src/ASF/sam0/utils/stdio/read.o
LOAD src/ASF/sam0/utils/stdio/write.o
LOAD src/ASF/sam0/utils/syscalls/gcc/syscalls.o
LOAD src/led_driver.o
LOAD src/main.o
START GROUP
LOAD ../src/ASF/thirdparty/CMSIS/Lib/GCC\libarm_cortexM0l_math.a
LOAD c:/program files (x86)/atmel/studio/7.0/toolchain/arm/arm-gnu-toolchain/bin/../lib/gcc/arm-none-eabi/6.3.1/../../../../arm-none-eabi/lib/thumb/v6-m\libm.a
END GROUP
START GROUP
LOAD c:/program files (x86)/atmel/studio/7.0/toolchain/arm/arm-gnu-toolchain/bin/../lib/gcc/arm-none-eabi/6.3.1/thumb/v6-m\libgcc.a
LOAD c:/program files (x86)/atmel/studio/7.0/toolchain/arm/arm-gnu-toolchain/bin/../lib/gcc/arm-none-eabi/6.3.1/../../../../arm-none-eabi/lib/thumb/v6-m\libc_nano.a
END GROUP
START GROUP
LOAD c:/program files (x86)/atmel/studio/7.0/toolchain/arm/arm-gnu-toolchain/bin/../lib/gcc/arm-none-eabi/6.3.1/thumb/v6-m\libgcc.a
LOAD c:/program files (x86)/atmel/studio/7.0/toolchain/arm/arm-gnu-toolchain/bin/../lib/gcc/arm-none-eabi/6.3.1/../../../../arm-none-eabi/lib/thumb/v6-m\libc_nano.a
END GROUP
LOAD c:/program files (x86)/atmel/studio/7.0/toolchain/arm/arm-gnu-toolchain/bin/../lib/gcc/arm-none-eabi/6.3.1/thumb/v6-m/crtend.o
LOAD c:/program files (x86)/atmel/studio/7.0/toolchain/arm/arm-gnu-toolchain/bin/../lib/gcc/arm-none-eabi/6.3.1/thumb/v6-m/crtn.o
                0x00000400                STACK_SIZE = DEFINED (STACK_SIZE)?STACK_SIZE:DEFINED (__stack_size__)?__stack_size__:0x400

.text           0x00000000     0x28e0
                0x00000000                . = ALIGN (0x4)
                0x00000000                _sfixed = .
 *(.vectors .vectors.*)
 .vectors       0x00000000       0x8c src/ASF/sam0/utils/cmsis/samd11/source/gcc/startup_samd11.o
                0x00000000                exception_table
 *(.text .text.* .gnu.linkonce.t.*)
 .text          0x0000008c       0x60 c:/program files (x86)/atmel/studio/7.0/toolchain/arm/arm-gnu-toolchain/bin/../lib/gcc/arm-none-eabi/6.3.1/thumb/v6-m/crtbegin.o
 .text.adc_get_status.isra.1
                0x000000ec       0x1a src/adc_sample.o
 *fill*         0x00000106        0x2 
 .text.configure_adc
                0x00000108       0x44 src/adc_sample.o
                0x00000108                configure_adc
 .text.sample_adc
                0x0000014c       0x58 src/adc_sample.o
                0x0000014c                sample_adc
 .text._adc_configure_ain_pin
                0x000001a4       0x38 src/ASF/sam0/drivers/adc/adc_sam_d_r_h/adc.o
 .text.adc_get_config_defaults
                0x000001dc       0x42 src/ASF/sam0/drivers/adc/adc_sam_d_r_h/adc.o
                0x000001dc                adc_get_config_defaults
 *fill*         0x0000021e        0x2 
 .text.adc_init
                0x00000220      0x2d0 src/ASF/sam0/drivers/adc/adc_sam_d_r_h/adc.o
                0x00000220                adc_init
 .text.extint_register_callback
                0x000004f0       0x28 src/ASF/sam0/drivers/extint/extint_callback.o
                0x000004f0                extint_register_callback
 .text.extint_chan_enable_callback
                0x00000518       0x20 src/ASF/sam0/drivers/extint/extint_callback.o
                0x00000518                extint_chan_enable_callback
 .text.EIC_Handler
                0x00000538       0x40 src/ASF/sam0/drivers/extint/extint_callback.o
                0x00000538                EIC_Handler
 .text.extint_is_syncing
                0x00000578        0xc src/ASF/sam0/drivers/extint/extint_sam_d_r_h/extint.o
 .text._extint_enable
                0x00000584       0x1c src/ASF/sam0/drivers/extint/extint_sam_d_r_h/extint.o
 .text._system_extint_init
                0x000005a0       0x58 src/ASF/sam0/drivers/extint/extint_sam_d_r_h/extint.o
                0x000005a0                _system_extint_init
 .text.extint_chan_get_config_defaults
                0x000005f8       0x14 src/ASF/sam0/drivers/extint/extint_sam_d_r_h/extint.o
                0x000005f8                extint_chan_get_config_defaults
 .text.extint_chan_set_config
                0x0000060c       0x6c src/ASF/sam0/drivers/extint/extint_sam_d_r_h/extint.o
                0x0000060c                extint_chan_set_config
 .text.is_button_two_pressed
                0x00000678       0x9c src/button.o
                0x00000678                is_button_two_pressed
 .text.is_button_two_take_action
                0x00000714       0x14 src/button.o
                0x00000714                is_button_two_take_action
 .text.set_pwm_color_channel
                0x00000728       0x6c src/pwm_led.o
                0x00000728                set_pwm_color_channel
 .text.pwm_led_system_cleanup
                0x00000794       0x24 src/pwm_led.o
                0x00000794                pwm_led_system_cleanup
 .text.set_pwm_color
                0x000007b8       0x3c src/pwm_led.o
                0x000007b8                set_pwm_color
 .text.configure_pwm_tcc
                0x000007f4       0x74 src/pwm_led.o
                0x000007f4                configure_pwm_tcc
 .text.cycle_pwm_led
                0x00000868       0x38 src/pwm_led.o
                0x00000868                cycle_pwm_led
 .text.configure_pwm_generator
                0x000008a0       0x60 src/pwm_motor.o
                0x000008a0                configure_pwm_generator
 .text.motor_enable
                0x00000900       0x30 src/pwm_motor.o
                0x00000900                motor_enable
 .text.motor_disable
                0x00000930       0x50 src/pwm_motor.o
                0x00000930                motor_disable
 .text.cycle_pwm_motor
                0x00000980       0x4c src/pwm_motor.o
                0x00000980                cycle_pwm_motor
 .text.toggle_nsleep
                0x000009cc       0x30 src/pwm_motor.o
                0x000009cc                toggle_nsleep
 .text.system_inactive
                0x000009fc       0x20 src/system_logic.o
                0x000009fc                system_inactive
 .text.put_to_sleep
                0x00000a1c       0x20 src/system_logic.o
                0x00000a1c                put_to_sleep
 .text.regular_routine
                0x00000a3c       0xdc src/system_logic.o
                0x00000a3c                regular_routine
 .text.get_battery_level
                0x00000b18       0x78 src/system_logic.o
                0x00000b18                get_battery_level
 .text.system_logic
                0x00000b90       0xb8 src/system_logic.o
                0x00000b90                system_logic
 .text.sys_tc_callback
                0x00000c48       0xa8 src/system_setup.o
                0x00000c48                sys_tc_callback
 .text.extint_detection_callback
                0x00000cf0       0x1c src/system_setup.o
                0x00000cf0                extint_detection_callback
 .text.configure_port_pins
                0x00000d0c       0x6c src/system_setup.o
                0x00000d0c                configure_port_pins
 .text.configure_system_tc
                0x00000d78       0x68 src/system_setup.o
                0x00000d78                configure_system_tc
 .text.system_tc_callbacks
                0x00000de0       0x44 src/system_setup.o
                0x00000de0                system_tc_callbacks
 .text.configure_extint_channel
                0x00000e24       0x44 src/system_setup.o
                0x00000e24                configure_extint_channel
 .text.configure_extint_callbacks
                0x00000e68       0x30 src/system_setup.o
                0x00000e68                configure_extint_callbacks
 .text.configure_sleep_clock
                0x00000e98       0x10 src/system_setup.o
                0x00000e98                configure_sleep_clock
 .text.startup_default_pin_state
                0x00000ea8       0x20 src/system_setup.o
                0x00000ea8                startup_default_pin_state
 .text.startup_sys_configs
                0x00000ec8       0x48 src/system_setup.o
                0x00000ec8                startup_sys_configs
 .text.update_battery_states
                0x00000f10       0x28 src/system_state.o
                0x00000f10                update_battery_states
 .text.display_battery_state
                0x00000f38       0x40 src/system_state.o
                0x00000f38                display_battery_state
 .text.display_battery_state_before_shutdown
                0x00000f78       0x38 src/system_state.o
                0x00000f78                display_battery_state_before_shutdown
 .text.system_state
                0x00000fb0        0xc src/system_state.o
                0x00000fb0                system_state
 .text.cpu_irq_enter_critical
                0x00000fbc       0x34 src/ASF/common/utils/interrupt/interrupt_sam_nvic.o
                0x00000fbc                cpu_irq_enter_critical
 .text.cpu_irq_leave_critical
                0x00000ff0       0x30 src/ASF/common/utils/interrupt/interrupt_sam_nvic.o
                0x00000ff0                cpu_irq_leave_critical
 .text.port_pin_set_config
                0x00001020       0x1c src/ASF/sam0/drivers/port/port.o
                0x00001020                port_pin_set_config
 .text._i2c_master_wait_for_sync
                0x0000103c        0xc src/ASF/sam0/drivers/sercom/i2c/i2c_sam0/i2c_master.o
 .text.i2c_master_init
                0x00001048      0x19c src/ASF/sam0/drivers/sercom/i2c/i2c_sam0/i2c_master.o
                0x00001048                i2c_master_init
 .text._i2c_master_address_response
                0x000011e4       0x2c src/ASF/sam0/drivers/sercom/i2c/i2c_sam0/i2c_master.o
                0x000011e4                _i2c_master_address_response
 .text._i2c_master_wait_for_bus
                0x00001210       0x28 src/ASF/sam0/drivers/sercom/i2c/i2c_sam0/i2c_master.o
                0x00001210                _i2c_master_wait_for_bus
 .text._i2c_master_send_hs_master_code
                0x00001238       0x1a src/ASF/sam0/drivers/sercom/i2c/i2c_sam0/i2c_master.o
                0x00001238                _i2c_master_send_hs_master_code
 *fill*         0x00001252        0x2 
 .text._i2c_master_write_packet
                0x00001254       0xb8 src/ASF/sam0/drivers/sercom/i2c/i2c_sam0/i2c_master.o
 .text.i2c_master_write_packet_wait
                0x0000130c       0x1a src/ASF/sam0/drivers/sercom/i2c/i2c_sam0/i2c_master.o
                0x0000130c                i2c_master_write_packet_wait
 .text._i2c_master_wait_for_sync
                0x00001326        0xc src/ASF/sam0/drivers/sercom/i2c/i2c_sam0/i2c_master_interrupt.o
 .text._i2c_master_read
                0x00001332       0x6e src/ASF/sam0/drivers/sercom/i2c/i2c_sam0/i2c_master_interrupt.o
 .text._i2c_master_write
                0x000013a0       0x36 src/ASF/sam0/drivers/sercom/i2c/i2c_sam0/i2c_master_interrupt.o
 *fill*         0x000013d6        0x2 
 .text._i2c_master_interrupt_handler
                0x000013d8      0x180 src/ASF/sam0/drivers/sercom/i2c/i2c_sam0/i2c_master_interrupt.o
                0x000013d8                _i2c_master_interrupt_handler
 .text.sercom_set_gclk_generator
                0x00001558       0x3c src/ASF/sam0/drivers/sercom/sercom.o
                0x00001558                sercom_set_gclk_generator
 .text._sercom_get_default_pad
                0x00001594       0xb4 src/ASF/sam0/drivers/sercom/sercom.o
                0x00001594                _sercom_get_default_pad
 .text._sercom_get_sercom_inst_index
                0x00001648       0x38 src/ASF/sam0/drivers/sercom/sercom.o
                0x00001648                _sercom_get_sercom_inst_index
 .text._sercom_default_handler
                0x00001680        0x2 src/ASF/sam0/drivers/sercom/sercom_interrupt.o
 *fill*         0x00001682        0x2 
 .text._sercom_set_handler
                0x00001684       0x38 src/ASF/sam0/drivers/sercom/sercom_interrupt.o
                0x00001684                _sercom_set_handler
 .text._sercom_get_interrupt_vector
                0x000016bc       0x18 src/ASF/sam0/drivers/sercom/sercom_interrupt.o
                0x000016bc                _sercom_get_interrupt_vector
 .text.SERCOM0_Handler
                0x000016d4       0x10 src/ASF/sam0/drivers/sercom/sercom_interrupt.o
                0x000016d4                SERCOM0_Handler
 .text.SERCOM1_Handler
                0x000016e4       0x10 src/ASF/sam0/drivers/sercom/sercom_interrupt.o
                0x000016e4                SERCOM1_Handler
 .text.SERCOM2_Handler
                0x000016f4       0x10 src/ASF/sam0/drivers/sercom/sercom_interrupt.o
                0x000016f4                SERCOM2_Handler
 .text._system_dfll_wait_for_sync
                0x00001704       0x10 src/ASF/sam0/drivers/system/clock/clock_samd09_d10_d11/clock.o
 .text.system_clock_source_get_hz
                0x00001714       0x88 src/ASF/sam0/drivers/system/clock/clock_samd09_d10_d11/clock.o
                0x00001714                system_clock_source_get_hz
 .text.system_clock_source_osc8m_set_config
                0x0000179c       0x3c src/ASF/sam0/drivers/system/clock/clock_samd09_d10_d11/clock.o
                0x0000179c                system_clock_source_osc8m_set_config
 .text.system_clock_source_enable
                0x000017d8       0x8c src/ASF/sam0/drivers/system/clock/clock_samd09_d10_d11/clock.o
                0x000017d8                system_clock_source_enable
 .text.system_clock_init
                0x00001864       0x94 src/ASF/sam0/drivers/system/clock/clock_samd09_d10_d11/clock.o
                0x00001864                system_clock_init
 .text.system_gclk_is_syncing
                0x000018f8        0xc src/ASF/sam0/drivers/system/clock/clock_samd09_d10_d11/gclk.o
 .text.system_gclk_init
                0x00001904       0x20 src/ASF/sam0/drivers/system/clock/clock_samd09_d10_d11/gclk.o
                0x00001904                system_gclk_init
 .text.system_gclk_gen_set_config
                0x00001924       0x9c src/ASF/sam0/drivers/system/clock/clock_samd09_d10_d11/gclk.o
                0x00001924                system_gclk_gen_set_config
 .text.system_gclk_gen_enable
                0x000019c0       0x38 src/ASF/sam0/drivers/system/clock/clock_samd09_d10_d11/gclk.o
                0x000019c0                system_gclk_gen_enable
 .text.system_gclk_gen_get_hz
                0x000019f8       0x70 src/ASF/sam0/drivers/system/clock/clock_samd09_d10_d11/gclk.o
                0x000019f8                system_gclk_gen_get_hz
 .text.system_gclk_chan_enable
                0x00001a68       0x28 src/ASF/sam0/drivers/system/clock/clock_samd09_d10_d11/gclk.o
                0x00001a68                system_gclk_chan_enable
 .text.system_gclk_chan_disable
                0x00001a90       0x50 src/ASF/sam0/drivers/system/clock/clock_samd09_d10_d11/gclk.o
                0x00001a90                system_gclk_chan_disable
 .text.system_gclk_chan_set_config
                0x00001ae0       0x18 src/ASF/sam0/drivers/system/clock/clock_samd09_d10_d11/gclk.o
                0x00001ae0                system_gclk_chan_set_config
 .text.system_gclk_chan_get_hz
                0x00001af8       0x28 src/ASF/sam0/drivers/system/clock/clock_samd09_d10_d11/gclk.o
                0x00001af8                system_gclk_chan_get_hz
 .text._system_pinmux_config
                0x00001b20       0x84 src/ASF/sam0/drivers/system/pinmux/pinmux.o
 .text.system_pinmux_pin_set_config
                0x00001ba4       0x28 src/ASF/sam0/drivers/system/pinmux/pinmux.o
                0x00001ba4                system_pinmux_pin_set_config
 .text._system_dummy_init
                0x00001bcc        0x2 src/ASF/sam0/drivers/system/system.o
                0x00001bcc                _system_events_init
                0x00001bcc                _system_dummy_init
                0x00001bcc                _system_divas_init
 .text.system_init
                0x00001bce       0x14 src/ASF/sam0/drivers/system/system.o
                0x00001bce                system_init
 .text._tcc_get_inst_index
                0x00001be2        0x4 src/ASF/sam0/drivers/tcc/tcc.o
                0x00001be2                _tcc_get_inst_index
 *fill*         0x00001be6        0x2 
 .text._tcc_set_compare_value.isra.5
                0x00001be8       0x50 src/ASF/sam0/drivers/tcc/tcc.o
 .text.tcc_get_config_defaults
                0x00001c38       0xe4 src/ASF/sam0/drivers/tcc/tcc.o
                0x00001c38                tcc_get_config_defaults
 .text.tcc_init
                0x00001d1c      0x2b8 src/ASF/sam0/drivers/tcc/tcc.o
                0x00001d1c                tcc_init
 .text.tcc_set_compare_value
                0x00001fd4       0x10 src/ASF/sam0/drivers/tcc/tcc.o
                0x00001fd4                tcc_set_compare_value
 .text._tcc_interrupt_handler
                0x00001fe4       0x3c src/ASF/sam0/drivers/tcc/tcc_callback.o
                0x00001fe4                _tcc_interrupt_handler
 .text.TCC0_Handler
                0x00002020        0xa src/ASF/sam0/drivers/tcc/tcc_callback.o
                0x00002020                TCC0_Handler
 .text.tc_register_callback
                0x0000202a       0x26 src/ASF/sam0/drivers/tc/tc_interrupt.o
                0x0000202a                tc_register_callback
 .text._tc_interrupt_handler
                0x00002050       0x5c src/ASF/sam0/drivers/tc/tc_interrupt.o
                0x00002050                _tc_interrupt_handler
 .text.TC1_Handler
                0x000020ac        0xa src/ASF/sam0/drivers/tc/tc_interrupt.o
                0x000020ac                TC1_Handler
 .text.TC2_Handler
                0x000020b6        0xa src/ASF/sam0/drivers/tc/tc_interrupt.o
                0x000020b6                TC2_Handler
 .text._tc_get_inst_index
                0x000020c0       0x24 src/ASF/sam0/drivers/tc/tc_sam_d_r_h/tc.o
                0x000020c0                _tc_get_inst_index
 .text.tc_init  0x000020e4      0x228 src/ASF/sam0/drivers/tc/tc_sam_d_r_h/tc.o
                0x000020e4                tc_init
 .text.tc_set_compare_value
                0x0000230c       0x4a src/ASF/sam0/drivers/tc/tc_sam_d_r_h/tc.o
                0x0000230c                tc_set_compare_value
 .text.Dummy_Handler
                0x00002356        0x2 src/ASF/sam0/utils/cmsis/samd11/source/gcc/startup_samd11.o
                0x00002356                DMAC_Handler
                0x00002356                HardFault_Handler
                0x00002356                AC_Handler
                0x00002356                SysTick_Handler
                0x00002356                PendSV_Handler
                0x00002356                NMI_Handler
                0x00002356                ADC_Handler
                0x00002356                RTC_Handler
                0x00002356                WDT_Handler
                0x00002356                USB_Handler
                0x00002356                Dummy_Handler
                0x00002356                PM_Handler
                0x00002356                SVC_Handler
                0x00002356                EVSYS_Handler
                0x00002356                NVMCTRL_Handler
                0x00002356                DAC_Handler
                0x00002356                PTC_Handler
                0x00002356                SYSCTRL_Handler
 .text.Reset_Handler
                0x00002358       0xb4 src/ASF/sam0/utils/cmsis/samd11/source/gcc/startup_samd11.o
                0x00002358                Reset_Handler
 .text.set_color_green_indication
                0x0000240c       0x34 src/led_driver.o
                0x0000240c                set_color_green_indication
 .text.set_color_red_indication
                0x00002440       0x38 src/led_driver.o
                0x00002440                set_color_red_indication
 .text.reset_chip
                0x00002478       0x30 src/led_driver.o
                0x00002478                reset_chip
 .text.set_battery_charge_routine
                0x000024a8       0x94 src/led_driver.o
                0x000024a8                set_battery_charge_routine
 .text.set_battery_low_routine
                0x0000253c       0x94 src/led_driver.o
                0x0000253c                set_battery_low_routine
 .text.i2c_master_setup
                0x000025d0       0xa0 src/led_driver.o
                0x000025d0                i2c_master_setup
 .text.startup.main
                0x00002670       0x10 src/main.o
                0x00002670                main
 .text          0x00002680       0x14 c:/program files (x86)/atmel/studio/7.0/toolchain/arm/arm-gnu-toolchain/bin/../lib/gcc/arm-none-eabi/6.3.1/thumb/v6-m\libgcc.a(_thumb1_case_uqi.o)
                0x00002680                __gnu_thumb1_case_uqi
 .text          0x00002694      0x114 c:/program files (x86)/atmel/studio/7.0/toolchain/arm/arm-gnu-toolchain/bin/../lib/gcc/arm-none-eabi/6.3.1/thumb/v6-m\libgcc.a(_udivsi3.o)
                0x00002694                __aeabi_uidiv
                0x00002694                __udivsi3
                0x000027a0                __aeabi_uidivmod
 .text          0x000027a8        0x4 c:/program files (x86)/atmel/studio/7.0/toolchain/arm/arm-gnu-toolchain/bin/../lib/gcc/arm-none-eabi/6.3.1/thumb/v6-m\libgcc.a(_dvmd_tls.o)
                0x000027a8                __aeabi_idiv0
                0x000027a8                __aeabi_ldiv0
 .text.__libc_init_array
                0x000027ac       0x48 c:/program files (x86)/atmel/studio/7.0/toolchain/arm/arm-gnu-toolchain/bin/../lib/gcc/arm-none-eabi/6.3.1/../../../../arm-none-eabi/lib/thumb/v6-m\libc_nano.a(lib_a-init.o)
                0x000027ac                __libc_init_array
 .text.memcpy   0x000027f4       0x12 c:/program files (x86)/atmel/studio/7.0/toolchain/arm/arm-gnu-toolchain/bin/../lib/gcc/arm-none-eabi/6.3.1/../../../../arm-none-eabi/lib/thumb/v6-m\libc_nano.a(lib_a-memcpy-stub.o)
                0x000027f4                memcpy
 *(.glue_7t)
 .glue_7t       0x00002806        0x0 linker stubs
 *(.glue_7)
 .glue_7        0x00002806        0x0 linker stubs
 *(.rodata .rodata* .gnu.linkonce.r.*)
 *fill*         0x00002806        0x2 
 .rodata        0x00002808       0x50 src/ASF/sam0/drivers/adc/adc_sam_d_r_h/adc.o
 .rodata.tc_interrupt_vectors.12581
                0x00002858        0x2 src/system_setup.o
 *fill*         0x0000285a        0x2 
 .rodata        0x0000285c        0xc src/ASF/sam0/drivers/sercom/sercom.o
 .rodata._tcc_intflag
                0x00002868       0x30 src/ASF/sam0/drivers/tcc/tcc_callback.o
                0x00002868                _tcc_intflag
 .rodata        0x00002898       0x26 src/led_driver.o
 *(.ARM.extab* .gnu.linkonce.armextab.*)
                0x000028c0                . = ALIGN (0x4)
 *fill*         0x000028be        0x2 
 *(.init)
 .init          0x000028c0        0x4 c:/program files (x86)/atmel/studio/7.0/toolchain/arm/arm-gnu-toolchain/bin/../lib/gcc/arm-none-eabi/6.3.1/thumb/v6-m/crti.o
                0x000028c0                _init
 .init          0x000028c4        0x8 c:/program files (x86)/atmel/studio/7.0/toolchain/arm/arm-gnu-toolchain/bin/../lib/gcc/arm-none-eabi/6.3.1/thumb/v6-m/crtn.o
                0x000028cc                . = ALIGN (0x4)
                0x000028cc                __preinit_array_start = .
 *(.preinit_array)
                0x000028cc                __preinit_array_end = .
                0x000028cc                . = ALIGN (0x4)
                0x000028cc                __init_array_start = .
 *(SORT(.init_array.*))
 *(.init_array)
 .init_array    0x000028cc        0x4 c:/program files (x86)/atmel/studio/7.0/toolchain/arm/arm-gnu-toolchain/bin/../lib/gcc/arm-none-eabi/6.3.1/thumb/v6-m/crtbegin.o
                0x000028d0                __init_array_end = .
                0x000028d0                . = ALIGN (0x4)
 *crtbegin.o(.ctors)
 *(EXCLUDE_FILE(*crtend.o) .ctors)
 *(SORT(.ctors.*))
 *crtend.o(.ctors)
                0x000028d0                . = ALIGN (0x4)
 *(.fini)
 .fini          0x000028d0        0x4 c:/program files (x86)/atmel/studio/7.0/toolchain/arm/arm-gnu-toolchain/bin/../lib/gcc/arm-none-eabi/6.3.1/thumb/v6-m/crti.o
                0x000028d0                _fini
 .fini          0x000028d4        0x8 c:/program files (x86)/atmel/studio/7.0/toolchain/arm/arm-gnu-toolchain/bin/../lib/gcc/arm-none-eabi/6.3.1/thumb/v6-m/crtn.o
                0x000028dc                . = ALIGN (0x4)
                0x000028dc                __fini_array_start = .
 *(.fini_array)
 .fini_array    0x000028dc        0x4 c:/program files (x86)/atmel/studio/7.0/toolchain/arm/arm-gnu-toolchain/bin/../lib/gcc/arm-none-eabi/6.3.1/thumb/v6-m/crtbegin.o
 *(SORT(.fini_array.*))
                0x000028e0                __fini_array_end = .
 *crtbegin.o(.dtors)
 *(EXCLUDE_FILE(*crtend.o) .dtors)
 *(SORT(.dtors.*))
 *crtend.o(.dtors)
                0x000028e0                . = ALIGN (0x4)
                0x000028e0                _efixed = .
                [!provide]                PROVIDE (__exidx_start, .)

.vfp11_veneer   0x000028e0        0x0
 .vfp11_veneer  0x000028e0        0x0 linker stubs

.v4_bx          0x000028e0        0x0
 .v4_bx         0x000028e0        0x0 linker stubs

.iplt           0x000028e0        0x0
 .iplt          0x000028e0        0x0 c:/program files (x86)/atmel/studio/7.0/toolchain/arm/arm-gnu-toolchain/bin/../lib/gcc/arm-none-eabi/6.3.1/thumb/v6-m/crtbegin.o

.eh_frame       0x000028e0        0x0
 .eh_frame      0x000028e0        0x0 c:/program files (x86)/atmel/studio/7.0/toolchain/arm/arm-gnu-toolchain/bin/../lib/gcc/arm-none-eabi/6.3.1/thumb/v6-m/crtbegin.o

.rel.dyn        0x000028e0        0x0
 .rel.iplt      0x000028e0        0x0 c:/program files (x86)/atmel/studio/7.0/toolchain/arm/arm-gnu-toolchain/bin/../lib/gcc/arm-none-eabi/6.3.1/thumb/v6-m/crtbegin.o

.jcr            0x000028e0        0x0
 .jcr           0x000028e0        0x0 c:/program files (x86)/atmel/studio/7.0/toolchain/arm/arm-gnu-toolchain/bin/../lib/gcc/arm-none-eabi/6.3.1/thumb/v6-m/crtbegin.o

.igot.plt       0x000028e0        0x0
 .igot.plt      0x000028e0        0x0 c:/program files (x86)/atmel/studio/7.0/toolchain/arm/arm-gnu-toolchain/bin/../lib/gcc/arm-none-eabi/6.3.1/thumb/v6-m/crtbegin.o

.ARM.exidx
 *(.ARM.exidx* .gnu.linkonce.armexidx.*)
                [!provide]                PROVIDE (__exidx_end, .)
                0x000028e0                . = ALIGN (0x4)
                0x000028e0                _etext = .

.relocate       0x20000000       0x20 load address 0x000028e0
                0x20000000                . = ALIGN (0x4)
                0x20000000                _srelocate = .
 *(.ramfunc .ramfunc.*)
 *(.data .data.*)
 .data.long_press_B2_delay_count
                0x20000000        0x4 src/button.o
                0x20000000                long_press_B2_delay_count
 .data.press_B2_delay_count
                0x20000004        0x4 src/button.o
                0x20000004                press_B2_delay_count
 .data.motor_toggle_count
                0x20000008        0x1 src/pwm_motor.o
                0x20000008                motor_toggle_count
 *fill*         0x20000009        0x3 
 .data.SleepTickCount
                0x2000000c        0x4 src/system_setup.o
                0x2000000c                SleepTickCount
 .data.g_interrupt_enabled
                0x20000010        0x1 src/ASF/common/utils/interrupt/interrupt_sam_nvic.o
                0x20000010                g_interrupt_enabled
 *fill*         0x20000011        0x3 
 .data.packet   0x20000014        0xc src/led_driver.o
                0x20000014                packet
                0x20000020                . = ALIGN (0x4)
                0x20000020                _erelocate = .

.bss            0x20000020      0x23c load address 0x00002900
                0x20000020                . = ALIGN (0x4)
                0x20000020                _sbss = .
                0x20000020                _szero = .
 *(.bss .bss.*)
 .bss           0x20000020       0x1c c:/program files (x86)/atmel/studio/7.0/toolchain/arm/arm-gnu-toolchain/bin/../lib/gcc/arm-none-eabi/6.3.1/thumb/v6-m/crtbegin.o
 .bss.BUTTON_TWO_PRESS_STATUS
                0x2000003c        0x1 src/button.o
                0x2000003c                BUTTON_TWO_PRESS_STATUS
 .bss.BUTTON_TWO_READY_TAKE_ACTION
                0x2000003d        0x1 src/button.o
                0x2000003d                BUTTON_TWO_READY_TAKE_ACTION
 .bss.BUTTON_TWO_RELEASE_STATUS
                0x2000003e        0x1 src/button.o
                0x2000003e                BUTTON_TWO_RELEASE_STATUS
 .bss.BUTTON_TWO_TAKE_ACTION
                0x2000003f        0x1 src/button.o
                0x2000003f                BUTTON_TWO_TAKE_ACTION
 .bss.LongPressB2Flag
                0x20000040        0x1 src/button.o
                0x20000040                LongPressB2Flag
 .bss.pwm_led_toggle_count
                0x20000041        0x1 src/pwm_led.o
                0x20000041                pwm_led_toggle_count
 .bss.PULSATING_MOTOR.13641
                0x20000042        0x1 src/pwm_motor.o
 .bss.motor_running
                0x20000043        0x1 src/pwm_motor.o
                0x20000043                motor_running
 .bss.pulsating_motor_routine
                0x20000044        0x1 src/pwm_motor.o
                0x20000044                pulsating_motor_routine
 .bss.BATTERY_LOW
                0x20000045        0x1 src/system_logic.o
                0x20000045                BATTERY_LOW
 .bss.BATTERY_LOWEST
                0x20000046        0x1 src/system_logic.o
                0x20000046                BATTERY_LOWEST
 .bss.SYS_READY_TO_SLEEP
                0x20000047        0x1 src/system_logic.o
                0x20000047                SYS_READY_TO_SLEEP
 .bss.SYS_SLEEP
                0x20000048        0x1 src/system_logic.o
 *fill*         0x20000049        0x3 
 .bss.SleepTickCount
                0x2000004c        0x4 src/system_logic.o
 .bss.led_button_status_changed.13657
                0x20000050        0x1 src/system_logic.o
 .bss.motor_status_changed.13656
                0x20000051        0x1 src/system_logic.o
 .bss.SYS_TICK_100MS
                0x20000052        0x1 src/system_setup.o
                0x20000052                SYS_TICK_100MS
 .bss.SYS_TICK_10MS
                0x20000053        0x1 src/system_setup.o
                0x20000053                SYS_TICK_10MS
 .bss.SYS_TICK_200MS
                0x20000054        0x1 src/system_setup.o
                0x20000054                SYS_TICK_200MS
 .bss.SYS_TICK_20MS
                0x20000055        0x1 src/system_setup.o
                0x20000055                SYS_TICK_20MS
 .bss.SYS_TICK_50MS
                0x20000056        0x1 src/system_setup.o
                0x20000056                SYS_TICK_50MS
 *fill*         0x20000057        0x1 
 .bss.tick_count_100ms.13649
                0x20000058        0x4 src/system_setup.o
 .bss.tick_count_10ms.13646
                0x2000005c        0x4 src/system_setup.o
 .bss.tick_count_1ms.13645
                0x20000060        0x4 src/system_setup.o
 .bss.tick_count_200ms.13650
                0x20000064        0x4 src/system_setup.o
 .bss.tick_count_20ms.13647
                0x20000068        0x4 src/system_setup.o
 .bss.tick_count_50ms.13648
                0x2000006c        0x4 src/system_setup.o
 .bss.reset_led_after_disconnect
                0x20000070        0x1 src/system_state.o
 *fill*         0x20000071        0x3 
 .bss.cpu_irq_critical_section_counter
                0x20000074        0x4 src/ASF/common/utils/interrupt/interrupt_sam_nvic.o
 .bss.cpu_irq_prev_interrupt_state
                0x20000078        0x1 src/ASF/common/utils/interrupt/interrupt_sam_nvic.o
 .bss._sercom_config
                0x20000079        0x2 src/ASF/sam0/drivers/sercom/sercom.o
 .bss._handler_table_initialized
                0x2000007b        0x1 src/ASF/sam0/drivers/sercom/sercom_interrupt.o
 .bss._sercom_interrupt_handlers
                0x2000007c        0xc src/ASF/sam0/drivers/sercom/sercom_interrupt.o
 .bss._system_clock_inst
                0x20000088       0x18 src/ASF/sam0/drivers/system/clock/clock_samd09_d10_d11/clock.o
 *(COMMON)
 COMMON         0x200000a0        0xc src/adc_sample.o
                0x200000a0                adc_result
                0x200000a4                adc_instance
 COMMON         0x200000ac        0x1 src/ASF/sam0/drivers/extint/extint_callback.o
                0x200000ac                _current_channel
 *fill*         0x200000ad        0x3 
 COMMON         0x200000b0       0x40 src/ASF/sam0/drivers/extint/extint_sam_d_r_h/extint.o
                0x200000b0                _extint_dev
 COMMON         0x200000f0      0x11c src/button.o
                0x200000f0                tcc_instance
                0x20000130                system_timer_instance
                0x2000014c                config_tcc
                0x200001f0                pwm_generator_instance
 COMMON         0x2000020c        0x9 src/pwm_led.o
                0x2000020c                is_cycle_led
                0x20000210                flash_led_counter
                0x20000214                pwm_led_toggle_flag
 COMMON         0x20000215        0x4 src/system_logic.o
                0x20000215                Chargn_Off_State
                0x20000216                Vbus_State
                0x20000217                Chargn_On_State
                0x20000218                Charged_State
 COMMON         0x20000219        0x1 src/system_state.o
                0x20000219                BATTERY_CHARGED
 *fill*         0x2000021a        0x2 
 COMMON         0x2000021c        0xc src/ASF/sam0/drivers/sercom/sercom_interrupt.o
                0x2000021c                _sercom_instances
 COMMON         0x20000228        0x4 src/ASF/sam0/drivers/tcc/tcc_callback.o
                0x20000228                _tcc_instances
 COMMON         0x2000022c        0x8 src/ASF/sam0/drivers/tc/tc_interrupt.o
                0x2000022c                _tc_instances
 COMMON         0x20000234       0x28 src/led_driver.o
                0x20000234                i2c_master_instance
                0x2000025c                . = ALIGN (0x4)
                0x2000025c                _ebss = .
                0x2000025c                _ezero = .

.stack          0x2000025c      0x404 load address 0x00002b3c
                0x20000260                . = ALIGN (0x8)
 *fill*         0x2000025c        0x4 
                0x20000260                _sstack = .
                0x20000660                . = (. + STACK_SIZE)
 *fill*         0x20000260      0x400 
                0x20000660                . = ALIGN (0x8)
                0x20000660                _estack = .
                0x20000660                . = ALIGN (0x4)
                0x20000660                _end = .
OUTPUT(micro_needle.elf elf32-littlearm)

.ARM.attributes
                0x00000000       0x2a
 .ARM.attributes
                0x00000000       0x1e c:/program files (x86)/atmel/studio/7.0/toolchain/arm/arm-gnu-toolchain/bin/../lib/gcc/arm-none-eabi/6.3.1/thumb/v6-m/crti.o
 .ARM.attributes
                0x0000001e       0x2c c:/program files (x86)/atmel/studio/7.0/toolchain/arm/arm-gnu-toolchain/bin/../lib/gcc/arm-none-eabi/6.3.1/thumb/v6-m/crtbegin.o
 .ARM.attributes
                0x0000004a       0x2e src/adc_sample.o
 .ARM.attributes
                0x00000078       0x2e src/ASF/sam0/drivers/adc/adc_sam_d_r_h/adc.o
 .ARM.attributes
                0x000000a6       0x2e src/ASF/sam0/drivers/extint/extint_callback.o
 .ARM.attributes
                0x000000d4       0x2e src/ASF/sam0/drivers/extint/extint_sam_d_r_h/extint.o
 .ARM.attributes
                0x00000102       0x2e src/button.o
 .ARM.attributes
                0x00000130       0x2e src/pwm_led.o
 .ARM.attributes
                0x0000015e       0x2e src/pwm_motor.o
 .ARM.attributes
                0x0000018c       0x2e src/system_logic.o
 .ARM.attributes
                0x000001ba       0x2e src/system_setup.o
 .ARM.attributes
                0x000001e8       0x2e src/system_state.o
 .ARM.attributes
                0x00000216       0x2e src/ASF/common/utils/interrupt/interrupt_sam_nvic.o
 .ARM.attributes
                0x00000244       0x2e src/ASF/sam0/drivers/port/port.o
 .ARM.attributes
                0x00000272       0x2e src/ASF/sam0/drivers/sercom/i2c/i2c_sam0/i2c_master.o
 .ARM.attributes
                0x000002a0       0x2e src/ASF/sam0/drivers/sercom/i2c/i2c_sam0/i2c_master_interrupt.o
 .ARM.attributes
                0x000002ce       0x2e src/ASF/sam0/drivers/sercom/sercom.o
 .ARM.attributes
                0x000002fc       0x2e src/ASF/sam0/drivers/sercom/sercom_interrupt.o
 .ARM.attributes
                0x0000032a       0x2e src/ASF/sam0/drivers/system/clock/clock_samd09_d10_d11/clock.o
 .ARM.attributes
                0x00000358       0x2e src/ASF/sam0/drivers/system/clock/clock_samd09_d10_d11/gclk.o
 .ARM.attributes
                0x00000386       0x2e src/ASF/sam0/drivers/system/pinmux/pinmux.o
 .ARM.attributes
                0x000003b4       0x2e src/ASF/sam0/drivers/system/system.o
 .ARM.attributes
                0x000003e2       0x2e src/ASF/sam0/drivers/tcc/tcc.o
 .ARM.attributes
                0x00000410       0x2e src/ASF/sam0/drivers/tcc/tcc_callback.o
 .ARM.attributes
                0x0000043e       0x2e src/ASF/sam0/drivers/tc/tc_interrupt.o
 .ARM.attributes
                0x0000046c       0x2e src/ASF/sam0/drivers/tc/tc_sam_d_r_h/tc.o
 .ARM.attributes
                0x0000049a       0x2e src/ASF/sam0/utils/cmsis/samd11/source/gcc/startup_samd11.o
 .ARM.attributes
                0x000004c8       0x2e src/led_driver.o
 .ARM.attributes
                0x000004f6       0x2e src/main.o
 .ARM.attributes
                0x00000524       0x1e c:/program files (x86)/atmel/studio/7.0/toolchain/arm/arm-gnu-toolchain/bin/../lib/gcc/arm-none-eabi/6.3.1/thumb/v6-m\libgcc.a(_thumb1_case_uqi.o)
 .ARM.attributes
                0x00000542       0x1e c:/program files (x86)/atmel/studio/7.0/toolchain/arm/arm-gnu-toolchain/bin/../lib/gcc/arm-none-eabi/6.3.1/thumb/v6-m\libgcc.a(_udivsi3.o)
 .ARM.attributes
                0x00000560       0x1e c:/program files (x86)/atmel/studio/7.0/toolchain/arm/arm-gnu-toolchain/bin/../lib/gcc/arm-none-eabi/6.3.1/thumb/v6-m\libgcc.a(_dvmd_tls.o)
 .ARM.attributes
                0x0000057e       0x2c c:/program files (x86)/atmel/studio/7.0/toolchain/arm/arm-gnu-toolchain/bin/../lib/gcc/arm-none-eabi/6.3.1/../../../../arm-none-eabi/lib/thumb/v6-m\libc_nano.a(lib_a-init.o)
 .ARM.attributes
                0x000005aa       0x2c c:/program files (x86)/atmel/studio/7.0/toolchain/arm/arm-gnu-toolchain/bin/../lib/gcc/arm-none-eabi/6.3.1/../../../../arm-none-eabi/lib/thumb/v6-m\libc_nano.a(lib_a-memcpy-stub.o)
 .ARM.attributes
                0x000005d6       0x1e c:/program files (x86)/atmel/studio/7.0/toolchain/arm/arm-gnu-toolchain/bin/../lib/gcc/arm-none-eabi/6.3.1/thumb/v6-m/crtn.o

.comment        0x00000000       0x59
 .comment       0x00000000       0x59 src/adc_sample.o
                                 0x5a (size before relaxing)
 .comment       0x00000059       0x5a src/ASF/sam0/drivers/adc/adc_sam_d_r_h/adc.o
 .comment       0x00000059       0x5a src/ASF/sam0/drivers/extint/extint_callback.o
 .comment       0x00000059       0x5a src/ASF/sam0/drivers/extint/extint_sam_d_r_h/extint.o
 .comment       0x00000059       0x5a src/button.o
 .comment       0x00000059       0x5a src/pwm_led.o
 .comment       0x00000059       0x5a src/pwm_motor.o
 .comment       0x00000059       0x5a src/system_logic.o
 .comment       0x00000059       0x5a src/system_setup.o
 .comment       0x00000059       0x5a src/system_state.o
 .comment       0x00000059       0x5a src/ASF/common/utils/interrupt/interrupt_sam_nvic.o
 .comment       0x00000059       0x5a src/ASF/sam0/drivers/port/port.o
 .comment       0x00000059       0x5a src/ASF/sam0/drivers/sercom/i2c/i2c_sam0/i2c_master.o
 .comment       0x00000059       0x5a src/ASF/sam0/drivers/sercom/i2c/i2c_sam0/i2c_master_interrupt.o
 .comment       0x00000059       0x5a src/ASF/sam0/drivers/sercom/sercom.o
 .comment       0x00000059       0x5a src/ASF/sam0/drivers/sercom/sercom_interrupt.o
 .comment       0x00000059       0x5a src/ASF/sam0/drivers/system/clock/clock_samd09_d10_d11/clock.o
 .comment       0x00000059       0x5a src/ASF/sam0/drivers/system/clock/clock_samd09_d10_d11/gclk.o
 .comment       0x00000059       0x5a src/ASF/sam0/drivers/system/pinmux/pinmux.o
 .comment       0x00000059       0x5a src/ASF/sam0/drivers/system/system.o
 .comment       0x00000059       0x5a src/ASF/sam0/drivers/tcc/tcc.o
 .comment       0x00000059       0x5a src/ASF/sam0/drivers/tcc/tcc_callback.o
 .comment       0x00000059       0x5a src/ASF/sam0/drivers/tc/tc_interrupt.o
 .comment       0x00000059       0x5a src/ASF/sam0/drivers/tc/tc_sam_d_r_h/tc.o
 .comment       0x00000059       0x5a src/ASF/sam0/utils/cmsis/samd11/source/gcc/startup_samd11.o
 .comment       0x00000059       0x5a src/led_driver.o
 .comment       0x00000059       0x5a src/main.o

.debug_info     0x00000000    0x57b8d
 .debug_info    0x00000000     0x21d9 src/adc_sample.o
 .debug_info    0x000021d9     0x39e9 src/ASF/sam0/drivers/adc/adc_sam_d_r_h/adc.o
 .debug_info    0x00005bc2     0x167b src/ASF/sam0/drivers/extint/extint_callback.o
 .debug_info    0x0000723d     0x2707 src/ASF/sam0/drivers/extint/extint_sam_d_r_h/extint.o
 .debug_info    0x00009944     0x53d5 src/button.o
 .debug_info    0x0000ed19     0x3669 src/pwm_led.o
 .debug_info    0x00012382     0x5948 src/pwm_motor.o
 .debug_info    0x00017cca     0x59bf src/system_logic.o
 .debug_info    0x0001d689     0x6d09 src/system_setup.o
 .debug_info    0x00024392     0x5433 src/system_state.o
 .debug_info    0x000297c5      0xb05 src/ASF/common/utils/interrupt/interrupt_sam_nvic.o
 .debug_info    0x0002a2ca     0x12b6 src/ASF/sam0/drivers/port/port.o
 .debug_info    0x0002b580     0x4fdc src/ASF/sam0/drivers/sercom/i2c/i2c_sam0/i2c_master.o
 .debug_info    0x0003055c     0x311f src/ASF/sam0/drivers/sercom/i2c/i2c_sam0/i2c_master_interrupt.o
 .debug_info    0x0003367b     0x2d75 src/ASF/sam0/drivers/sercom/sercom.o
 .debug_info    0x000363f0     0x2b09 src/ASF/sam0/drivers/sercom/sercom_interrupt.o
 .debug_info    0x00038ef9     0x36b1 src/ASF/sam0/drivers/system/clock/clock_samd09_d10_d11/clock.o
 .debug_info    0x0003c5aa     0x1e43 src/ASF/sam0/drivers/system/clock/clock_samd09_d10_d11/gclk.o
 .debug_info    0x0003e3ed     0x13e8 src/ASF/sam0/drivers/system/pinmux/pinmux.o
 .debug_info    0x0003f7d5      0xa6e src/ASF/sam0/drivers/system/system.o
 .debug_info    0x00040243     0x4c1f src/ASF/sam0/drivers/tcc/tcc.o
 .debug_info    0x00044e62     0x3037 src/ASF/sam0/drivers/tcc/tcc_callback.o
 .debug_info    0x00047e99     0x1afc src/ASF/sam0/drivers/tc/tc_interrupt.o
 .debug_info    0x00049995     0x2ed0 src/ASF/sam0/drivers/tc/tc_sam_d_r_h/tc.o
 .debug_info    0x0004c865     0x2bd9 src/ASF/sam0/utils/cmsis/samd11/source/gcc/startup_samd11.o
 .debug_info    0x0004f43e     0x3b44 src/led_driver.o
 .debug_info    0x00052f82     0x4c0b src/main.o

.debug_abbrev   0x00000000     0x60c8
 .debug_abbrev  0x00000000      0x36c src/adc_sample.o
 .debug_abbrev  0x0000036c      0x49d src/ASF/sam0/drivers/adc/adc_sam_d_r_h/adc.o
 .debug_abbrev  0x00000809      0x340 src/ASF/sam0/drivers/extint/extint_callback.o
 .debug_abbrev  0x00000b49      0x4e4 src/ASF/sam0/drivers/extint/extint_sam_d_r_h/extint.o
 .debug_abbrev  0x0000102d      0x326 src/button.o
 .debug_abbrev  0x00001353      0x34f src/pwm_led.o
 .debug_abbrev  0x000016a2      0x3b6 src/pwm_motor.o
 .debug_abbrev  0x00001a58      0x399 src/system_logic.o
 .debug_abbrev  0x00001df1      0x4ca src/system_setup.o
 .debug_abbrev  0x000022bb      0x357 src/system_state.o
 .debug_abbrev  0x00002612      0x23b src/ASF/common/utils/interrupt/interrupt_sam_nvic.o
 .debug_abbrev  0x0000284d      0x298 src/ASF/sam0/drivers/port/port.o
 .debug_abbrev  0x00002ae5      0x4fa src/ASF/sam0/drivers/sercom/i2c/i2c_sam0/i2c_master.o
 .debug_abbrev  0x00002fdf      0x41e src/ASF/sam0/drivers/sercom/i2c/i2c_sam0/i2c_master_interrupt.o
 .debug_abbrev  0x000033fd      0x36c src/ASF/sam0/drivers/sercom/sercom.o
 .debug_abbrev  0x00003769      0x2d8 src/ASF/sam0/drivers/sercom/sercom_interrupt.o
 .debug_abbrev  0x00003a41      0x48f src/ASF/sam0/drivers/system/clock/clock_samd09_d10_d11/clock.o
 .debug_abbrev  0x00003ed0      0x40b src/ASF/sam0/drivers/system/clock/clock_samd09_d10_d11/gclk.o
 .debug_abbrev  0x000042db      0x35b src/ASF/sam0/drivers/system/pinmux/pinmux.o
 .debug_abbrev  0x00004636      0x1e1 src/ASF/sam0/drivers/system/system.o
 .debug_abbrev  0x00004817      0x4f6 src/ASF/sam0/drivers/tcc/tcc.o
 .debug_abbrev  0x00004d0d      0x398 src/ASF/sam0/drivers/tcc/tcc_callback.o
 .debug_abbrev  0x000050a5      0x2ff src/ASF/sam0/drivers/tc/tc_interrupt.o
 .debug_abbrev  0x000053a4      0x48e src/ASF/sam0/drivers/tc/tc_sam_d_r_h/tc.o
 .debug_abbrev  0x00005832      0x234 src/ASF/sam0/utils/cmsis/samd11/source/gcc/startup_samd11.o
 .debug_abbrev  0x00005a66      0x3c0 src/led_driver.o
 .debug_abbrev  0x00005e26      0x2a2 src/main.o

.debug_loc      0x00000000     0x6d01
 .debug_loc     0x00000000      0x1b8 src/adc_sample.o
 .debug_loc     0x000001b8      0x697 src/ASF/sam0/drivers/adc/adc_sam_d_r_h/adc.o
 .debug_loc     0x0000084f      0x1e7 src/ASF/sam0/drivers/extint/extint_callback.o
 .debug_loc     0x00000a36      0x425 src/ASF/sam0/drivers/extint/extint_sam_d_r_h/extint.o
 .debug_loc     0x00000e5b       0x74 src/button.o
 .debug_loc     0x00000ecf      0x25d src/pwm_led.o
 .debug_loc     0x0000112c      0x16a src/pwm_motor.o
 .debug_loc     0x00001296      0x115 src/system_logic.o
 .debug_loc     0x000013ab      0x35e src/system_setup.o
 .debug_loc     0x00001709       0xb4 src/system_state.o
 .debug_loc     0x000017bd      0x125 src/ASF/sam0/drivers/port/port.o
 .debug_loc     0x000018e2      0xc33 src/ASF/sam0/drivers/sercom/i2c/i2c_sam0/i2c_master.o
 .debug_loc     0x00002515      0x6e1 src/ASF/sam0/drivers/sercom/i2c/i2c_sam0/i2c_master_interrupt.o
 .debug_loc     0x00002bf6      0x6d6 src/ASF/sam0/drivers/sercom/sercom.o
 .debug_loc     0x000032cc      0x12d src/ASF/sam0/drivers/sercom/sercom_interrupt.o
 .debug_loc     0x000033f9      0xd38 src/ASF/sam0/drivers/system/clock/clock_samd09_d10_d11/clock.o
 .debug_loc     0x00004131      0x486 src/ASF/sam0/drivers/system/clock/clock_samd09_d10_d11/gclk.o
 .debug_loc     0x000045b7      0x2fc src/ASF/sam0/drivers/system/pinmux/pinmux.o
 .debug_loc     0x000048b3       0x20 src/ASF/sam0/drivers/system/system.o
 .debug_loc     0x000048d3     0x10d5 src/ASF/sam0/drivers/tcc/tcc.o
 .debug_loc     0x000059a8      0x20a src/ASF/sam0/drivers/tcc/tcc_callback.o
 .debug_loc     0x00005bb2      0x176 src/ASF/sam0/drivers/tc/tc_interrupt.o
 .debug_loc     0x00005d28      0xcff src/ASF/sam0/drivers/tc/tc_sam_d_r_h/tc.o
 .debug_loc     0x00006a27       0x4b src/ASF/sam0/utils/cmsis/samd11/source/gcc/startup_samd11.o
 .debug_loc     0x00006a72      0x26f src/led_driver.o
 .debug_loc     0x00006ce1       0x20 src/main.o

.debug_aranges  0x00000000      0x898
 .debug_aranges
                0x00000000       0x30 src/adc_sample.o
 .debug_aranges
                0x00000030       0x40 src/ASF/sam0/drivers/adc/adc_sam_d_r_h/adc.o
 .debug_aranges
                0x00000070       0x48 src/ASF/sam0/drivers/extint/extint_callback.o
 .debug_aranges
                0x000000b8       0x58 src/ASF/sam0/drivers/extint/extint_sam_d_r_h/extint.o
 .debug_aranges
                0x00000110       0x30 src/button.o
 .debug_aranges
                0x00000140       0x40 src/pwm_led.o
 .debug_aranges
                0x00000180       0x40 src/pwm_motor.o
 .debug_aranges
                0x000001c0       0x48 src/system_logic.o
 .debug_aranges
                0x00000208       0x80 src/system_setup.o
 .debug_aranges
                0x00000288       0x38 src/system_state.o
 .debug_aranges
                0x000002c0       0x28 src/ASF/common/utils/interrupt/interrupt_sam_nvic.o
 .debug_aranges
                0x000002e8       0x28 src/ASF/sam0/drivers/port/port.o
 .debug_aranges
                0x00000310       0xa0 src/ASF/sam0/drivers/sercom/i2c/i2c_sam0/i2c_master.o
 .debug_aranges
                0x000003b0       0x90 src/ASF/sam0/drivers/sercom/i2c/i2c_sam0/i2c_master_interrupt.o
 .debug_aranges
                0x00000440       0x48 src/ASF/sam0/drivers/sercom/sercom.o
 .debug_aranges
                0x00000488       0x48 src/ASF/sam0/drivers/sercom/sercom_interrupt.o
 .debug_aranges
                0x000004d0       0x80 src/ASF/sam0/drivers/system/clock/clock_samd09_d10_d11/clock.o
 .debug_aranges
                0x00000550       0x88 src/ASF/sam0/drivers/system/clock/clock_samd09_d10_d11/gclk.o
 .debug_aranges
                0x000005d8       0x40 src/ASF/sam0/drivers/system/pinmux/pinmux.o
 .debug_aranges
                0x00000618       0x28 src/ASF/sam0/drivers/system/system.o
 .debug_aranges
                0x00000640       0xa8 src/ASF/sam0/drivers/tcc/tcc.o
 .debug_aranges
                0x000006e8       0x48 src/ASF/sam0/drivers/tcc/tcc_callback.o
 .debug_aranges
                0x00000730       0x40 src/ASF/sam0/drivers/tc/tc_interrupt.o
 .debug_aranges
                0x00000770       0x58 src/ASF/sam0/drivers/tc/tc_sam_d_r_h/tc.o
 .debug_aranges
                0x000007c8       0x28 src/ASF/sam0/utils/cmsis/samd11/source/gcc/startup_samd11.o
 .debug_aranges
                0x000007f0       0x88 src/led_driver.o
 .debug_aranges
                0x00000878       0x20 src/main.o

.debug_ranges   0x00000000      0xde0
 .debug_ranges  0x00000000       0x20 src/adc_sample.o
 .debug_ranges  0x00000020       0xb8 src/ASF/sam0/drivers/adc/adc_sam_d_r_h/adc.o
 .debug_ranges  0x000000d8       0x80 src/ASF/sam0/drivers/extint/extint_callback.o
 .debug_ranges  0x00000158      0x150 src/ASF/sam0/drivers/extint/extint_sam_d_r_h/extint.o
 .debug_ranges  0x000002a8       0x20 src/button.o
 .debug_ranges  0x000002c8       0x48 src/pwm_led.o
 .debug_ranges  0x00000310       0x90 src/pwm_motor.o
 .debug_ranges  0x000003a0       0x50 src/system_logic.o
 .debug_ranges  0x000003f0       0xf0 src/system_setup.o
 .debug_ranges  0x000004e0       0x60 src/system_state.o
 .debug_ranges  0x00000540       0x18 src/ASF/common/utils/interrupt/interrupt_sam_nvic.o
 .debug_ranges  0x00000558       0x18 src/ASF/sam0/drivers/port/port.o
 .debug_ranges  0x00000570      0x168 src/ASF/sam0/drivers/sercom/i2c/i2c_sam0/i2c_master.o
 .debug_ranges  0x000006d8       0x98 src/ASF/sam0/drivers/sercom/i2c/i2c_sam0/i2c_master_interrupt.o
 .debug_ranges  0x00000770       0x58 src/ASF/sam0/drivers/sercom/sercom.o
 .debug_ranges  0x000007c8       0x50 src/ASF/sam0/drivers/sercom/sercom_interrupt.o
 .debug_ranges  0x00000818      0x138 src/ASF/sam0/drivers/system/clock/clock_samd09_d10_d11/clock.o
 .debug_ranges  0x00000950       0x78 src/ASF/sam0/drivers/system/clock/clock_samd09_d10_d11/gclk.o
 .debug_ranges  0x000009c8       0x60 src/ASF/sam0/drivers/system/pinmux/pinmux.o
 .debug_ranges  0x00000a28       0x18 src/ASF/sam0/drivers/system/system.o
 .debug_ranges  0x00000a40      0x168 src/ASF/sam0/drivers/tcc/tcc.o
 .debug_ranges  0x00000ba8       0x38 src/ASF/sam0/drivers/tcc/tcc_callback.o
 .debug_ranges  0x00000be0       0x30 src/ASF/sam0/drivers/tc/tc_interrupt.o
 .debug_ranges  0x00000c10       0xe0 src/ASF/sam0/drivers/tc/tc_sam_d_r_h/tc.o
 .debug_ranges  0x00000cf0       0x18 src/ASF/sam0/utils/cmsis/samd11/source/gcc/startup_samd11.o
 .debug_ranges  0x00000d08       0xc8 src/led_driver.o
 .debug_ranges  0x00000dd0       0x10 src/main.o

.debug_macro    0x00000000    0x1b439
 .debug_macro   0x00000000      0x669 src/adc_sample.o
 .debug_macro   0x00000669      0x8ec src/adc_sample.o
 .debug_macro   0x00000f55      0x16d src/adc_sample.o
 .debug_macro   0x000010c2      0x71d src/adc_sample.o
 .debug_macro   0x000017df       0x22 src/adc_sample.o
 .debug_macro   0x00001801       0x87 src/adc_sample.o
 .debug_macro   0x00001888       0x51 src/adc_sample.o
 .debug_macro   0x000018d9       0xef src/adc_sample.o
 .debug_macro   0x000019c8       0x6a src/adc_sample.o
 .debug_macro   0x00001a32      0x1df src/adc_sample.o
 .debug_macro   0x00001c11       0x10 src/adc_sample.o
 .debug_macro   0x00001c21       0x76 src/adc_sample.o
 .debug_macro   0x00001c97       0x16 src/adc_sample.o
 .debug_macro   0x00001cad      0x6db src/adc_sample.o
 .debug_macro   0x00002388      0xdd8 src/adc_sample.o
 .debug_macro   0x00003160       0x22 src/adc_sample.o
 .debug_macro   0x00003182       0x40 src/adc_sample.o
 .debug_macro   0x000031c2       0x1c src/adc_sample.o
 .debug_macro   0x000031de       0x22 src/adc_sample.o
 .debug_macro   0x00003200       0xb5 src/adc_sample.o
 .debug_macro   0x000032b5      0x3ad src/adc_sample.o
 .debug_macro   0x00003662      0x681 src/adc_sample.o
 .debug_macro   0x00003ce3      0x8b5 src/adc_sample.o
 .debug_macro   0x00004598      0x230 src/adc_sample.o
 .debug_macro   0x000047c8      0xbd1 src/adc_sample.o
 .debug_macro   0x00005399      0x5b8 src/adc_sample.o
 .debug_macro   0x00005951      0x7c8 src/adc_sample.o
 .debug_macro   0x00006119      0x4e3 src/adc_sample.o
 .debug_macro   0x000065fc      0x39f src/adc_sample.o
 .debug_macro   0x0000699b      0x18d src/adc_sample.o
 .debug_macro   0x00006b28      0x21c src/adc_sample.o
 .debug_macro   0x00006d44      0x78d src/adc_sample.o
 .debug_macro   0x000074d1       0x5e src/adc_sample.o
 .debug_macro   0x0000752f      0x628 src/adc_sample.o
 .debug_macro   0x00007b57      0x3b6 src/adc_sample.o
 .debug_macro   0x00007f0d      0xc50 src/adc_sample.o
 .debug_macro   0x00008b5d     0x1092 src/adc_sample.o
 .debug_macro   0x00009bef      0xc19 src/adc_sample.o
 .debug_macro   0x0000a808      0x6ba src/adc_sample.o
 .debug_macro   0x0000aec2     0x1b87 src/adc_sample.o
 .debug_macro   0x0000ca49      0xb7c src/adc_sample.o
 .debug_macro   0x0000d5c5      0x344 src/adc_sample.o
 .debug_macro   0x0000d909       0x7c src/adc_sample.o
 .debug_macro   0x0000d985       0xa0 src/adc_sample.o
 .debug_macro   0x0000da25       0x4c src/adc_sample.o
 .debug_macro   0x0000da71       0xca src/adc_sample.o
 .debug_macro   0x0000db3b       0xb8 src/adc_sample.o
 .debug_macro   0x0000dbf3       0x58 src/adc_sample.o
 .debug_macro   0x0000dc4b      0x21a src/adc_sample.o
 .debug_macro   0x0000de65       0x82 src/adc_sample.o
 .debug_macro   0x0000dee7      0x18d src/adc_sample.o
 .debug_macro   0x0000e074       0xa0 src/adc_sample.o
 .debug_macro   0x0000e114       0xc4 src/adc_sample.o
 .debug_macro   0x0000e1d8       0x1c src/adc_sample.o
 .debug_macro   0x0000e1f4       0x1c src/adc_sample.o
 .debug_macro   0x0000e210       0x1c src/adc_sample.o
 .debug_macro   0x0000e22c       0x82 src/adc_sample.o
 .debug_macro   0x0000e2ae      0x112 src/adc_sample.o
 .debug_macro   0x0000e3c0       0xdc src/adc_sample.o
 .debug_macro   0x0000e49c      0x128 src/adc_sample.o
 .debug_macro   0x0000e5c4      0x128 src/adc_sample.o
 .debug_macro   0x0000e6ec      0x128 src/adc_sample.o
 .debug_macro   0x0000e814      0x11e src/adc_sample.o
 .debug_macro   0x0000e932       0xe2 src/adc_sample.o
 .debug_macro   0x0000ea14       0xe2 src/adc_sample.o
 .debug_macro   0x0000eaf6      0x12a src/adc_sample.o
 .debug_macro   0x0000ec20      0x1fe src/adc_sample.o
 .debug_macro   0x0000ee1e       0x40 src/adc_sample.o
 .debug_macro   0x0000ee5e      0x2f1 src/adc_sample.o
 .debug_macro   0x0000f14f      0xf71 src/adc_sample.o
 .debug_macro   0x000100c0       0x5f src/adc_sample.o
 .debug_macro   0x0001011f       0x58 src/adc_sample.o
 .debug_macro   0x00010177       0x35 src/adc_sample.o
 .debug_macro   0x000101ac       0x9c src/adc_sample.o
 .debug_macro   0x00010248       0x16 src/adc_sample.o
 .debug_macro   0x0001025e       0x35 src/adc_sample.o
 .debug_macro   0x00010293      0x34d src/adc_sample.o
 .debug_macro   0x000105e0       0x10 src/adc_sample.o
 .debug_macro   0x000105f0       0x58 src/adc_sample.o
 .debug_macro   0x00010648       0x1f src/adc_sample.o
 .debug_macro   0x00010667       0x43 src/adc_sample.o
 .debug_macro   0x000106aa       0x20 src/adc_sample.o
 .debug_macro   0x000106ca      0x187 src/adc_sample.o
 .debug_macro   0x00010851       0x10 src/adc_sample.o
 .debug_macro   0x00010861       0x1c src/adc_sample.o
 .debug_macro   0x0001087d       0x52 src/adc_sample.o
 .debug_macro   0x000108cf       0x40 src/adc_sample.o
 .debug_macro   0x0001090f       0x10 src/adc_sample.o
 .debug_macro   0x0001091f       0x40 src/adc_sample.o
 .debug_macro   0x0001095f       0xd7 src/adc_sample.o
 .debug_macro   0x00010a36       0x16 src/adc_sample.o
 .debug_macro   0x00010a4c      0x18b src/adc_sample.o
 .debug_macro   0x00010bd7       0x16 src/adc_sample.o
 .debug_macro   0x00010bed       0x16 src/adc_sample.o
 .debug_macro   0x00010c03       0x29 src/adc_sample.o
 .debug_macro   0x00010c2c       0x51 src/adc_sample.o
 .debug_macro   0x00010c7d       0x3e src/adc_sample.o
 .debug_macro   0x00010cbb      0x3df src/adc_sample.o
 .debug_macro   0x0001109a       0x11 src/adc_sample.o
 .debug_macro   0x000110ab       0x18 src/adc_sample.o
 .debug_macro   0x000110c3       0x16 src/adc_sample.o
 .debug_macro   0x000110d9       0x1c src/adc_sample.o
 .debug_macro   0x000110f5       0x16 src/adc_sample.o
 .debug_macro   0x0001110b       0x19 src/adc_sample.o
 .debug_macro   0x00011124       0x1f src/adc_sample.o
 .debug_macro   0x00011143      0x2df src/adc_sample.o
 .debug_macro   0x00011422      0x3d5 src/adc_sample.o
 .debug_macro   0x000117f7       0x11 src/adc_sample.o
 .debug_macro   0x00011808       0x2e src/adc_sample.o
 .debug_macro   0x00011836       0x5e src/adc_sample.o
 .debug_macro   0x00011894       0x10 src/adc_sample.o
 .debug_macro   0x000118a4       0x2d src/adc_sample.o
 .debug_macro   0x000118d1       0x50 src/adc_sample.o
 .debug_macro   0x00011921       0x6c src/adc_sample.o
 .debug_macro   0x0001198d       0x8f src/adc_sample.o
 .debug_macro   0x00011a1c      0x539 src/ASF/sam0/drivers/adc/adc_sam_d_r_h/adc.o
 .debug_macro   0x00011f55      0x4e0 src/ASF/sam0/drivers/extint/extint_callback.o
 .debug_macro   0x00012435       0x19 src/ASF/sam0/drivers/extint/extint_callback.o
 .debug_macro   0x0001244e      0x552 src/ASF/sam0/drivers/extint/extint_sam_d_r_h/extint.o
 .debug_macro   0x000129a0       0x16 src/ASF/sam0/drivers/extint/extint_sam_d_r_h/extint.o
 .debug_macro   0x000129b6      0x707 src/button.o
 .debug_macro   0x000130bd       0x22 src/button.o
 .debug_macro   0x000130df       0x1c src/button.o
 .debug_macro   0x000130fb       0x2e src/button.o
 .debug_macro   0x00013129      0x1e1 src/button.o
 .debug_macro   0x0001330a       0x16 src/button.o
 .debug_macro   0x00013320       0x34 src/button.o
 .debug_macro   0x00013354       0x70 src/button.o
 .debug_macro   0x000133c4       0x10 src/button.o
 .debug_macro   0x000133d4      0x682 src/pwm_led.o
 .debug_macro   0x00013a56      0x6f9 src/pwm_motor.o
 .debug_macro   0x0001414f       0x34 src/pwm_motor.o
 .debug_macro   0x00014183      0x703 src/system_logic.o
 .debug_macro   0x00014886      0x710 src/system_setup.o
 .debug_macro   0x00014f96      0x713 src/system_state.o
 .debug_macro   0x000156a9      0x4bb src/ASF/common/utils/interrupt/interrupt_sam_nvic.o
 .debug_macro   0x00015b64      0x4d7 src/ASF/sam0/drivers/port/port.o
 .debug_macro   0x0001603b      0x582 src/ASF/sam0/drivers/sercom/i2c/i2c_sam0/i2c_master.o
 .debug_macro   0x000165bd       0x27 src/ASF/sam0/drivers/sercom/i2c/i2c_sam0/i2c_master.o
 .debug_macro   0x000165e4      0x57e src/ASF/sam0/drivers/sercom/i2c/i2c_sam0/i2c_master_interrupt.o
 .debug_macro   0x00016b62      0x560 src/ASF/sam0/drivers/sercom/sercom.o
 .debug_macro   0x000170c2      0x55d src/ASF/sam0/drivers/sercom/sercom_interrupt.o
 .debug_macro   0x0001761f      0x538 src/ASF/sam0/drivers/system/clock/clock_samd09_d10_d11/clock.o
 .debug_macro   0x00017b57      0x26c src/ASF/sam0/drivers/system/clock/clock_samd09_d10_d11/clock.o
 .debug_macro   0x00017dc3      0x4f1 src/ASF/sam0/drivers/system/clock/clock_samd09_d10_d11/gclk.o
 .debug_macro   0x000182b4      0x4cb src/ASF/sam0/drivers/system/pinmux/pinmux.o
 .debug_macro   0x0001877f       0x12 src/ASF/sam0/drivers/system/pinmux/pinmux.o
 .debug_macro   0x00018791      0x516 src/ASF/sam0/drivers/system/system.o
 .debug_macro   0x00018ca7      0x602 src/ASF/sam0/drivers/tcc/tcc.o
 .debug_macro   0x000192a9       0x19 src/ASF/sam0/drivers/tcc/tcc.o
 .debug_macro   0x000192c2       0x74 src/ASF/sam0/drivers/tcc/tcc.o
 .debug_macro   0x00019336      0x535 src/ASF/sam0/drivers/tcc/tcc_callback.o
 .debug_macro   0x0001986b      0x528 src/ASF/sam0/drivers/tc/tc_interrupt.o
 .debug_macro   0x00019d93       0x19 src/ASF/sam0/drivers/tc/tc_interrupt.o
 .debug_macro   0x00019dac       0x51 src/ASF/sam0/drivers/tc/tc_interrupt.o
 .debug_macro   0x00019dfd      0x544 src/ASF/sam0/drivers/tc/tc_sam_d_r_h/tc.o
 .debug_macro   0x0001a341      0x2a2 src/ASF/sam0/utils/cmsis/samd11/source/gcc/startup_samd11.o
 .debug_macro   0x0001a5e3       0x3a src/ASF/sam0/utils/cmsis/samd11/source/gcc/startup_samd11.o
 .debug_macro   0x0001a61d      0x6fd src/led_driver.o
 .debug_macro   0x0001ad1a       0x1c src/led_driver.o
 .debug_macro   0x0001ad36      0x703 src/main.o

.debug_line     0x00000000    0x1553c
 .debug_line    0x00000000      0xea0 src/adc_sample.o
 .debug_line    0x00000ea0      0xc28 src/ASF/sam0/drivers/adc/adc_sam_d_r_h/adc.o
 .debug_line    0x00001ac8      0x96e src/ASF/sam0/drivers/extint/extint_callback.o
 .debug_line    0x00002436      0xcc4 src/ASF/sam0/drivers/extint/extint_sam_d_r_h/extint.o
 .debug_line    0x000030fa      0xf28 src/button.o
 .debug_line    0x00004022      0xf02 src/pwm_led.o
 .debug_line    0x00004f24      0xfc3 src/pwm_motor.o
 .debug_line    0x00005ee7      0xfae src/system_logic.o
 .debug_line    0x00006e95     0x10d0 src/system_setup.o
 .debug_line    0x00007f65      0xf32 src/system_state.o
 .debug_line    0x00008e97      0x881 src/ASF/common/utils/interrupt/interrupt_sam_nvic.o
 .debug_line    0x00009718      0x8b7 src/ASF/sam0/drivers/port/port.o
 .debug_line    0x00009fcf      0xef3 src/ASF/sam0/drivers/sercom/i2c/i2c_sam0/i2c_master.o
 .debug_line    0x0000aec2      0xe2e src/ASF/sam0/drivers/sercom/i2c/i2c_sam0/i2c_master_interrupt.o
 .debug_line    0x0000bcf0      0xbdd src/ASF/sam0/drivers/sercom/sercom.o
 .debug_line    0x0000c8cd      0xb74 src/ASF/sam0/drivers/sercom/sercom_interrupt.o
 .debug_line    0x0000d441      0xce8 src/ASF/sam0/drivers/system/clock/clock_samd09_d10_d11/clock.o
 .debug_line    0x0000e129      0xbed src/ASF/sam0/drivers/system/clock/clock_samd09_d10_d11/gclk.o
 .debug_line    0x0000ed16      0x904 src/ASF/sam0/drivers/system/pinmux/pinmux.o
 .debug_line    0x0000f61a      0xa12 src/ASF/sam0/drivers/system/system.o
 .debug_line    0x0001002c      0xe40 src/ASF/sam0/drivers/tcc/tcc.o
 .debug_line    0x00010e6c      0xa59 src/ASF/sam0/drivers/tcc/tcc_callback.o
 .debug_line    0x000118c5      0xa29 src/ASF/sam0/drivers/tc/tc_interrupt.o
 .debug_line    0x000122ee      0xd4b src/ASF/sam0/drivers/tc/tc_sam_d_r_h/tc.o
 .debug_line    0x00013039      0x60f src/ASF/sam0/utils/cmsis/samd11/source/gcc/startup_samd11.o
 .debug_line    0x00013648     0x1042 src/led_driver.o
 .debug_line    0x0001468a      0xeb2 src/main.o

.debug_str      0x00000000    0x7d378
 .debug_str     0x00000000    0x7296d src/adc_sample.o
                              0x72fde (size before relaxing)
 .debug_str     0x0007296d      0x861 src/ASF/sam0/drivers/adc/adc_sam_d_r_h/adc.o
                              0x70c4b (size before relaxing)
 .debug_str     0x000731ce      0x3ca src/ASF/sam0/drivers/extint/extint_callback.o
                              0x6f59d (size before relaxing)
 .debug_str     0x00073598      0x74f src/ASF/sam0/drivers/extint/extint_sam_d_r_h/extint.o
                              0x70599 (size before relaxing)
 .debug_str     0x00073ce7     0x2247 src/button.o
                              0x74674 (size before relaxing)
 .debug_str     0x00075f2e      0x141 src/pwm_led.o
                              0x731f0 (size before relaxing)
 .debug_str     0x0007606f      0x43e src/pwm_motor.o
                              0x74aa2 (size before relaxing)
 .debug_str     0x000764ad      0x27a src/system_logic.o
                              0x74ba3 (size before relaxing)
 .debug_str     0x00076727      0x44f src/system_setup.o
                              0x759cf (size before relaxing)
 .debug_str     0x00076b76      0x12a src/system_state.o
                              0x7477c (size before relaxing)
 .debug_str     0x00076ca0       0x81 src/ASF/common/utils/interrupt/interrupt_sam_nvic.o
                              0x6ee4c (size before relaxing)
 .debug_str     0x00076d21       0x5e src/ASF/sam0/drivers/port/port.o
                              0x6f263 (size before relaxing)
 .debug_str     0x00076d7f     0x107a src/ASF/sam0/drivers/sercom/i2c/i2c_sam0/i2c_master.o
                              0x712f8 (size before relaxing)
 .debug_str     0x00077df9      0x1be src/ASF/sam0/drivers/sercom/i2c/i2c_sam0/i2c_master_interrupt.o
                              0x703b1 (size before relaxing)
 .debug_str     0x00077fb7      0x35c src/ASF/sam0/drivers/sercom/sercom.o
                              0x703f0 (size before relaxing)
 .debug_str     0x00078313      0x158 src/ASF/sam0/drivers/sercom/sercom_interrupt.o
                              0x70184 (size before relaxing)
 .debug_str     0x0007846b     0x20b0 src/ASF/sam0/drivers/system/clock/clock_samd09_d10_d11/clock.o
                              0x71e07 (size before relaxing)
 .debug_str     0x0007a51b      0x1d6 src/ASF/sam0/drivers/system/clock/clock_samd09_d10_d11/gclk.o
                              0x6faa7 (size before relaxing)
 .debug_str     0x0007a6f1      0x179 src/ASF/sam0/drivers/system/pinmux/pinmux.o
                              0x6f2ee (size before relaxing)
 .debug_str     0x0007a86a       0x3b src/ASF/sam0/drivers/system/system.o
                              0x6f0a0 (size before relaxing)
 .debug_str     0x0007a8a5     0x127c src/ASF/sam0/drivers/tcc/tcc.o
                              0x72273 (size before relaxing)
 .debug_str     0x0007bb21      0x1a7 src/ASF/sam0/drivers/tcc/tcc_callback.o
                              0x70693 (size before relaxing)
 .debug_str     0x0007bcc8       0xad src/ASF/sam0/drivers/tc/tc_interrupt.o
                              0x6fb5e (size before relaxing)
 .debug_str     0x0007bd75      0x1ca src/ASF/sam0/drivers/tc/tc_sam_d_r_h/tc.o
                              0x7043c (size before relaxing)
 .debug_str     0x0007bf3f      0xbc4 src/ASF/sam0/utils/cmsis/samd11/source/gcc/startup_samd11.o
                              0x59b5a (size before relaxing)
 .debug_str     0x0007cb03      0x867 src/led_driver.o
                              0x738c8 (size before relaxing)
 .debug_str     0x0007d36a        0xe src/main.o
                              0x7441f (size before relaxing)

.debug_frame    0x00000000     0x14e4
 .debug_frame   0x00000000       0x58 src/adc_sample.o
 .debug_frame   0x00000058       0x94 src/ASF/sam0/drivers/adc/adc_sam_d_r_h/adc.o
 .debug_frame   0x000000ec       0x90 src/ASF/sam0/drivers/extint/extint_callback.o
 .debug_frame   0x0000017c       0xd8 src/ASF/sam0/drivers/extint/extint_sam_d_r_h/extint.o
 .debug_frame   0x00000254       0x50 src/button.o
 .debug_frame   0x000002a4       0x8c src/pwm_led.o
 .debug_frame   0x00000330       0x78 src/pwm_motor.o
 .debug_frame   0x000003a8       0xa4 src/system_logic.o
 .debug_frame   0x0000044c      0x14c src/system_setup.o
 .debug_frame   0x00000598       0x68 src/system_state.o
 .debug_frame   0x00000600       0x30 src/ASF/common/utils/interrupt/interrupt_sam_nvic.o
 .debug_frame   0x00000630       0x48 src/ASF/sam0/drivers/port/port.o
 .debug_frame   0x00000678      0x1c8 src/ASF/sam0/drivers/sercom/i2c/i2c_sam0/i2c_master.o
 .debug_frame   0x00000840      0x174 src/ASF/sam0/drivers/sercom/i2c/i2c_sam0/i2c_master_interrupt.o
 .debug_frame   0x000009b4       0xc4 src/ASF/sam0/drivers/sercom/sercom.o
 .debug_frame   0x00000a78       0xa0 src/ASF/sam0/drivers/sercom/sercom_interrupt.o
 .debug_frame   0x00000b18      0x17c src/ASF/sam0/drivers/system/clock/clock_samd09_d10_d11/clock.o
 .debug_frame   0x00000c94      0x15c src/ASF/sam0/drivers/system/clock/clock_samd09_d10_d11/gclk.o
 .debug_frame   0x00000df0       0x98 src/ASF/sam0/drivers/system/pinmux/pinmux.o
 .debug_frame   0x00000e88       0x38 src/ASF/sam0/drivers/system/system.o
 .debug_frame   0x00000ec0      0x1bc src/ASF/sam0/drivers/tcc/tcc.o
 .debug_frame   0x0000107c       0xa0 src/ASF/sam0/drivers/tcc/tcc_callback.o
 .debug_frame   0x0000111c       0x7c src/ASF/sam0/drivers/tc/tc_interrupt.o
 .debug_frame   0x00001198       0xa8 src/ASF/sam0/drivers/tc/tc_sam_d_r_h/tc.o
 .debug_frame   0x00001240       0x3c src/ASF/sam0/utils/cmsis/samd11/source/gcc/startup_samd11.o
 .debug_frame   0x0000127c      0x1cc src/led_driver.o
 .debug_frame   0x00001448       0x28 src/main.o
 .debug_frame   0x00001470       0x20 c:/program files (x86)/atmel/studio/7.0/toolchain/arm/arm-gnu-toolchain/bin/../lib/gcc/arm-none-eabi/6.3.1/thumb/v6-m\libgcc.a(_udivsi3.o)
 .debug_frame   0x00001490       0x2c c:/program files (x86)/atmel/studio/7.0/toolchain/arm/arm-gnu-toolchain/bin/../lib/gcc/arm-none-eabi/6.3.1/../../../../arm-none-eabi/lib/thumb/v6-m\libc_nano.a(lib_a-init.o)
 .debug_frame   0x000014bc       0x28 c:/program files (x86)/atmel/studio/7.0/toolchain/arm/arm-gnu-toolchain/bin/../lib/gcc/arm-none-eabi/6.3.1/../../../../arm-none-eabi/lib/thumb/v6-m\libc_nano.a(lib_a-memcpy-stub.o)

Cross Reference Table

Symbol                                            File
AC_Handler                                        src/ASF/sam0/utils/cmsis/samd11/source/gcc/startup_samd11.o
ADC_Handler                                       src/ASF/sam0/utils/cmsis/samd11/source/gcc/startup_samd11.o
BATTERY_CHARGED                                   src/system_state.o
                                                  src/system_logic.o
BATTERY_LOW                                       src/system_logic.o
                                                  src/system_state.o
BATTERY_LOWEST                                    src/system_logic.o
                                                  src/system_state.o
BUTTON_ONE_PRESS_STATUS                           src/button.o
BUTTON_ONE_RELEASE_STATUS                         src/button.o
BUTTON_TWO_PRESS_STATUS                           src/button.o
BUTTON_TWO_READY_TAKE_ACTION                      src/button.o
BUTTON_TWO_RELEASE_STATUS                         src/button.o
                                                  src/system_logic.o
BUTTON_TWO_TAKE_ACTION                            src/button.o
Charged_State                                     src/system_logic.o
                                                  src/system_state.o
Chargn_Off_State                                  src/system_state.o
                                                  src/system_logic.o
Chargn_On_State                                   src/system_logic.o
DAC_Handler                                       src/ASF/sam0/utils/cmsis/samd11/source/gcc/startup_samd11.o
DMAC_Handler                                      src/ASF/sam0/utils/cmsis/samd11/source/gcc/startup_samd11.o
Dummy_Handler                                     src/ASF/sam0/utils/cmsis/samd11/source/gcc/startup_samd11.o
EIC_Handler                                       src/ASF/sam0/drivers/extint/extint_callback.o
EVSYS_Handler                                     src/ASF/sam0/utils/cmsis/samd11/source/gcc/startup_samd11.o
HardFault_Handler                                 src/ASF/sam0/utils/cmsis/samd11/source/gcc/startup_samd11.o
LongPressB1Flag                                   src/button.o
LongPressB2Flag                                   src/button.o
                                                  src/system_logic.o
NMI_Handler                                       src/ASF/sam0/utils/cmsis/samd11/source/gcc/startup_samd11.o
NVMCTRL_Handler                                   src/ASF/sam0/utils/cmsis/samd11/source/gcc/startup_samd11.o
PM_Handler                                        src/ASF/sam0/utils/cmsis/samd11/source/gcc/startup_samd11.o
PTC_Handler                                       src/ASF/sam0/utils/cmsis/samd11/source/gcc/startup_samd11.o
PendSV_Handler                                    src/ASF/sam0/utils/cmsis/samd11/source/gcc/startup_samd11.o
RTC_Handler                                       src/ASF/sam0/utils/cmsis/samd11/source/gcc/startup_samd11.o
Reset_Handler                                     src/ASF/sam0/utils/cmsis/samd11/source/gcc/startup_samd11.o
SERCOM0_Handler                                   src/ASF/sam0/drivers/sercom/sercom_interrupt.o
SERCOM1_Handler                                   src/ASF/sam0/drivers/sercom/sercom_interrupt.o
SERCOM2_Handler                                   src/ASF/sam0/drivers/sercom/sercom_interrupt.o
SVC_Handler                                       src/ASF/sam0/utils/cmsis/samd11/source/gcc/startup_samd11.o
SYSCTRL_Handler                                   src/ASF/sam0/utils/cmsis/samd11/source/gcc/startup_samd11.o
SYS_READY_TO_SLEEP                                src/system_logic.o
                                                  src/main.o
                                                  src/system_state.o
                                                  src/system_setup.o
                                                  src/pwm_motor.o
                                                  src/button.o
SYS_SLEEP                                         src/system_setup.o
SYS_TICK_100MS                                    src/system_setup.o
                                                  src/system_logic.o
SYS_TICK_10MS                                     src/system_setup.o
                                                  src/system_logic.o
SYS_TICK_18MS                                     src/system_setup.o
                                                  src/system_logic.o
SYS_TICK_200MS                                    src/system_setup.o
                                                  src/system_logic.o
SYS_TICK_20MS                                     src/system_setup.o
                                                  src/system_logic.o
SYS_TICK_30MS                                     src/system_setup.o
                                                  src/system_logic.o
SYS_TICK_50MS                                     src/system_setup.o
SleepTickCount                                    src/system_setup.o
SysTick_Handler                                   src/ASF/sam0/utils/cmsis/samd11/source/gcc/startup_samd11.o
SystemCoreClock                                   src/ASF/sam0/utils/cmsis/samd11/source/system_samd11.o
SystemCoreClockUpdate                             src/ASF/sam0/utils/cmsis/samd11/source/system_samd11.o
SystemInit                                        src/ASF/sam0/utils/cmsis/samd11/source/system_samd11.o
TC1_Handler                                       src/ASF/sam0/drivers/tc/tc_interrupt.o
TC2_Handler                                       src/ASF/sam0/drivers/tc/tc_interrupt.o
TCC0_Handler                                      src/ASF/sam0/drivers/tcc/tcc_callback.o
USB_Handler                                       src/ASF/sam0/utils/cmsis/samd11/source/gcc/startup_samd11.o
Vbus_State                                        src/system_logic.o
                                                  src/system_state.o
WDT_Handler                                       src/ASF/sam0/utils/cmsis/samd11/source/gcc/startup_samd11.o
_Jv_RegisterClasses                               c:/program files (x86)/atmel/studio/7.0/toolchain/arm/arm-gnu-toolchain/bin/../lib/gcc/arm-none-eabi/6.3.1/thumb/v6-m/crtbegin.o
__aeabi_idiv0                                     c:/program files (x86)/atmel/studio/7.0/toolchain/arm/arm-gnu-toolchain/bin/../lib/gcc/arm-none-eabi/6.3.1/thumb/v6-m\libgcc.a(_dvmd_tls.o)
                                                  c:/program files (x86)/atmel/studio/7.0/toolchain/arm/arm-gnu-toolchain/bin/../lib/gcc/arm-none-eabi/6.3.1/thumb/v6-m\libgcc.a(_udivsi3.o)
__aeabi_ldiv0                                     c:/program files (x86)/atmel/studio/7.0/toolchain/arm/arm-gnu-toolchain/bin/../lib/gcc/arm-none-eabi/6.3.1/thumb/v6-m\libgcc.a(_dvmd_tls.o)
__aeabi_llsl                                      c:/program files (x86)/atmel/studio/7.0/toolchain/arm/arm-gnu-toolchain/bin/../lib/gcc/arm-none-eabi/6.3.1/thumb/v6-m\libgcc.a(_ashldi3.o)
                                                  src/ASF/sam0/drivers/sercom/sercom.o
__aeabi_lmul                                      c:/program files (x86)/atmel/studio/7.0/toolchain/arm/arm-gnu-toolchain/bin/../lib/gcc/arm-none-eabi/6.3.1/thumb/v6-m\libgcc.a(_muldi3.o)
                                                  src/ASF/sam0/drivers/sercom/sercom.o
__aeabi_uidiv                                     c:/program files (x86)/atmel/studio/7.0/toolchain/arm/arm-gnu-toolchain/bin/../lib/gcc/arm-none-eabi/6.3.1/thumb/v6-m\libgcc.a(_udivsi3.o)
                                                  src/ASF/sam0/drivers/system/clock/clock_samd09_d10_d11/gclk.o
                                                  src/ASF/sam0/drivers/system/clock/clock_samd09_d10_d11/clock.o
                                                  src/ASF/common2/services/delay/sam0/systick_counter.o
__aeabi_uidivmod                                  c:/program files (x86)/atmel/studio/7.0/toolchain/arm/arm-gnu-toolchain/bin/../lib/gcc/arm-none-eabi/6.3.1/thumb/v6-m\libgcc.a(_udivsi3.o)
__ashldi3                                         c:/program files (x86)/atmel/studio/7.0/toolchain/arm/arm-gnu-toolchain/bin/../lib/gcc/arm-none-eabi/6.3.1/thumb/v6-m\libgcc.a(_ashldi3.o)
__bss_end__                                       c:/program files (x86)/atmel/studio/7.0/toolchain/arm/arm-gnu-toolchain/bin/../lib/gcc/arm-none-eabi/6.3.1/../../../../arm-none-eabi/lib/thumb/v6-m/crt0.o
__bss_start__                                     c:/program files (x86)/atmel/studio/7.0/toolchain/arm/arm-gnu-toolchain/bin/../lib/gcc/arm-none-eabi/6.3.1/../../../../arm-none-eabi/lib/thumb/v6-m/crt0.o
__call_exitprocs                                  c:/program files (x86)/atmel/studio/7.0/toolchain/arm/arm-gnu-toolchain/bin/../lib/gcc/arm-none-eabi/6.3.1/../../../../arm-none-eabi/lib/thumb/v6-m\libc_nano.a(lib_a-exit.o)
__deregister_frame_info                           c:/program files (x86)/atmel/studio/7.0/toolchain/arm/arm-gnu-toolchain/bin/../lib/gcc/arm-none-eabi/6.3.1/thumb/v6-m/crtbegin.o
__dso_handle                                      c:/program files (x86)/atmel/studio/7.0/toolchain/arm/arm-gnu-toolchain/bin/../lib/gcc/arm-none-eabi/6.3.1/thumb/v6-m/crtbegin.o
__gnu_thumb1_case_uqi                             c:/program files (x86)/atmel/studio/7.0/toolchain/arm/arm-gnu-toolchain/bin/../lib/gcc/arm-none-eabi/6.3.1/thumb/v6-m\libgcc.a(_thumb1_case_uqi.o)
                                                  src/ASF/sam0/drivers/tcc/tcc.o
                                                  src/ASF/sam0/drivers/system/clock/clock_samd09_d10_d11/clock.o
                                                  src/ASF/sam0/drivers/sercom/sercom.o
                                                  src/pwm_led.o
__init_array_end                                  c:/program files (x86)/atmel/studio/7.0/toolchain/arm/arm-gnu-toolchain/bin/../lib/gcc/arm-none-eabi/6.3.1/../../../../arm-none-eabi/lib/thumb/v6-m\libc_nano.a(lib_a-init.o)
__init_array_start                                c:/program files (x86)/atmel/studio/7.0/toolchain/arm/arm-gnu-toolchain/bin/../lib/gcc/arm-none-eabi/6.3.1/../../../../arm-none-eabi/lib/thumb/v6-m\libc_nano.a(lib_a-init.o)
__libc_fini_array                                 c:/program files (x86)/atmel/studio/7.0/toolchain/arm/arm-gnu-toolchain/bin/../lib/gcc/arm-none-eabi/6.3.1/../../../../arm-none-eabi/lib/thumb/v6-m/crt0.o
__libc_init_array                                 c:/program files (x86)/atmel/studio/7.0/toolchain/arm/arm-gnu-toolchain/bin/../lib/gcc/arm-none-eabi/6.3.1/../../../../arm-none-eabi/lib/thumb/v6-m\libc_nano.a(lib_a-init.o)
                                                  src/ASF/sam0/utils/cmsis/samd11/source/gcc/startup_samd11.o
                                                  c:/program files (x86)/atmel/studio/7.0/toolchain/arm/arm-gnu-toolchain/bin/../lib/gcc/arm-none-eabi/6.3.1/../../../../arm-none-eabi/lib/thumb/v6-m/crt0.o
__muldi3                                          c:/program files (x86)/atmel/studio/7.0/toolchain/arm/arm-gnu-toolchain/bin/../lib/gcc/arm-none-eabi/6.3.1/thumb/v6-m\libgcc.a(_muldi3.o)
__preinit_array_end                               c:/program files (x86)/atmel/studio/7.0/toolchain/arm/arm-gnu-toolchain/bin/../lib/gcc/arm-none-eabi/6.3.1/../../../../arm-none-eabi/lib/thumb/v6-m\libc_nano.a(lib_a-init.o)
__preinit_array_start                             c:/program files (x86)/atmel/studio/7.0/toolchain/arm/arm-gnu-toolchain/bin/../lib/gcc/arm-none-eabi/6.3.1/../../../../arm-none-eabi/lib/thumb/v6-m\libc_nano.a(lib_a-init.o)
__register_frame_info                             c:/program files (x86)/atmel/studio/7.0/toolchain/arm/arm-gnu-toolchain/bin/../lib/gcc/arm-none-eabi/6.3.1/thumb/v6-m/crtbegin.o
__sf_fake_stderr                                  c:/program files (x86)/atmel/studio/7.0/toolchain/arm/arm-gnu-toolchain/bin/../lib/gcc/arm-none-eabi/6.3.1/../../../../arm-none-eabi/lib/thumb/v6-m\libc_nano.a(lib_a-impure.o)
__sf_fake_stdin                                   c:/program files (x86)/atmel/studio/7.0/toolchain/arm/arm-gnu-toolchain/bin/../lib/gcc/arm-none-eabi/6.3.1/../../../../arm-none-eabi/lib/thumb/v6-m\libc_nano.a(lib_a-impure.o)
__sf_fake_stdout                                  c:/program files (x86)/atmel/studio/7.0/toolchain/arm/arm-gnu-toolchain/bin/../lib/gcc/arm-none-eabi/6.3.1/../../../../arm-none-eabi/lib/thumb/v6-m\libc_nano.a(lib_a-impure.o)
__stack                                           c:/program files (x86)/atmel/studio/7.0/toolchain/arm/arm-gnu-toolchain/bin/../lib/gcc/arm-none-eabi/6.3.1/../../../../arm-none-eabi/lib/thumb/v6-m/crt0.o
__udivsi3                                         c:/program files (x86)/atmel/studio/7.0/toolchain/arm/arm-gnu-toolchain/bin/../lib/gcc/arm-none-eabi/6.3.1/thumb/v6-m\libgcc.a(_udivsi3.o)
_close                                            src/ASF/sam0/utils/syscalls/gcc/syscalls.o
_current_channel                                  src/ASF/sam0/drivers/extint/extint_callback.o
_end                                              src/ASF/sam0/utils/syscalls/gcc/syscalls.o
_erelocate                                        src/ASF/sam0/utils/cmsis/samd11/source/gcc/startup_samd11.o
_estack                                           src/ASF/sam0/utils/cmsis/samd11/source/gcc/startup_samd11.o
_etext                                            src/ASF/sam0/utils/cmsis/samd11/source/gcc/startup_samd11.o
_exit                                             src/ASF/sam0/utils/syscalls/gcc/syscalls.o
                                                  c:/program files (x86)/atmel/studio/7.0/toolchain/arm/arm-gnu-toolchain/bin/../lib/gcc/arm-none-eabi/6.3.1/../../../../arm-none-eabi/lib/thumb/v6-m\libc_nano.a(lib_a-exit.o)
_extint_dev                                       src/ASF/sam0/drivers/extint/extint_sam_d_r_h/extint.o
                                                  src/ASF/sam0/drivers/extint/extint_callback.o
_ezero                                            src/ASF/sam0/utils/cmsis/samd11/source/gcc/startup_samd11.o
_fini                                             c:/program files (x86)/atmel/studio/7.0/toolchain/arm/arm-gnu-toolchain/bin/../lib/gcc/arm-none-eabi/6.3.1/thumb/v6-m/crti.o
_fstat                                            src/ASF/sam0/utils/syscalls/gcc/syscalls.o
_getpid                                           src/ASF/sam0/utils/syscalls/gcc/syscalls.o
_global_impure_ptr                                c:/program files (x86)/atmel/studio/7.0/toolchain/arm/arm-gnu-toolchain/bin/../lib/gcc/arm-none-eabi/6.3.1/../../../../arm-none-eabi/lib/thumb/v6-m\libc_nano.a(lib_a-impure.o)
                                                  c:/program files (x86)/atmel/studio/7.0/toolchain/arm/arm-gnu-toolchain/bin/../lib/gcc/arm-none-eabi/6.3.1/../../../../arm-none-eabi/lib/thumb/v6-m\libc_nano.a(lib_a-exit.o)
_i2c_master_address_response                      src/ASF/sam0/drivers/sercom/i2c/i2c_sam0/i2c_master.o
                                                  src/ASF/sam0/drivers/sercom/i2c/i2c_sam0/i2c_master_interrupt.o
_i2c_master_interrupt_handler                     src/ASF/sam0/drivers/sercom/i2c/i2c_sam0/i2c_master_interrupt.o
                                                  src/ASF/sam0/drivers/sercom/i2c/i2c_sam0/i2c_master.o
_i2c_master_send_hs_master_code                   src/ASF/sam0/drivers/sercom/i2c/i2c_sam0/i2c_master.o
                                                  src/ASF/sam0/drivers/sercom/i2c/i2c_sam0/i2c_master_interrupt.o
_i2c_master_wait_for_bus                          src/ASF/sam0/drivers/sercom/i2c/i2c_sam0/i2c_master.o
                                                  src/ASF/sam0/drivers/sercom/i2c/i2c_sam0/i2c_master_interrupt.o
_impure_ptr                                       c:/program files (x86)/atmel/studio/7.0/toolchain/arm/arm-gnu-toolchain/bin/../lib/gcc/arm-none-eabi/6.3.1/../../../../arm-none-eabi/lib/thumb/v6-m\libc_nano.a(lib_a-impure.o)
_init                                             c:/program files (x86)/atmel/studio/7.0/toolchain/arm/arm-gnu-toolchain/bin/../lib/gcc/arm-none-eabi/6.3.1/thumb/v6-m/crti.o
                                                  c:/program files (x86)/atmel/studio/7.0/toolchain/arm/arm-gnu-toolchain/bin/../lib/gcc/arm-none-eabi/6.3.1/../../../../arm-none-eabi/lib/thumb/v6-m\libc_nano.a(lib_a-init.o)
_isatty                                           src/ASF/sam0/utils/syscalls/gcc/syscalls.o
_kill                                             src/ASF/sam0/utils/syscalls/gcc/syscalls.o
_lseek                                            src/ASF/sam0/utils/syscalls/gcc/syscalls.o
_mainCRTStartup                                   c:/program files (x86)/atmel/studio/7.0/toolchain/arm/arm-gnu-toolchain/bin/../lib/gcc/arm-none-eabi/6.3.1/../../../../arm-none-eabi/lib/thumb/v6-m/crt0.o
_read                                             src/ASF/sam0/utils/stdio/read.o
_sbrk                                             src/ASF/sam0/utils/syscalls/gcc/syscalls.o
_sercom_get_async_baud_val                        src/ASF/sam0/drivers/sercom/sercom.o
                                                  src/ASF/sam0/drivers/sercom/usart/usart.o
_sercom_get_default_pad                           src/ASF/sam0/drivers/sercom/sercom.o
                                                  src/ASF/sam0/drivers/sercom/usart/usart.o
                                                  src/ASF/sam0/drivers/sercom/i2c/i2c_sam0/i2c_master.o
_sercom_get_interrupt_vector                      src/ASF/sam0/drivers/sercom/sercom_interrupt.o
                                                  src/led_driver.o
                                                  src/ASF/sam0/drivers/sercom/i2c/i2c_sam0/i2c_master.o
_sercom_get_sercom_inst_index                     src/ASF/sam0/drivers/sercom/sercom.o
                                                  src/ASF/sam0/drivers/sercom/usart/usart.o
                                                  src/ASF/sam0/drivers/sercom/sercom_interrupt.o
                                                  src/ASF/sam0/drivers/sercom/i2c/i2c_sam0/i2c_master.o
_sercom_get_sync_baud_val                         src/ASF/sam0/drivers/sercom/sercom.o
                                                  src/ASF/sam0/drivers/sercom/usart/usart.o
_sercom_instances                                 src/ASF/sam0/drivers/sercom/sercom_interrupt.o
                                                  src/ASF/sam0/drivers/sercom/usart/usart_interrupt.o
                                                  src/ASF/sam0/drivers/sercom/usart/usart.o
                                                  src/ASF/sam0/drivers/sercom/i2c/i2c_sam0/i2c_master_interrupt.o
                                                  src/ASF/sam0/drivers/sercom/i2c/i2c_sam0/i2c_master.o
_sercom_set_handler                               src/ASF/sam0/drivers/sercom/sercom_interrupt.o
                                                  src/ASF/sam0/drivers/sercom/usart/usart.o
                                                  src/ASF/sam0/drivers/sercom/i2c/i2c_sam0/i2c_master.o
_sfixed                                           src/ASF/sam0/utils/cmsis/samd11/source/gcc/startup_samd11.o
_srelocate                                        src/ASF/sam0/utils/cmsis/samd11/source/gcc/startup_samd11.o
_start                                            c:/program files (x86)/atmel/studio/7.0/toolchain/arm/arm-gnu-toolchain/bin/../lib/gcc/arm-none-eabi/6.3.1/../../../../arm-none-eabi/lib/thumb/v6-m/crt0.o
_system_divas_init                                src/ASF/sam0/drivers/system/system.o
_system_dummy_init                                src/ASF/sam0/drivers/system/system.o
_system_events_init                               src/ASF/sam0/drivers/system/system.o
_system_extint_init                               src/ASF/sam0/drivers/extint/extint_sam_d_r_h/extint.o
_szero                                            src/ASF/sam0/utils/cmsis/samd11/source/gcc/startup_samd11.o
_tc_get_inst_index                                src/ASF/sam0/drivers/tc/tc_sam_d_r_h/tc.o
                                                  src/system_setup.o
_tc_instances                                     src/ASF/sam0/drivers/tc/tc_interrupt.o
                                                  src/ASF/sam0/drivers/tc/tc_sam_d_r_h/tc.o
_tc_interrupt_handler                             src/ASF/sam0/drivers/tc/tc_interrupt.o
_tcc_apbcmasks                                    src/ASF/sam0/drivers/tcc/tcc.o
_tcc_cc_nums                                      src/ASF/sam0/drivers/tcc/tcc.o
_tcc_exts                                         src/ASF/sam0/drivers/tcc/tcc.o
_tcc_gclk_ids                                     src/ASF/sam0/drivers/tcc/tcc.o
_tcc_get_inst_index                               src/ASF/sam0/drivers/tcc/tcc.o
                                                  src/ASF/sam0/drivers/tcc/tcc_callback.o
_tcc_instances                                    src/ASF/sam0/drivers/tcc/tcc_callback.o
                                                  src/ASF/sam0/drivers/tcc/tcc.o
_tcc_interrupt_handler                            src/ASF/sam0/drivers/tcc/tcc_callback.o
_tcc_intflag                                      src/ASF/sam0/drivers/tcc/tcc_callback.o
_tcc_maxs                                         src/ASF/sam0/drivers/tcc/tcc.o
_tcc_ow_nums                                      src/ASF/sam0/drivers/tcc/tcc.o
_tcc_sizes                                        src/ASF/sam0/drivers/tcc/tcc.o
_usart_interrupt_handler                          src/ASF/sam0/drivers/sercom/usart/usart_interrupt.o
                                                  src/ASF/sam0/drivers/sercom/usart/usart.o
_usart_read_buffer                                src/ASF/sam0/drivers/sercom/usart/usart_interrupt.o
_usart_write_buffer                               src/ASF/sam0/drivers/sercom/usart/usart_interrupt.o
_write                                            src/ASF/sam0/utils/stdio/write.o
adc_get_config_defaults                           src/ASF/sam0/drivers/adc/adc_sam_d_r_h/adc.o
                                                  src/adc_sample.o
adc_init                                          src/ASF/sam0/drivers/adc/adc_sam_d_r_h/adc.o
                                                  src/adc_sample.o
adc_instance                                      src/main.o
                                                  src/system_state.o
                                                  src/system_setup.o
                                                  src/system_logic.o