Archive member included to satisfy reference by file (symbol)

c:/program files (x86)/atmel/studio/7.0/toolchain/arm/arm-gnu-toolchain/bin/../lib/gcc/arm-none-eabi/6.3.1/thumb/v6-m\libgcc.a(_udivsi3.o)
                              src/ASF/common2/services/delay/sam0/systick_counter.o (__aeabi_uidiv)
c:/program files (x86)/atmel/studio/7.0/toolchain/arm/arm-gnu-toolchain/bin/../lib/gcc/arm-none-eabi/6.3.1/thumb/v6-m\libgcc.a(_dvmd_tls.o)
                              c:/program files (x86)/atmel/studio/7.0/toolchain/arm/arm-gnu-toolchain/bin/../lib/gcc/arm-none-eabi/6.3.1/thumb/v6-m\libgcc.a(_udivsi3.o) (__aeabi_idiv0)
c:/program files (x86)/atmel/studio/7.0/toolchain/arm/arm-gnu-toolchain/bin/../lib/gcc/arm-none-eabi/6.3.1/thumb/v6-m\libgcc.a(_muldi3.o)
                              src/ASF/sam0/drivers/sercom/sercom.o (__aeabi_lmul)
c:/program files (x86)/atmel/studio/7.0/toolchain/arm/arm-gnu-toolchain/bin/../lib/gcc/arm-none-eabi/6.3.1/../../../../arm-none-eabi/lib/thumb/v6-m\libc_nano.a(lib_a-exit.o)
                              c:/program files (x86)/atmel/studio/7.0/toolchain/arm/arm-gnu-toolchain/bin/../lib/gcc/arm-none-eabi/6.3.1/../../../../arm-none-eabi/lib/thumb/v6-m/crt0.o (exit)
c:/program files (x86)/atmel/studio/7.0/toolchain/arm/arm-gnu-toolchain/bin/../lib/gcc/arm-none-eabi/6.3.1/../../../../arm-none-eabi/lib/thumb/v6-m\libc_nano.a(lib_a-impure.o)
                              c:/program files (x86)/atmel/studio/7.0/toolchain/arm/arm-gnu-toolchain/bin/../lib/gcc/arm-none-eabi/6.3.1/../../../../arm-none-eabi/lib/thumb/v6-m\libc_nano.a(lib_a-exit.o) (_global_impure_ptr)
c:/program files (x86)/atmel/studio/7.0/toolchain/arm/arm-gnu-toolchain/bin/../lib/gcc/arm-none-eabi/6.3.1/../../../../arm-none-eabi/lib/thumb/v6-m\libc_nano.a(lib_a-init.o)
                              c:/program files (x86)/atmel/studio/7.0/toolchain/arm/arm-gnu-toolchain/bin/../lib/gcc/arm-none-eabi/6.3.1/../../../../arm-none-eabi/lib/thumb/v6-m/crt0.o (__libc_init_array)
c:/program files (x86)/atmel/studio/7.0/toolchain/arm/arm-gnu-toolchain/bin/../lib/gcc/arm-none-eabi/6.3.1/../../../../arm-none-eabi/lib/thumb/v6-m\libc_nano.a(lib_a-memcpy-stub.o)
                              src/ASF/sam0/drivers/adc/adc_sam_d_r_h/adc.o (memcpy)
c:/program files (x86)/atmel/studio/7.0/toolchain/arm/arm-gnu-toolchain/bin/../lib/gcc/arm-none-eabi/6.3.1/../../../../arm-none-eabi/lib/thumb/v6-m\libc_nano.a(lib_a-memset.o)
                              c:/program files (x86)/atmel/studio/7.0/toolchain/arm/arm-gnu-toolchain/bin/../lib/gcc/arm-none-eabi/6.3.1/../../../../arm-none-eabi/lib/thumb/v6-m/crt0.o (memset)

Allocating common symbols
Common symbol       size              file

_tcc_instances      0x4               src/ASF/sam0/drivers/tcc/tcc_callback.o
Chargn_Off_State    0x1               src/system_logic.o
Vbus_State          0x1               src/system_logic.o
Chargn_On_State     0x1               src/system_logic.o
Charged_State       0x1               src/system_logic.o
adc_result          0x2               src/adc_sample.o
ptr_get             0x4               src/ASF/sam0/utils/stdio/read.o
ptr_put             0x4               src/ASF/sam0/utils/stdio/write.o
_tc_instances       0x8               src/ASF/sam0/drivers/tc/tc_interrupt.o
_sercom_instances   0xc               src/ASF/sam0/drivers/sercom/sercom_interrupt.o
BATTERY_CHARGED     0x1               src/system_state.o
tcc_instance        0x40              src/button.o
_extint_dev         0x40              src/ASF/sam0/drivers/extint/extint_sam_d_r_h/extint.o
is_cycle_led        0x1               src/pwm_led.o
_current_channel    0x1               src/ASF/sam0/drivers/extint/extint_callback.o
i2c_master_instance
                    0x28              src/led_driver.o
stdio_base          0x4               src/ASF/sam0/utils/stdio/write.o
system_timer_instance
                    0x1c              src/button.o
flash_led_counter   0x4               src/pwm_led.o
config_tcc          0xa4              src/button.o
pwm_generator_instance
                    0x1c              src/button.o
adc_instance        0x8               src/adc_sample.o
pwm_led_toggle_flag
                    0x1               src/pwm_led.o

Discarded input sections

 .text          0x00000000        0x0 c:/program files (x86)/atmel/studio/7.0/toolchain/arm/arm-gnu-toolchain/bin/../lib/gcc/arm-none-eabi/6.3.1/thumb/v6-m/crtfastmath.o
 .data          0x00000000        0x0 c:/program files (x86)/atmel/studio/7.0/toolchain/arm/arm-gnu-toolchain/bin/../lib/gcc/arm-none-eabi/6.3.1/thumb/v6-m/crtfastmath.o
 .bss           0x00000000        0x0 c:/program files (x86)/atmel/studio/7.0/toolchain/arm/arm-gnu-toolchain/bin/../lib/gcc/arm-none-eabi/6.3.1/thumb/v6-m/crtfastmath.o
 .ARM.attributes
                0x00000000       0x2c c:/program files (x86)/atmel/studio/7.0/toolchain/arm/arm-gnu-toolchain/bin/../lib/gcc/arm-none-eabi/6.3.1/thumb/v6-m/crtfastmath.o
[...]
Memory Configuration

Name             Origin             Length             Attributes
rom              0x00000000         0x00004000         xr
ram              0x20000000         0x00001000         xrw
*default*        0x00000000         0xffffffff

Linker script and memory map

LOAD c:/program files (x86)/atmel/studio/7.0/toolchain/arm/arm-gnu-toolchain/bin/../lib/gcc/arm-none-eabi/6.3.1/thumb/v6-m/crtfastmath.o
LOAD c:/program files (x86)/atmel/studio/7.0/toolchain/arm/arm-gnu-toolchain/bin/../lib/gcc/arm-none-eabi/6.3.1/thumb/v6-m/crti.o
LOAD c:/program files (x86)/atmel/studio/7.0/toolchain/arm/arm-gnu-toolchain/bin/../lib/gcc/arm-none-eabi/6.3.1/thumb/v6-m/crtbegin.o
LOAD c:/program files (x86)/atmel/studio/7.0/toolchain/arm/arm-gnu-toolchain/bin/../lib/gcc/arm-none-eabi/6.3.1/../../../../arm-none-eabi/lib/thumb/v6-m/crt0.o
LOAD src/adc_sample.o
LOAD src/ASF/common2/services/delay/sam0/systick_counter.o
LOAD src/ASF/sam0/drivers/adc/adc_sam_d_r_h/adc.o
LOAD src/ASF/sam0/drivers/extint/extint_callback.o
LOAD src/ASF/sam0/drivers/extint/extint_sam_d_r_h/extint.o
LOAD src/button.o
LOAD src/pwm_led.o
LOAD src/pwm_motor.o
LOAD src/system_logic.o
LOAD src/system_setup.o
LOAD src/system_state.o
LOAD src/ASF/common/utils/interrupt/interrupt_sam_nvic.o
LOAD src/ASF/sam0/boards/samd11_xplained_pro/board_init.o
LOAD src/ASF/sam0/drivers/port/port.o
LOAD src/ASF/sam0/drivers/sercom/i2c/i2c_sam0/i2c_master.o
LOAD src/ASF/sam0/drivers/sercom/i2c/i2c_sam0/i2c_master_interrupt.o
LOAD src/ASF/sam0/drivers/sercom/sercom.o
LOAD src/ASF/sam0/drivers/sercom/sercom_interrupt.o
LOAD src/ASF/sam0/drivers/sercom/usart/usart.o
LOAD src/ASF/sam0/drivers/sercom/usart/usart_interrupt.o
LOAD src/ASF/sam0/drivers/system/clock/clock_samd09_d10_d11/clock.o
LOAD src/ASF/sam0/drivers/system/clock/clock_samd09_d10_d11/gclk.o
LOAD src/ASF/sam0/drivers/system/interrupt/system_interrupt.o
LOAD src/ASF/sam0/drivers/system/pinmux/pinmux.o
LOAD src/ASF/sam0/drivers/system/system.o
LOAD src/ASF/sam0/drivers/tcc/tcc.o
LOAD src/ASF/sam0/drivers/tcc/tcc_callback.o
LOAD src/ASF/sam0/drivers/tc/tc_interrupt.o
LOAD src/ASF/sam0/drivers/tc/tc_sam_d_r_h/tc.o
LOAD src/ASF/sam0/utils/cmsis/samd11/source/gcc/startup_samd11.o
LOAD src/ASF/sam0/utils/cmsis/samd11/source/system_samd11.o
LOAD src/ASF/sam0/utils/stdio/read.o
LOAD src/ASF/sam0/utils/stdio/write.o
LOAD src/ASF/sam0/utils/syscalls/gcc/syscalls.o
LOAD src/led_driver.o
LOAD src/main.o
START GROUP
LOAD ../src/ASF/thirdparty/CMSIS/Lib/GCC\libarm_cortexM0l_math.a
LOAD c:/program files (x86)/atmel/studio/7.0/toolchain/arm/arm-gnu-toolchain/bin/../lib/gcc/arm-none-eabi/6.3.1/../../../../arm-none-eabi/lib/thumb/v6-m\libm.a
END GROUP
START GROUP
LOAD c:/program files (x86)/atmel/studio/7.0/toolchain/arm/arm-gnu-toolchain/bin/../lib/gcc/arm-none-eabi/6.3.1/thumb/v6-m\libgcc.a
LOAD c:/program files (x86)/atmel/studio/7.0/toolchain/arm/arm-gnu-toolchain/bin/../lib/gcc/arm-none-eabi/6.3.1/../../../../arm-none-eabi/lib/thumb/v6-m\libc_nano.a
END GROUP
START GROUP
LOAD c:/program files (x86)/atmel/studio/7.0/toolchain/arm/arm-gnu-toolchain/bin/../lib/gcc/arm-none-eabi/6.3.1/thumb/v6-m\libgcc.a
LOAD c:/program files (x86)/atmel/studio/7.0/toolchain/arm/arm-gnu-toolchain/bin/../lib/gcc/arm-none-eabi/6.3.1/../../../../arm-none-eabi/lib/thumb/v6-m\libc_nano.a
END GROUP
LOAD c:/program files (x86)/atmel/studio/7.0/toolchain/arm/arm-gnu-toolchain/bin/../lib/gcc/arm-none-eabi/6.3.1/thumb/v6-m/crtend.o
LOAD c:/program files (x86)/atmel/studio/7.0/toolchain/arm/arm-gnu-toolchain/bin/../lib/gcc/arm-none-eabi/6.3.1/thumb/v6-m/crtn.o
                0x00000400                STACK_SIZE = DEFINED (STACK_SIZE)?STACK_SIZE:DEFINED (__stack_size__)?__stack_size__:0x400

.text           0x00000000     0x2eac
                0x00000000                . = ALIGN (0x4)
                0x00000000                _sfixed = .
 *(.vectors .vectors.*)
 .vectors       0x00000000       0x8c src/ASF/sam0/utils/cmsis/samd11/source/gcc/startup_samd11.o
                0x00000000                exception_table
 *(.text .text.* .gnu.linkonce.t.*)
 .text          0x0000008c       0x60 c:/program files (x86)/atmel/studio/7.0/toolchain/arm/arm-gnu-toolchain/bin/../lib/gcc/arm-none-eabi/6.3.1/thumb/v6-m/crtbegin.o
 .text.configure_adc
                0x000000ec       0x48 src/adc_sample.o
                0x000000ec                configure_adc
 .text.sample_adc
                0x00000134       0x7c src/adc_sample.o
                0x00000134                sample_adc
 .text.adc_get_config_defaults
                0x000001b0       0x46 src/ASF/sam0/drivers/adc/adc_sam_d_r_h/adc.o
                0x000001b0                adc_get_config_defaults
 *fill*         0x000001f6        0x2 
 .text.adc_init
                0x000001f8      0x3ec src/ASF/sam0/drivers/adc/adc_sam_d_r_h/adc.o
                0x000001f8                adc_init
 .text.extint_register_callback
                0x000005e4       0x2c src/ASF/sam0/drivers/extint/extint_callback.o
                0x000005e4                extint_register_callback
 .text.extint_chan_enable_callback
                0x00000610       0x20 src/ASF/sam0/drivers/extint/extint_callback.o
                0x00000610                extint_chan_enable_callback
 .text.EIC_Handler
                0x00000630       0x54 src/ASF/sam0/drivers/extint/extint_callback.o
                0x00000630                EIC_Handler
 .text._extint_enable
                0x00000684       0x18 src/ASF/sam0/drivers/extint/extint_sam_d_r_h/extint.o
 .text._system_extint_init
                0x0000069c       0x60 src/ASF/sam0/drivers/extint/extint_sam_d_r_h/extint.o
                0x0000069c                _system_extint_init
 .text.extint_chan_get_config_defaults
                0x000006fc       0x14 src/ASF/sam0/drivers/extint/extint_sam_d_r_h/extint.o
                0x000006fc                extint_chan_get_config_defaults
 .text.extint_chan_set_config
                0x00000710       0x74 src/ASF/sam0/drivers/extint/extint_sam_d_r_h/extint.o
                0x00000710                extint_chan_set_config
 .text.is_button_two_pressed
                0x00000784       0xc0 src/button.o
                0x00000784                is_button_two_pressed
 .text.is_button_two_take_action
                0x00000844       0x14 src/button.o
                0x00000844                is_button_two_take_action
 .text.set_pwm_color_channel
                0x00000858       0x78 src/pwm_led.o
                0x00000858                set_pwm_color_channel
 .text.pwm_led_system_cleanup
                0x000008d0       0x24 src/pwm_led.o
                0x000008d0                pwm_led_system_cleanup
 .text.set_pwm_color
                0x000008f4       0x70 src/pwm_led.o
                0x000008f4                set_pwm_color
 .text.configure_pwm_tcc
                0x00000964       0x6c src/pwm_led.o
                0x00000964                configure_pwm_tcc
 .text.cycle_pwm_led
                0x000009d0       0x40 src/pwm_led.o
                0x000009d0                cycle_pwm_led
 .text.configure_pwm_generator
                0x00000a10       0x60 src/pwm_motor.o
                0x00000a10                configure_pwm_generator
 .text.motor_enable
                0x00000a70       0x30 src/pwm_motor.o
                0x00000a70                motor_enable
 .text.motor_disable
                0x00000aa0       0x54 src/pwm_motor.o
                0x00000aa0                motor_disable
 .text.cycle_pwm_motor
                0x00000af4       0x60 src/pwm_motor.o
                0x00000af4                cycle_pwm_motor
 .text.toggle_nsleep
                0x00000b54       0x38 src/pwm_motor.o
                0x00000b54                toggle_nsleep
 .text.system_inactive
                0x00000b8c       0x20 src/system_logic.o
                0x00000b8c                system_inactive
 .text.put_to_sleep
                0x00000bac       0x20 src/system_logic.o
                0x00000bac                put_to_sleep
 .text.regular_routine
                0x00000bcc       0xec src/system_logic.o
                0x00000bcc                regular_routine
 .text.get_battery_level
                0x00000cb8       0xa4 src/system_logic.o
                0x00000cb8                get_battery_level
 .text.system_logic
                0x00000d5c       0xcc src/system_logic.o
                0x00000d5c                system_logic
 .text.sys_tc_callback
                0x00000e28       0xb4 src/system_setup.o
                0x00000e28                sys_tc_callback
 .text.extint_detection_callback
                0x00000edc       0x1c src/system_setup.o
                0x00000edc                extint_detection_callback
 .text.configure_port_pins
                0x00000ef8       0x70 src/system_setup.o
                0x00000ef8                configure_port_pins
 .text.configure_system_tc
                0x00000f68       0x6c src/system_setup.o
                0x00000f68                configure_system_tc
 .text.system_tc_callbacks
                0x00000fd4       0x44 src/system_setup.o
                0x00000fd4                system_tc_callbacks
 .text.configure_extint_channel
                0x00001018       0x44 src/system_setup.o
                0x00001018                configure_extint_channel
 .text.configure_extint_callbacks
                0x0000105c       0x30 src/system_setup.o
                0x0000105c                configure_extint_callbacks
 .text.configure_sleep_clock
                0x0000108c       0x10 src/system_setup.o
                0x0000108c                configure_sleep_clock
 .text.startup_default_pin_state
                0x0000109c       0x20 src/system_setup.o
                0x0000109c                startup_default_pin_state
 .text.startup_sys_configs
                0x000010bc       0x48 src/system_setup.o
                0x000010bc                startup_sys_configs
 .text.update_battery_states
                0x00001104       0x28 src/system_state.o
                0x00001104                update_battery_states
 .text.display_battery_state
                0x0000112c       0x48 src/system_state.o
                0x0000112c                display_battery_state
 .text.display_battery_state_before_shutdown
                0x00001174       0x38 src/system_state.o
                0x00001174                display_battery_state_before_shutdown
 .text.system_state
                0x000011ac        0xc src/system_state.o
                0x000011ac                system_state
 .text.cpu_irq_enter_critical
                0x000011b8       0x40 src/ASF/common/utils/interrupt/interrupt_sam_nvic.o
                0x000011b8                cpu_irq_enter_critical
 .text.cpu_irq_leave_critical
                0x000011f8       0x30 src/ASF/common/utils/interrupt/interrupt_sam_nvic.o
                0x000011f8                cpu_irq_leave_critical
 .text.port_pin_set_config
                0x00001228       0x20 src/ASF/sam0/drivers/port/port.o
                0x00001228                port_pin_set_config
 .text._i2c_master_wait_for_sync
                0x00001248        0xc src/ASF/sam0/drivers/sercom/i2c/i2c_sam0/i2c_master.o
 .text.i2c_master_init
                0x00001254      0x18c src/ASF/sam0/drivers/sercom/i2c/i2c_sam0/i2c_master.o
                0x00001254                i2c_master_init
 .text._i2c_master_address_response
                0x000013e0       0x30 src/ASF/sam0/drivers/sercom/i2c/i2c_sam0/i2c_master.o
                0x000013e0                _i2c_master_address_response
 .text._i2c_master_wait_for_bus
                0x00001410       0x2c src/ASF/sam0/drivers/sercom/i2c/i2c_sam0/i2c_master.o
                0x00001410                _i2c_master_wait_for_bus
 .text._i2c_master_send_hs_master_code
                0x0000143c       0x1a src/ASF/sam0/drivers/sercom/i2c/i2c_sam0/i2c_master.o
                0x0000143c                _i2c_master_send_hs_master_code
 *fill*         0x00001456        0x2 
 .text._i2c_master_write_packet
                0x00001458       0xe8 src/ASF/sam0/drivers/sercom/i2c/i2c_sam0/i2c_master.o
 .text.i2c_master_write_packet_wait
                0x00001540       0x1e src/ASF/sam0/drivers/sercom/i2c/i2c_sam0/i2c_master.o
                0x00001540                i2c_master_write_packet_wait
 .text._i2c_master_wait_for_sync
                0x0000155e        0xc src/ASF/sam0/drivers/sercom/i2c/i2c_sam0/i2c_master_interrupt.o
 .text._i2c_master_read
                0x0000156a       0x84 src/ASF/sam0/drivers/sercom/i2c/i2c_sam0/i2c_master_interrupt.o
 .text._i2c_master_write
                0x000015ee       0x36 src/ASF/sam0/drivers/sercom/i2c/i2c_sam0/i2c_master_interrupt.o
 .text._i2c_master_interrupt_handler
                0x00001624      0x1e0 src/ASF/sam0/drivers/sercom/i2c/i2c_sam0/i2c_master_interrupt.o
                0x00001624                _i2c_master_interrupt_handler
 .text.sercom_set_gclk_generator
                0x00001804       0x44 src/ASF/sam0/drivers/sercom/sercom.o
                0x00001804                sercom_set_gclk_generator
 .text._sercom_get_default_pad
                0x00001848       0xc0 src/ASF/sam0/drivers/sercom/sercom.o
                0x00001848                _sercom_get_default_pad
 .text._sercom_get_sercom_inst_index
                0x00001908       0x38 src/ASF/sam0/drivers/sercom/sercom.o
                0x00001908                _sercom_get_sercom_inst_index
 .text._sercom_default_handler
                0x00001940        0x2 src/ASF/sam0/drivers/sercom/sercom_interrupt.o
 *fill*         0x00001942        0x2 
 .text._sercom_set_handler
                0x00001944       0x3c src/ASF/sam0/drivers/sercom/sercom_interrupt.o
                0x00001944                _sercom_set_handler
 .text._sercom_get_interrupt_vector
                0x00001980       0x1c src/ASF/sam0/drivers/sercom/sercom_interrupt.o
                0x00001980                _sercom_get_interrupt_vector
 .text.SERCOM0_Handler
                0x0000199c       0x10 src/ASF/sam0/drivers/sercom/sercom_interrupt.o
                0x0000199c                SERCOM0_Handler
 .text.SERCOM1_Handler
                0x000019ac       0x10 src/ASF/sam0/drivers/sercom/sercom_interrupt.o
                0x000019ac                SERCOM1_Handler
 .text.SERCOM2_Handler
                0x000019bc       0x10 src/ASF/sam0/drivers/sercom/sercom_interrupt.o
                0x000019bc                SERCOM2_Handler
 .text.system_clock_source_get_hz
                0x000019cc       0x90 src/ASF/sam0/drivers/system/clock/clock_samd09_d10_d11/clock.o
                0x000019cc                system_clock_source_get_hz
 .text.system_clock_source_osc8m_set_config
                0x00001a5c       0x3c src/ASF/sam0/drivers/system/clock/clock_samd09_d10_d11/clock.o
                0x00001a5c                system_clock_source_osc8m_set_config
 .text.system_clock_source_enable
                0x00001a98       0xa8 src/ASF/sam0/drivers/system/clock/clock_samd09_d10_d11/clock.o
                0x00001a98                system_clock_source_enable
 .text.system_clock_init
                0x00001b40       0x98 src/ASF/sam0/drivers/system/clock/clock_samd09_d10_d11/clock.o
                0x00001b40                system_clock_init
 .text.system_gclk_init
                0x00001bd8       0x24 src/ASF/sam0/drivers/system/clock/clock_samd09_d10_d11/gclk.o
                0x00001bd8                system_gclk_init
 .text.system_gclk_gen_set_config
                0x00001bfc       0xb0 src/ASF/sam0/drivers/system/clock/clock_samd09_d10_d11/gclk.o
                0x00001bfc                system_gclk_gen_set_config
 .text.system_gclk_gen_enable
                0x00001cac       0x3c src/ASF/sam0/drivers/system/clock/clock_samd09_d10_d11/gclk.o
                0x00001cac                system_gclk_gen_enable
 .text.system_gclk_gen_get_hz
                0x00001ce8       0x7c src/ASF/sam0/drivers/system/clock/clock_samd09_d10_d11/gclk.o
                0x00001ce8                system_gclk_gen_get_hz
 .text.system_gclk_chan_enable
                0x00001d64       0x28 src/ASF/sam0/drivers/system/clock/clock_samd09_d10_d11/gclk.o
                0x00001d64                system_gclk_chan_enable
 .text.system_gclk_chan_disable
                0x00001d8c       0x54 src/ASF/sam0/drivers/system/clock/clock_samd09_d10_d11/gclk.o
                0x00001d8c                system_gclk_chan_disable
 .text.system_gclk_chan_set_config
                0x00001de0       0x18 src/ASF/sam0/drivers/system/clock/clock_samd09_d10_d11/gclk.o
                0x00001de0                system_gclk_chan_set_config
 .text.system_gclk_chan_get_hz
                0x00001df8       0x28 src/ASF/sam0/drivers/system/clock/clock_samd09_d10_d11/gclk.o
                0x00001df8                system_gclk_chan_get_hz
 .text._system_pinmux_config
                0x00001e20       0xa8 src/ASF/sam0/drivers/system/pinmux/pinmux.o
 .text.system_pinmux_pin_set_config
                0x00001ec8       0x2c src/ASF/sam0/drivers/system/pinmux/pinmux.o
                0x00001ec8                system_pinmux_pin_set_config
 .text._system_dummy_init
                0x00001ef4        0x2 src/ASF/sam0/drivers/system/system.o
                0x00001ef4                _system_events_init
                0x00001ef4                _system_dummy_init
                0x00001ef4                _system_divas_init
 .text.system_init
                0x00001ef6       0x14 src/ASF/sam0/drivers/system/system.o
                0x00001ef6                system_init
 .text._tcc_get_inst_index
                0x00001f0a        0x4 src/ASF/sam0/drivers/tcc/tcc.o
                0x00001f0a                _tcc_get_inst_index
 *fill*         0x00001f0e        0x2 
 .text._tcc_set_compare_value
                0x00001f10       0x58 src/ASF/sam0/drivers/tcc/tcc.o
 .text.tcc_get_config_defaults
                0x00001f68      0x13c src/ASF/sam0/drivers/tcc/tcc.o
                0x00001f68                tcc_get_config_defaults
 .text.tcc_init
                0x000020a4      0x374 src/ASF/sam0/drivers/tcc/tcc.o
                0x000020a4                tcc_init
 .text.tcc_set_compare_value
                0x00002418        0xc src/ASF/sam0/drivers/tcc/tcc.o
                0x00002418                tcc_set_compare_value
 .text._tcc_interrupt_handler
                0x00002424       0x4c src/ASF/sam0/drivers/tcc/tcc_callback.o
                0x00002424                _tcc_interrupt_handler
 .text.TCC0_Handler
                0x00002470        0xa src/ASF/sam0/drivers/tcc/tcc_callback.o
                0x00002470                TCC0_Handler
 .text.tc_register_callback
                0x0000247a       0x32 src/ASF/sam0/drivers/tc/tc_interrupt.o
                0x0000247a                tc_register_callback
 .text._tc_interrupt_handler
                0x000024ac       0x64 src/ASF/sam0/drivers/tc/tc_interrupt.o
                0x000024ac                _tc_interrupt_handler
 .text.TC1_Handler
                0x00002510        0xa src/ASF/sam0/drivers/tc/tc_interrupt.o
                0x00002510                TC1_Handler
 .text.TC2_Handler
                0x0000251a        0xa src/ASF/sam0/drivers/tc/tc_interrupt.o
                0x0000251a                TC2_Handler
 .text._tc_get_inst_index
                0x00002524       0x24 src/ASF/sam0/drivers/tc/tc_sam_d_r_h/tc.o
                0x00002524                _tc_get_inst_index
 .text.tc_init  0x00002548      0x220 src/ASF/sam0/drivers/tc/tc_sam_d_r_h/tc.o
                0x00002548                tc_init
 .text.tc_set_compare_value
                0x00002768       0x50 src/ASF/sam0/drivers/tc/tc_sam_d_r_h/tc.o
                0x00002768                tc_set_compare_value
 .text.Dummy_Handler
                0x000027b8        0x2 src/ASF/sam0/utils/cmsis/samd11/source/gcc/startup_samd11.o
                0x000027b8                DMAC_Handler
                0x000027b8                HardFault_Handler
                0x000027b8                AC_Handler
                0x000027b8                SysTick_Handler
                0x000027b8                PendSV_Handler
                0x000027b8                NMI_Handler
                0x000027b8                ADC_Handler
                0x000027b8                RTC_Handler
                0x000027b8                WDT_Handler
                0x000027b8                USB_Handler
                0x000027b8                Dummy_Handler
                0x000027b8                PM_Handler
                0x000027b8                SVC_Handler
                0x000027b8                EVSYS_Handler
                0x000027b8                NVMCTRL_Handler
                0x000027b8                DAC_Handler
                0x000027b8                PTC_Handler
                0x000027b8                SYSCTRL_Handler
 *fill*         0x000027ba        0x2 
 .text.Reset_Handler
                0x000027bc       0xdc src/ASF/sam0/utils/cmsis/samd11/source/gcc/startup_samd11.o
                0x000027bc                Reset_Handler
 .text.set_color_green_indication
                0x00002898       0x38 src/led_driver.o
                0x00002898                set_color_green_indication
 .text.set_color_red_indication
                0x000028d0       0x38 src/led_driver.o
                0x000028d0                set_color_red_indication
 .text.reset_chip
                0x00002908       0x38 src/led_driver.o
                0x00002908                reset_chip
 .text.set_battery_charge_routine
                0x00002940       0x98 src/led_driver.o
                0x00002940                set_battery_charge_routine
 .text.set_battery_low_routine
                0x000029d8       0x8c src/led_driver.o
                0x000029d8                set_battery_low_routine
 .text.i2c_master_setup
                0x00002a64       0xa0 src/led_driver.o
                0x00002a64                i2c_master_setup
 .text.main     0x00002b04       0x10 src/main.o
                0x00002b04                main
 .text          0x00002b14      0x114 c:/program files (x86)/atmel/studio/7.0/toolchain/arm/arm-gnu-toolchain/bin/../lib/gcc/arm-none-eabi/6.3.1/thumb/v6-m\libgcc.a(_udivsi3.o)
                0x00002b14                __aeabi_uidiv
                0x00002b14                __udivsi3
                0x00002c20                __aeabi_uidivmod
 .text          0x00002c28        0x4 c:/program files (x86)/atmel/studio/7.0/toolchain/arm/arm-gnu-toolchain/bin/../lib/gcc/arm-none-eabi/6.3.1/thumb/v6-m\libgcc.a(_dvmd_tls.o)
                0x00002c28                __aeabi_idiv0
                0x00002c28                __aeabi_ldiv0
 .text.__libc_init_array
                0x00002c2c       0x48 c:/program files (x86)/atmel/studio/7.0/toolchain/arm/arm-gnu-toolchain/bin/../lib/gcc/arm-none-eabi/6.3.1/../../../../arm-none-eabi/lib/thumb/v6-m\libc_nano.a(lib_a-init.o)
                0x00002c2c                __libc_init_array
 .text.memcpy   0x00002c74       0x12 c:/program files (x86)/atmel/studio/7.0/toolchain/arm/arm-gnu-toolchain/bin/../lib/gcc/arm-none-eabi/6.3.1/../../../../arm-none-eabi/lib/thumb/v6-m\libc_nano.a(lib_a-memcpy-stub.o)
                0x00002c74                memcpy
 *(.glue_7t)
 .glue_7t       0x00002c86        0x0 linker stubs
 *(.glue_7)
 .glue_7        0x00002c86        0x0 linker stubs
 *(.rodata .rodata* .gnu.linkonce.r.*)
 *fill*         0x00002c86        0x2 
 .rodata.adc_init
                0x00002c88       0xd4 src/ASF/sam0/drivers/adc/adc_sam_d_r_h/adc.o
 .rodata        0x00002d5c       0x50 src/ASF/sam0/drivers/adc/adc_sam_d_r_h/adc.o
 .rodata.set_pwm_color
                0x00002dac       0x1c src/pwm_led.o
 .rodata.tc_interrupt_vectors.12581
                0x00002dc8        0x2 src/system_setup.o
 *fill*         0x00002dca        0x2 
 .rodata        0x00002dcc        0xc src/ASF/sam0/drivers/sercom/sercom.o
 .rodata.system_clock_source_get_hz
                0x00002dd8       0x24 src/ASF/sam0/drivers/system/clock/clock_samd09_d10_d11/clock.o
 .rodata.system_clock_source_enable
                0x00002dfc       0x24 src/ASF/sam0/drivers/system/clock/clock_samd09_d10_d11/clock.o
 .rodata._tcc_intflag
                0x00002e20       0x30 src/ASF/sam0/drivers/tcc/tcc_callback.o
                0x00002e20                _tcc_intflag
 .rodata        0x00002e50       0x3a src/led_driver.o
 *(.ARM.extab* .gnu.linkonce.armextab.*)
                0x00002e8c                . = ALIGN (0x4)
 *fill*         0x00002e8a        0x2 
 *(.init)
 .init          0x00002e8c        0x4 c:/program files (x86)/atmel/studio/7.0/toolchain/arm/arm-gnu-toolchain/bin/../lib/gcc/arm-none-eabi/6.3.1/thumb/v6-m/crti.o
                0x00002e8c                _init
 .init          0x00002e90        0x8 c:/program files (x86)/atmel/studio/7.0/toolchain/arm/arm-gnu-toolchain/bin/../lib/gcc/arm-none-eabi/6.3.1/thumb/v6-m/crtn.o
                0x00002e98                . = ALIGN (0x4)
                0x00002e98                __preinit_array_start = .
 *(.preinit_array)
                0x00002e98                __preinit_array_end = .
                0x00002e98                . = ALIGN (0x4)
                0x00002e98                __init_array_start = .
 *(SORT(.init_array.*))
 *(.init_array)
 .init_array    0x00002e98        0x4 c:/program files (x86)/atmel/studio/7.0/toolchain/arm/arm-gnu-toolchain/bin/../lib/gcc/arm-none-eabi/6.3.1/thumb/v6-m/crtbegin.o
                0x00002e9c                __init_array_end = .
                0x00002e9c                . = ALIGN (0x4)
 *crtbegin.o(.ctors)
 *(EXCLUDE_FILE(*crtend.o) .ctors)
 *(SORT(.ctors.*))
 *crtend.o(.ctors)
                0x00002e9c                . = ALIGN (0x4)
 *(.fini)
 .fini          0x00002e9c        0x4 c:/program files (x86)/atmel/studio/7.0/toolchain/arm/arm-gnu-toolchain/bin/../lib/gcc/arm-none-eabi/6.3.1/thumb/v6-m/crti.o
                0x00002e9c                _fini
 .fini          0x00002ea0        0x8 c:/program files (x86)/atmel/studio/7.0/toolchain/arm/arm-gnu-toolchain/bin/../lib/gcc/arm-none-eabi/6.3.1/thumb/v6-m/crtn.o
                0x00002ea8                . = ALIGN (0x4)
                0x00002ea8                __fini_array_start = .
 *(.fini_array)
 .fini_array    0x00002ea8        0x4 c:/program files (x86)/atmel/studio/7.0/toolchain/arm/arm-gnu-toolchain/bin/../lib/gcc/arm-none-eabi/6.3.1/thumb/v6-m/crtbegin.o
 *(SORT(.fini_array.*))
                0x00002eac                __fini_array_end = .
 *crtbegin.o(.dtors)
 *(EXCLUDE_FILE(*crtend.o) .dtors)
 *(SORT(.dtors.*))
 *crtend.o(.dtors)
                0x00002eac                . = ALIGN (0x4)
                0x00002eac                _efixed = .
                [!provide]                PROVIDE (__exidx_start, .)

.vfp11_veneer   0x00002eac        0x0
 .vfp11_veneer  0x00002eac        0x0 linker stubs

.v4_bx          0x00002eac        0x0
 .v4_bx         0x00002eac        0x0 linker stubs

.iplt           0x00002eac        0x0
 .iplt          0x00002eac        0x0 c:/program files (x86)/atmel/studio/7.0/toolchain/arm/arm-gnu-toolchain/bin/../lib/gcc/arm-none-eabi/6.3.1/thumb/v6-m/crtbegin.o

.eh_frame       0x00002eac        0x0
 .eh_frame      0x00002eac        0x0 c:/program files (x86)/atmel/studio/7.0/toolchain/arm/arm-gnu-toolchain/bin/../lib/gcc/arm-none-eabi/6.3.1/thumb/v6-m/crtbegin.o

.rel.dyn        0x00002eac        0x0
 .rel.iplt      0x00002eac        0x0 c:/program files (x86)/atmel/studio/7.0/toolchain/arm/arm-gnu-toolchain/bin/../lib/gcc/arm-none-eabi/6.3.1/thumb/v6-m/crtbegin.o

.jcr            0x00002eac        0x0
 .jcr           0x00002eac        0x0 c:/program files (x86)/atmel/studio/7.0/toolchain/arm/arm-gnu-toolchain/bin/../lib/gcc/arm-none-eabi/6.3.1/thumb/v6-m/crtbegin.o

.igot.plt       0x00002eac        0x0
 .igot.plt      0x00002eac        0x0 c:/program files (x86)/atmel/studio/7.0/toolchain/arm/arm-gnu-toolchain/bin/../lib/gcc/arm-none-eabi/6.3.1/thumb/v6-m/crtbegin.o

.ARM.exidx
 *(.ARM.exidx* .gnu.linkonce.armexidx.*)
                [!provide]                PROVIDE (__exidx_end, .)
                0x00002eac                . = ALIGN (0x4)
                0x00002eac                _etext = .

.relocate       0x20000000       0x20 load address 0x00002eac
                0x20000000                . = ALIGN (0x4)
                0x20000000                _srelocate = .
 *(.ramfunc .ramfunc.*)
 *(.data .data.*)
 .data.long_press_B2_delay_count
                0x20000000        0x4 src/button.o
                0x20000000                long_press_B2_delay_count
 .data.press_B2_delay_count
                0x20000004        0x4 src/button.o
                0x20000004                press_B2_delay_count
 .data.motor_toggle_count
                0x20000008        0x1 src/pwm_motor.o
                0x20000008                motor_toggle_count
 *fill*         0x20000009        0x3 
 .data.SleepTickCount
                0x2000000c        0x4 src/system_setup.o
                0x2000000c                SleepTickCount
 .data.g_interrupt_enabled
                0x20000010        0x1 src/ASF/common/utils/interrupt/interrupt_sam_nvic.o
                0x20000010                g_interrupt_enabled
 *fill*         0x20000011        0x3 
 .data.packet   0x20000014        0xc src/led_driver.o
                0x20000014                packet
                0x20000020                . = ALIGN (0x4)
                0x20000020                _erelocate = .

.bss            0x20000020      0x238 load address 0x00002ecc
                0x20000020                . = ALIGN (0x4)
                0x20000020                _sbss = .
                0x20000020                _szero = .
 *(.bss .bss.*)
 .bss           0x20000020       0x1c c:/program files (x86)/atmel/studio/7.0/toolchain/arm/arm-gnu-toolchain/bin/../lib/gcc/arm-none-eabi/6.3.1/thumb/v6-m/crtbegin.o
 .bss.BUTTON_TWO_PRESS_STATUS
                0x2000003c        0x1 src/button.o
                0x2000003c                BUTTON_TWO_PRESS_STATUS
 .bss.BUTTON_TWO_READY_TAKE_ACTION
                0x2000003d        0x1 src/button.o
                0x2000003d                BUTTON_TWO_READY_TAKE_ACTION
 .bss.BUTTON_TWO_RELEASE_STATUS
                0x2000003e        0x1 src/button.o
                0x2000003e                BUTTON_TWO_RELEASE_STATUS
 .bss.BUTTON_TWO_TAKE_ACTION
                0x2000003f        0x1 src/button.o
                0x2000003f                BUTTON_TWO_TAKE_ACTION
 .bss.LongPressB2Flag
                0x20000040        0x1 src/button.o
                0x20000040                LongPressB2Flag
 .bss.pwm_led_toggle_count
                0x20000041        0x1 src/pwm_led.o
                0x20000041                pwm_led_toggle_count
 .bss.PULSATING_MOTOR.13659
                0x20000042        0x1 src/pwm_motor.o
 .bss.motor_running
                0x20000043        0x1 src/pwm_motor.o
                0x20000043                motor_running
 .bss.pulsating_motor_routine
                0x20000044        0x1 src/pwm_motor.o
                0x20000044                pulsating_motor_routine
 .bss.BATTERY_LOW
                0x20000045        0x1 src/system_logic.o
                0x20000045                BATTERY_LOW
 .bss.BATTERY_LOWEST
                0x20000046        0x1 src/system_logic.o
                0x20000046                BATTERY_LOWEST
 .bss.SYS_READY_TO_SLEEP
                0x20000047        0x1 src/system_logic.o
                0x20000047                SYS_READY_TO_SLEEP
 .bss.led_button_status_changed.13674
                0x20000048        0x1 src/system_logic.o
 .bss.motor_status_changed.13673
                0x20000049        0x1 src/system_logic.o
 .bss.SYS_SLEEP
                0x2000004a        0x1 src/system_setup.o
                0x2000004a                SYS_SLEEP
 .bss.SYS_TICK_100MS
                0x2000004b        0x1 src/system_setup.o
                0x2000004b                SYS_TICK_100MS
 .bss.SYS_TICK_10MS
                0x2000004c        0x1 src/system_setup.o
                0x2000004c                SYS_TICK_10MS
 .bss.SYS_TICK_200MS
                0x2000004d        0x1 src/system_setup.o
                0x2000004d                SYS_TICK_200MS
 .bss.SYS_TICK_20MS
                0x2000004e        0x1 src/system_setup.o
                0x2000004e                SYS_TICK_20MS
 .bss.SYS_TICK_50MS
                0x2000004f        0x1 src/system_setup.o
                0x2000004f                SYS_TICK_50MS
 .bss.tick_count_100ms.13668
                0x20000050        0x4 src/system_setup.o
 .bss.tick_count_10ms.13664
                0x20000054        0x4 src/system_setup.o
 .bss.tick_count_1ms.13663
                0x20000058        0x4 src/system_setup.o
 .bss.tick_count_200ms.13669
                0x2000005c        0x4 src/system_setup.o
 .bss.tick_count_20ms.13665
                0x20000060        0x4 src/system_setup.o
 .bss.tick_count_50ms.13667
                0x20000064        0x4 src/system_setup.o
 .bss.reset_led_after_disconnect
                0x20000068        0x1 src/system_state.o
                0x20000068                reset_led_after_disconnect
 *fill*         0x20000069        0x3 
 .bss.cpu_irq_critical_section_counter
                0x2000006c        0x4 src/ASF/common/utils/interrupt/interrupt_sam_nvic.o
 .bss.cpu_irq_prev_interrupt_state
                0x20000070        0x1 src/ASF/common/utils/interrupt/interrupt_sam_nvic.o
 *fill*         0x20000071        0x3 
 .bss._sercom_config
                0x20000074        0x2 src/ASF/sam0/drivers/sercom/sercom.o
 .bss._handler_table_initialized
                0x20000076        0x1 src/ASF/sam0/drivers/sercom/sercom_interrupt.o
 *fill*         0x20000077        0x1 
 .bss._sercom_interrupt_handlers
                0x20000078        0xc src/ASF/sam0/drivers/sercom/sercom_interrupt.o
 .bss._system_clock_inst
                0x20000084       0x18 src/ASF/sam0/drivers/system/clock/clock_samd09_d10_d11/clock.o
 *(COMMON)
 COMMON         0x2000009c        0xc src/adc_sample.o
                0x2000009c                adc_result
                0x200000a0                adc_instance
 COMMON         0x200000a8        0x1 src/ASF/sam0/drivers/extint/extint_callback.o
                0x200000a8                _current_channel
 *fill*         0x200000a9        0x3 
 COMMON         0x200000ac       0x40 src/ASF/sam0/drivers/extint/extint_sam_d_r_h/extint.o
                0x200000ac                _extint_dev
 COMMON         0x200000ec      0x11c src/button.o
                0x200000ec                tcc_instance
                0x2000012c                system_timer_instance
                0x20000148                config_tcc
                0x200001ec                pwm_generator_instance
 COMMON         0x20000208        0x9 src/pwm_led.o
                0x20000208                is_cycle_led
                0x2000020c                flash_led_counter
                0x20000210                pwm_led_toggle_flag
 COMMON         0x20000211        0x4 src/system_logic.o
                0x20000211                Chargn_Off_State
                0x20000212                Vbus_State
                0x20000213                Chargn_On_State
                0x20000214                Charged_State
 COMMON         0x20000215        0x1 src/system_state.o
                0x20000215                BATTERY_CHARGED
 *fill*         0x20000216        0x2 
 COMMON         0x20000218        0xc src/ASF/sam0/drivers/sercom/sercom_interrupt.o
                0x20000218                _sercom_instances
 COMMON         0x20000224        0x4 src/ASF/sam0/drivers/tcc/tcc_callback.o
                0x20000224                _tcc_instances
 COMMON         0x20000228        0x8 src/ASF/sam0/drivers/tc/tc_interrupt.o
                0x20000228                _tc_instances
 COMMON         0x20000230       0x28 src/led_driver.o
                0x20000230                i2c_master_instance
                0x20000258                . = ALIGN (0x4)
                0x20000258                _ebss = .
                0x20000258                _ezero = .

.stack          0x20000258      0x400 load address 0x00003104
                0x20000258                . = ALIGN (0x8)
                0x20000258                _sstack = .
                0x20000658                . = (. + STACK_SIZE)
 *fill*         0x20000258      0x400 
                0x20000658                . = ALIGN (0x8)
                0x20000658                _estack = .
                0x20000658                . = ALIGN (0x4)
                0x20000658                _end = .
OUTPUT(micro_needle.elf elf32-littlearm)

.ARM.attributes
                0x00000000       0x2a
 .ARM.attributes
                0x00000000       0x1e c:/program files (x86)/atmel/studio/7.0/toolchain/arm/arm-gnu-toolchain/bin/../lib/gcc/arm-none-eabi/6.3.1/thumb/v6-m/crti.o
 .ARM.attributes
                0x0000001e       0x2c c:/program files (x86)/atmel/studio/7.0/toolchain/arm/arm-gnu-toolchain/bin/../lib/gcc/arm-none-eabi/6.3.1/thumb/v6-m/crtbegin.o
 .ARM.attributes
                0x0000004a       0x32 src/adc_sample.o
 .ARM.attributes
                0x0000007c       0x32 src/ASF/sam0/drivers/adc/adc_sam_d_r_h/adc.o
 .ARM.attributes
                0x000000ae       0x32 src/ASF/sam0/drivers/extint/extint_callback.o
 .ARM.attributes
                0x000000e0       0x32 src/ASF/sam0/drivers/extint/extint_sam_d_r_h/extint.o
 .ARM.attributes
                0x00000112       0x32 src/button.o
 .ARM.attributes
                0x00000144       0x32 src/pwm_led.o
 .ARM.attributes
                0x00000176       0x32 src/pwm_motor.o
 .ARM.attributes
                0x000001a8       0x32 src/system_logic.o
 .ARM.attributes
                0x000001da       0x32 src/system_setup.o
 .ARM.attributes
                0x0000020c       0x32 src/system_state.o
 .ARM.attributes
                0x0000023e       0x32 src/ASF/common/utils/interrupt/interrupt_sam_nvic.o
 .ARM.attributes
                0x00000270       0x32 src/ASF/sam0/drivers/port/port.o
 .ARM.attributes
                0x000002a2       0x32 src/ASF/sam0/drivers/sercom/i2c/i2c_sam0/i2c_master.o
 .ARM.attributes
                0x000002d4       0x32 src/ASF/sam0/drivers/sercom/i2c/i2c_sam0/i2c_master_interrupt.o
 .ARM.attributes
                0x00000306       0x32 src/ASF/sam0/drivers/sercom/sercom.o
 .ARM.attributes
                0x00000338       0x32 src/ASF/sam0/drivers/sercom/sercom_interrupt.o
 .ARM.attributes
                0x0000036a       0x32 src/ASF/sam0/drivers/system/clock/clock_samd09_d10_d11/clock.o
 .ARM.attributes
                0x0000039c       0x32 src/ASF/sam0/drivers/system/clock/clock_samd09_d10_d11/gclk.o
 .ARM.attributes
                0x000003ce       0x32 src/ASF/sam0/drivers/system/pinmux/pinmux.o
 .ARM.attributes
                0x00000400       0x32 src/ASF/sam0/drivers/system/system.o
 .ARM.attributes
                0x00000432       0x32 src/ASF/sam0/drivers/tcc/tcc.o
 .ARM.attributes
                0x00000464       0x32 src/ASF/sam0/drivers/tcc/tcc_callback.o
 .ARM.attributes
                0x00000496       0x32 src/ASF/sam0/drivers/tc/tc_interrupt.o
 .ARM.attributes
                0x000004c8       0x32 src/ASF/sam0/drivers/tc/tc_sam_d_r_h/tc.o
 .ARM.attributes
                0x000004fa       0x32 src/ASF/sam0/utils/cmsis/samd11/source/gcc/startup_samd11.o
 .ARM.attributes
                0x0000052c       0x32 src/led_driver.o
 .ARM.attributes
                0x0000055e       0x32 src/main.o
 .ARM.attributes
                0x00000590       0x1e c:/program files (x86)/atmel/studio/7.0/toolchain/arm/arm-gnu-toolchain/bin/../lib/gcc/arm-none-eabi/6.3.1/thumb/v6-m\libgcc.a(_udivsi3.o)
 .ARM.attributes
                0x000005ae       0x1e c:/program files (x86)/atmel/studio/7.0/toolchain/arm/arm-gnu-toolchain/bin/../lib/gcc/arm-none-eabi/6.3.1/thumb/v6-m\libgcc.a(_dvmd_tls.o)
 .ARM.attributes
                0x000005cc       0x2c c:/program files (x86)/atmel/studio/7.0/toolchain/arm/arm-gnu-toolchain/bin/../lib/gcc/arm-none-eabi/6.3.1/../../../../arm-none-eabi/lib/thumb/v6-m\libc_nano.a(lib_a-init.o)
 .ARM.attributes
                0x000005f8       0x2c c:/program files (x86)/atmel/studio/7.0/toolchain/arm/arm-gnu-toolchain/bin/../lib/gcc/arm-none-eabi/6.3.1/../../../../arm-none-eabi/lib/thumb/v6-m\libc_nano.a(lib_a-memcpy-stub.o)
 .ARM.attributes
                0x00000624       0x1e c:/program files (x86)/atmel/studio/7.0/toolchain/arm/arm-gnu-toolchain/bin/../lib/gcc/arm-none-eabi/6.3.1/thumb/v6-m/crtn.o

.comment        0x00000000       0x59
 .comment       0x00000000       0x59 src/adc_sample.o
                                 0x5a (size before relaxing)
 .comment       0x00000059       0x5a src/ASF/sam0/drivers/adc/adc_sam_d_r_h/adc.o
 .comment       0x00000059       0x5a src/ASF/sam0/drivers/extint/extint_callback.o
 .comment       0x00000059       0x5a src/ASF/sam0/drivers/extint/extint_sam_d_r_h/extint.o
 .comment       0x00000059       0x5a src/button.o
 .comment       0x00000059       0x5a src/pwm_led.o
 .comment       0x00000059       0x5a src/pwm_motor.o
 .comment       0x00000059       0x5a src/system_logic.o
 .comment       0x00000059       0x5a src/system_setup.o
 .comment       0x00000059       0x5a src/system_state.o
 .comment       0x00000059       0x5a src/ASF/common/utils/interrupt/interrupt_sam_nvic.o
 .comment       0x00000059       0x5a src/ASF/sam0/drivers/port/port.o
 .comment       0x00000059       0x5a src/ASF/sam0/drivers/sercom/i2c/i2c_sam0/i2c_master.o
 .comment       0x00000059       0x5a src/ASF/sam0/drivers/sercom/i2c/i2c_sam0/i2c_master_interrupt.o
 .comment       0x00000059       0x5a src/ASF/sam0/drivers/sercom/sercom.o
 .comment       0x00000059       0x5a src/ASF/sam0/drivers/sercom/sercom_interrupt.o
 .comment       0x00000059       0x5a src/ASF/sam0/drivers/system/clock/clock_samd09_d10_d11/clock.o
 .comment       0x00000059       0x5a src/ASF/sam0/drivers/system/clock/clock_samd09_d10_d11/gclk.o
 .comment       0x00000059       0x5a src/ASF/sam0/drivers/system/pinmux/pinmux.o
 .comment       0x00000059       0x5a src/ASF/sam0/drivers/system/system.o
 .comment       0x00000059       0x5a src/ASF/sam0/drivers/tcc/tcc.o
 .comment       0x00000059       0x5a src/ASF/sam0/drivers/tcc/tcc_callback.o
 .comment       0x00000059       0x5a src/ASF/sam0/drivers/tc/tc_interrupt.o
 .comment       0x00000059       0x5a src/ASF/sam0/drivers/tc/tc_sam_d_r_h/tc.o
 .comment       0x00000059       0x5a src/ASF/sam0/utils/cmsis/samd11/source/gcc/startup_samd11.o
 .comment       0x00000059       0x5a src/led_driver.o
 .comment       0x00000059       0x5a src/main.o

.debug_info     0x00000000    0x57c62
 .debug_info    0x00000000     0x21d5 src/adc_sample.o
 .debug_info    0x000021d5     0x3c54 src/ASF/sam0/drivers/adc/adc_sam_d_r_h/adc.o
 .debug_info    0x00005e29     0x16d7 src/ASF/sam0/drivers/extint/extint_callback.o
 .debug_info    0x00007500     0x278b src/ASF/sam0/drivers/extint/extint_sam_d_r_h/extint.o
 .debug_info    0x00009c8b     0x53d4 src/button.o
 .debug_info    0x0000f05f     0x3745 src/pwm_led.o
 .debug_info    0x000127a4     0x5997 src/pwm_motor.o
 .debug_info    0x0001813b     0x599a src/system_logic.o
 .debug_info    0x0001dad5     0x6d02 src/system_setup.o
 .debug_info    0x000247d7     0x5436 src/system_state.o
 .debug_info    0x00029c0d      0xb05 src/ASF/common/utils/interrupt/interrupt_sam_nvic.o
 .debug_info    0x0002a712     0x12b6 src/ASF/sam0/drivers/port/port.o
 .debug_info    0x0002b9c8     0x4fb2 src/ASF/sam0/drivers/sercom/i2c/i2c_sam0/i2c_master.o
 .debug_info    0x0003097a     0x312d src/ASF/sam0/drivers/sercom/i2c/i2c_sam0/i2c_master_interrupt.o
 .debug_info    0x00033aa7     0x2d87 src/ASF/sam0/drivers/sercom/sercom.o
 .debug_info    0x0003682e     0x2b0d src/ASF/sam0/drivers/sercom/sercom_interrupt.o
 .debug_info    0x0003933b     0x36a2 src/ASF/sam0/drivers/system/clock/clock_samd09_d10_d11/clock.o
 .debug_info    0x0003c9dd     0x1e6b src/ASF/sam0/drivers/system/clock/clock_samd09_d10_d11/gclk.o
 .debug_info    0x0003e848     0x13f1 src/ASF/sam0/drivers/system/pinmux/pinmux.o
 .debug_info    0x0003fc39      0xa6e src/ASF/sam0/drivers/system/system.o
 .debug_info    0x000406a7     0x4b99 src/ASF/sam0/drivers/tcc/tcc.o
 .debug_info    0x00045240     0x3035 src/ASF/sam0/drivers/tcc/tcc_callback.o
 .debug_info    0x00048275     0x1afa src/ASF/sam0/drivers/tc/tc_interrupt.o
 .debug_info    0x00049d6f     0x2ee4 src/ASF/sam0/drivers/tc/tc_sam_d_r_h/tc.o
 .debug_info    0x0004cc53     0x2bd9 src/ASF/sam0/utils/cmsis/samd11/source/gcc/startup_samd11.o
 .debug_info    0x0004f82c     0x382b src/led_driver.o
 .debug_info    0x00053057     0x4c0b src/main.o

.debug_abbrev   0x00000000     0x5f62
 .debug_abbrev  0x00000000      0x36f src/adc_sample.o
 .debug_abbrev  0x0000036f      0x45c src/ASF/sam0/drivers/adc/adc_sam_d_r_h/adc.o
 .debug_abbrev  0x000007cb      0x333 src/ASF/sam0/drivers/extint/extint_callback.o
 .debug_abbrev  0x00000afe      0x4b4 src/ASF/sam0/drivers/extint/extint_sam_d_r_h/extint.o
 .debug_abbrev  0x00000fb2      0x30a src/button.o
 .debug_abbrev  0x000012bc      0x34f src/pwm_led.o
 .debug_abbrev  0x0000160b      0x383 src/pwm_motor.o
 .debug_abbrev  0x0000198e      0x38b src/system_logic.o
 .debug_abbrev  0x00001d19      0x4bf src/system_setup.o
 .debug_abbrev  0x000021d8      0x336 src/system_state.o
 .debug_abbrev  0x0000250e      0x23b src/ASF/common/utils/interrupt/interrupt_sam_nvic.o
 .debug_abbrev  0x00002749      0x298 src/ASF/sam0/drivers/port/port.o
 .debug_abbrev  0x000029e1      0x505 src/ASF/sam0/drivers/sercom/i2c/i2c_sam0/i2c_master.o
 .debug_abbrev  0x00002ee6      0x427 src/ASF/sam0/drivers/sercom/i2c/i2c_sam0/i2c_master_interrupt.o
 .debug_abbrev  0x0000330d      0x388 src/ASF/sam0/drivers/sercom/sercom.o
 .debug_abbrev  0x00003695      0x2da src/ASF/sam0/drivers/sercom/sercom_interrupt.o
 .debug_abbrev  0x0000396f      0x476 src/ASF/sam0/drivers/system/clock/clock_samd09_d10_d11/clock.o
 .debug_abbrev  0x00003de5      0x420 src/ASF/sam0/drivers/system/clock/clock_samd09_d10_d11/gclk.o
 .debug_abbrev  0x00004205      0x354 src/ASF/sam0/drivers/system/pinmux/pinmux.o
 .debug_abbrev  0x00004559      0x1e1 src/ASF/sam0/drivers/system/system.o
 .debug_abbrev  0x0000473a      0x4b9 src/ASF/sam0/drivers/tcc/tcc.o
 .debug_abbrev  0x00004bf3      0x39a src/ASF/sam0/drivers/tcc/tcc_callback.o
 .debug_abbrev  0x00004f8d      0x2ff src/ASF/sam0/drivers/tc/tc_interrupt.o
 .debug_abbrev  0x0000528c      0x46d src/ASF/sam0/drivers/tc/tc_sam_d_r_h/tc.o
 .debug_abbrev  0x000056f9      0x234 src/ASF/sam0/utils/cmsis/samd11/source/gcc/startup_samd11.o
 .debug_abbrev  0x0000592d      0x393 src/led_driver.o
 .debug_abbrev  0x00005cc0      0x2a2 src/main.o

.debug_loc      0x00000000     0x7afc
 .debug_loc     0x00000000      0x2d0 src/adc_sample.o
 .debug_loc     0x000002d0      0x84a src/ASF/sam0/drivers/adc/adc_sam_d_r_h/adc.o
 .debug_loc     0x00000b1a      0x2ac src/ASF/sam0/drivers/extint/extint_callback.o
 .debug_loc     0x00000dc6      0x43d src/ASF/sam0/drivers/extint/extint_sam_d_r_h/extint.o
 .debug_loc     0x00001203       0x54 src/button.o
 .debug_loc     0x00001257      0x1ef src/pwm_led.o
 .debug_loc     0x00001446      0x207 src/pwm_motor.o
 .debug_loc     0x0000164d       0xf5 src/system_logic.o
 .debug_loc     0x00001742      0x354 src/system_setup.o
 .debug_loc     0x00001a96       0xb4 src/system_state.o
 .debug_loc     0x00001b4a      0x13d src/ASF/sam0/drivers/port/port.o
 .debug_loc     0x00001c87      0xe12 src/ASF/sam0/drivers/sercom/i2c/i2c_sam0/i2c_master.o
 .debug_loc     0x00002a99      0x7ec src/ASF/sam0/drivers/sercom/i2c/i2c_sam0/i2c_master_interrupt.o
 .debug_loc     0x00003285      0x893 src/ASF/sam0/drivers/sercom/sercom.o
 .debug_loc     0x00003b18      0x139 src/ASF/sam0/drivers/sercom/sercom_interrupt.o
 .debug_loc     0x00003c51      0xeba src/ASF/sam0/drivers/system/clock/clock_samd09_d10_d11/clock.o
 .debug_loc     0x00004b0b      0x504 src/ASF/sam0/drivers/system/clock/clock_samd09_d10_d11/gclk.o
 .debug_loc     0x0000500f      0x36e src/ASF/sam0/drivers/system/pinmux/pinmux.o
 .debug_loc     0x0000537d       0x20 src/ASF/sam0/drivers/system/system.o
 .debug_loc     0x0000539d     0x12c7 src/ASF/sam0/drivers/tcc/tcc.o
 .debug_loc     0x00006664      0x205 src/ASF/sam0/drivers/tcc/tcc_callback.o
 .debug_loc     0x00006869      0x168 src/ASF/sam0/drivers/tc/tc_interrupt.o
 .debug_loc     0x000069d1      0xdb9 src/ASF/sam0/drivers/tc/tc_sam_d_r_h/tc.o
 .debug_loc     0x0000778a       0x40 src/ASF/sam0/utils/cmsis/samd11/source/gcc/startup_samd11.o
 .debug_loc     0x000077ca      0x312 src/led_driver.o
 .debug_loc     0x00007adc       0x20 src/main.o

.debug_aranges  0x00000000      0x878
 .debug_aranges
                0x00000000       0x28 src/adc_sample.o
 .debug_aranges
                0x00000028       0x38 src/ASF/sam0/drivers/adc/adc_sam_d_r_h/adc.o
 .debug_aranges
                0x00000060       0x48 src/ASF/sam0/drivers/extint/extint_callback.o
 .debug_aranges
                0x000000a8       0x50 src/ASF/sam0/drivers/extint/extint_sam_d_r_h/extint.o
 .debug_aranges
                0x000000f8       0x30 src/button.o
 .debug_aranges
                0x00000128       0x40 src/pwm_led.o
 .debug_aranges
                0x00000168       0x40 src/pwm_motor.o
 .debug_aranges
                0x000001a8       0x48 src/system_logic.o
 .debug_aranges
                0x000001f0       0x80 src/system_setup.o
 .debug_aranges
                0x00000270       0x38 src/system_state.o
 .debug_aranges
                0x000002a8       0x28 src/ASF/common/utils/interrupt/interrupt_sam_nvic.o
 .debug_aranges
                0x000002d0       0x28 src/ASF/sam0/drivers/port/port.o
 .debug_aranges
                0x000002f8       0xa0 src/ASF/sam0/drivers/sercom/i2c/i2c_sam0/i2c_master.o
 .debug_aranges
                0x00000398       0x90 src/ASF/sam0/drivers/sercom/i2c/i2c_sam0/i2c_master_interrupt.o
 .debug_aranges
                0x00000428       0x48 src/ASF/sam0/drivers/sercom/sercom.o
 .debug_aranges
                0x00000470       0x48 src/ASF/sam0/drivers/sercom/sercom_interrupt.o
 .debug_aranges
                0x000004b8       0x78 src/ASF/sam0/drivers/system/clock/clock_samd09_d10_d11/clock.o
 .debug_aranges
                0x00000530       0x80 src/ASF/sam0/drivers/system/clock/clock_samd09_d10_d11/gclk.o
 .debug_aranges
                0x000005b0       0x40 src/ASF/sam0/drivers/system/pinmux/pinmux.o
 .debug_aranges
                0x000005f0       0x28 src/ASF/sam0/drivers/system/system.o
 .debug_aranges
                0x00000618       0xb0 src/ASF/sam0/drivers/tcc/tcc.o
 .debug_aranges
                0x000006c8       0x48 src/ASF/sam0/drivers/tcc/tcc_callback.o
 .debug_aranges
                0x00000710       0x40 src/ASF/sam0/drivers/tc/tc_interrupt.o
 .debug_aranges
                0x00000750       0x58 src/ASF/sam0/drivers/tc/tc_sam_d_r_h/tc.o
 .debug_aranges
                0x000007a8       0x28 src/ASF/sam0/utils/cmsis/samd11/source/gcc/startup_samd11.o
 .debug_aranges
                0x000007d0       0x88 src/led_driver.o
 .debug_aranges
                0x00000858       0x20 src/main.o

.debug_ranges   0x00000000      0x928
 .debug_ranges  0x00000000       0x30 src/adc_sample.o
 .debug_ranges  0x00000030       0xb8 src/ASF/sam0/drivers/adc/adc_sam_d_r_h/adc.o
 .debug_ranges  0x000000e8       0x90 src/ASF/sam0/drivers/extint/extint_callback.o
 .debug_ranges  0x00000178       0x40 src/ASF/sam0/drivers/extint/extint_sam_d_r_h/extint.o
 .debug_ranges  0x000001b8       0x20 src/button.o
 .debug_ranges  0x000001d8       0x48 src/pwm_led.o
 .debug_ranges  0x00000220       0x30 src/pwm_motor.o
 .debug_ranges  0x00000250       0x38 src/system_logic.o
 .debug_ranges  0x00000288       0x70 src/system_setup.o
 .debug_ranges  0x000002f8       0x28 src/system_state.o
 .debug_ranges  0x00000320       0x18 src/ASF/common/utils/interrupt/interrupt_sam_nvic.o
 .debug_ranges  0x00000338       0x18 src/ASF/sam0/drivers/port/port.o
 .debug_ranges  0x00000350       0xc0 src/ASF/sam0/drivers/sercom/i2c/i2c_sam0/i2c_master.o
 .debug_ranges  0x00000410       0x98 src/ASF/sam0/drivers/sercom/i2c/i2c_sam0/i2c_master_interrupt.o
 .debug_ranges  0x000004a8       0x58 src/ASF/sam0/drivers/sercom/sercom.o
 .debug_ranges  0x00000500       0x38 src/ASF/sam0/drivers/sercom/sercom_interrupt.o
 .debug_ranges  0x00000538       0x68 src/ASF/sam0/drivers/system/clock/clock_samd09_d10_d11/clock.o
 .debug_ranges  0x000005a0       0x88 src/ASF/sam0/drivers/system/clock/clock_samd09_d10_d11/gclk.o
 .debug_ranges  0x00000628       0x30 src/ASF/sam0/drivers/system/pinmux/pinmux.o
 .debug_ranges  0x00000658       0x18 src/ASF/sam0/drivers/system/system.o
 .debug_ranges  0x00000670      0x118 src/ASF/sam0/drivers/tcc/tcc.o
 .debug_ranges  0x00000788       0x38 src/ASF/sam0/drivers/tcc/tcc_callback.o
 .debug_ranges  0x000007c0       0x30 src/ASF/sam0/drivers/tc/tc_interrupt.o
 .debug_ranges  0x000007f0       0x98 src/ASF/sam0/drivers/tc/tc_sam_d_r_h/tc.o
 .debug_ranges  0x00000888       0x18 src/ASF/sam0/utils/cmsis/samd11/source/gcc/startup_samd11.o
 .debug_ranges  0x000008a0       0x78 src/led_driver.o
 .debug_ranges  0x00000918       0x10 src/main.o

.debug_macro    0x00000000    0x1b433
 .debug_macro   0x00000000      0x669 src/adc_sample.o
 .debug_macro   0x00000669      0x8da src/adc_sample.o
 .debug_macro   0x00000f43      0x16d src/adc_sample.o
 .debug_macro   0x000010b0      0x71d src/adc_sample.o
 .debug_macro   0x000017cd       0x22 src/adc_sample.o
 .debug_macro   0x000017ef       0x87 src/adc_sample.o
 .debug_macro   0x00001876       0x51 src/adc_sample.o
 .debug_macro   0x000018c7       0xef src/adc_sample.o
 .debug_macro   0x000019b6       0x6a src/adc_sample.o
 .debug_macro   0x00001a20      0x1df src/adc_sample.o
 .debug_macro   0x00001bff       0x10 src/adc_sample.o
 .debug_macro   0x00001c0f       0x76 src/adc_sample.o
 .debug_macro   0x00001c85       0x16 src/adc_sample.o
 .debug_macro   0x00001c9b      0x6db src/adc_sample.o
 .debug_macro   0x00002376      0xdd8 src/adc_sample.o
 .debug_macro   0x0000314e       0x22 src/adc_sample.o
 .debug_macro   0x00003170       0x40 src/adc_sample.o
 .debug_macro   0x000031b0       0x1c src/adc_sample.o
 .debug_macro   0x000031cc       0x22 src/adc_sample.o
 .debug_macro   0x000031ee       0xb5 src/adc_sample.o
 .debug_macro   0x000032a3      0x3ad src/adc_sample.o
 .debug_macro   0x00003650      0x681 src/adc_sample.o
 .debug_macro   0x00003cd1      0x8b5 src/adc_sample.o
 .debug_macro   0x00004586      0x230 src/adc_sample.o
 .debug_macro   0x000047b6      0xbd1 src/adc_sample.o
 .debug_macro   0x00005387      0x5b8 src/adc_sample.o
 .debug_macro   0x0000593f      0x7c8 src/adc_sample.o
 .debug_macro   0x00006107      0x4e3 src/adc_sample.o
 .debug_macro   0x000065ea      0x39f src/adc_sample.o
 .debug_macro   0x00006989      0x18d src/adc_sample.o
 .debug_macro   0x00006b16      0x21c src/adc_sample.o
 .debug_macro   0x00006d32      0x78d src/adc_sample.o
 .debug_macro   0x000074bf       0x5e src/adc_sample.o
 .debug_macro   0x0000751d      0x628 src/adc_sample.o
 .debug_macro   0x00007b45      0x3b6 src/adc_sample.o
 .debug_macro   0x00007efb      0xc50 src/adc_sample.o
 .debug_macro   0x00008b4b     0x1092 src/adc_sample.o
 .debug_macro   0x00009bdd      0xc19 src/adc_sample.o
 .debug_macro   0x0000a7f6      0x6ba src/adc_sample.o
 .debug_macro   0x0000aeb0     0x1b87 src/adc_sample.o
 .debug_macro   0x0000ca37      0xb7c src/adc_sample.o
 .debug_macro   0x0000d5b3      0x344 src/adc_sample.o
 .debug_macro   0x0000d8f7       0x7c src/adc_sample.o
 .debug_macro   0x0000d973       0xa0 src/adc_sample.o
 .debug_macro   0x0000da13       0x4c src/adc_sample.o
 .debug_macro   0x0000da5f       0xca src/adc_sample.o
 .debug_macro   0x0000db29       0xb8 src/adc_sample.o
 .debug_macro   0x0000dbe1       0x58 src/adc_sample.o
 .debug_macro   0x0000dc39      0x21a src/adc_sample.o
 .debug_macro   0x0000de53       0x82 src/adc_sample.o
 .debug_macro   0x0000ded5      0x18d src/adc_sample.o
 .debug_macro   0x0000e062       0xa0 src/adc_sample.o
 .debug_macro   0x0000e102       0xc4 src/adc_sample.o
 .debug_macro   0x0000e1c6       0x1c src/adc_sample.o
 .debug_macro   0x0000e1e2       0x1c src/adc_sample.o
 .debug_macro   0x0000e1fe       0x1c src/adc_sample.o
 .debug_macro   0x0000e21a       0x82 src/adc_sample.o
 .debug_macro   0x0000e29c      0x112 src/adc_sample.o
 .debug_macro   0x0000e3ae       0xdc src/adc_sample.o
 .debug_macro   0x0000e48a      0x128 src/adc_sample.o
 .debug_macro   0x0000e5b2      0x128 src/adc_sample.o
 .debug_macro   0x0000e6da      0x128 src/adc_sample.o
 .debug_macro   0x0000e802      0x11e src/adc_sample.o
 .debug_macro   0x0000e920       0xe2 src/adc_sample.o
 .debug_macro   0x0000ea02       0xe2 src/adc_sample.o
 .debug_macro   0x0000eae4      0x12a src/adc_sample.o
 .debug_macro   0x0000ec0e      0x1fe src/adc_sample.o
 .debug_macro   0x0000ee0c       0x40 src/adc_sample.o
 .debug_macro   0x0000ee4c      0x2f1 src/adc_sample.o
 .debug_macro   0x0000f13d      0xf71 src/adc_sample.o
 .debug_macro   0x000100ae       0x5f src/adc_sample.o
 .debug_macro   0x0001010d       0x58 src/adc_sample.o
 .debug_macro   0x00010165       0x35 src/adc_sample.o
 .debug_macro   0x0001019a       0x9c src/adc_sample.o
 .debug_macro   0x00010236       0x16 src/adc_sample.o
 .debug_macro   0x0001024c       0x35 src/adc_sample.o
 .debug_macro   0x00010281      0x34d src/adc_sample.o
 .debug_macro   0x000105ce       0x10 src/adc_sample.o
 .debug_macro   0x000105de       0x58 src/adc_sample.o
 .debug_macro   0x00010636       0x1f src/adc_sample.o
 .debug_macro   0x00010655       0x43 src/adc_sample.o
 .debug_macro   0x00010698       0x20 src/adc_sample.o
 .debug_macro   0x000106b8      0x187 src/adc_sample.o
 .debug_macro   0x0001083f       0x10 src/adc_sample.o
 .debug_macro   0x0001084f       0x1c src/adc_sample.o
 .debug_macro   0x0001086b       0x52 src/adc_sample.o
 .debug_macro   0x000108bd       0x40 src/adc_sample.o
 .debug_macro   0x000108fd       0x10 src/adc_sample.o
 .debug_macro   0x0001090d       0x40 src/adc_sample.o
 .debug_macro   0x0001094d       0xd7 src/adc_sample.o
 .debug_macro   0x00010a24       0x16 src/adc_sample.o
 .debug_macro   0x00010a3a      0x18b src/adc_sample.o
 .debug_macro   0x00010bc5       0x16 src/adc_sample.o
 .debug_macro   0x00010bdb       0x16 src/adc_sample.o
 .debug_macro   0x00010bf1       0x29 src/adc_sample.o
 .debug_macro   0x00010c1a       0x51 src/adc_sample.o
 .debug_macro   0x00010c6b       0x3e src/adc_sample.o
 .debug_macro   0x00010ca9      0x3df src/adc_sample.o
 .debug_macro   0x00011088       0x11 src/adc_sample.o
 .debug_macro   0x00011099       0x18 src/adc_sample.o
 .debug_macro   0x000110b1       0x16 src/adc_sample.o
 .debug_macro   0x000110c7       0x1c src/adc_sample.o
 .debug_macro   0x000110e3       0x16 src/adc_sample.o
 .debug_macro   0x000110f9       0x19 src/adc_sample.o
 .debug_macro   0x00011112       0x1f src/adc_sample.o
 .debug_macro   0x00011131      0x2df src/adc_sample.o
 .debug_macro   0x00011410      0x3d5 src/adc_sample.o
 .debug_macro   0x000117e5       0x11 src/adc_sample.o
 .debug_macro   0x000117f6       0x2e src/adc_sample.o
 .debug_macro   0x00011824       0x5e src/adc_sample.o
 .debug_macro   0x00011882       0x10 src/adc_sample.o
 .debug_macro   0x00011892       0x2d src/adc_sample.o
 .debug_macro   0x000118bf       0x50 src/adc_sample.o
 .debug_macro   0x0001190f       0x6c src/adc_sample.o
 .debug_macro   0x0001197b       0x8f src/adc_sample.o
 .debug_macro   0x00011a0a      0x539 src/ASF/sam0/drivers/adc/adc_sam_d_r_h/adc.o
 .debug_macro   0x00011f43      0x4e0 src/ASF/sam0/drivers/extint/extint_callback.o
 .debug_macro   0x00012423       0x19 src/ASF/sam0/drivers/extint/extint_callback.o
 .debug_macro   0x0001243c      0x552 src/ASF/sam0/drivers/extint/extint_sam_d_r_h/extint.o
 .debug_macro   0x0001298e       0x16 src/ASF/sam0/drivers/extint/extint_sam_d_r_h/extint.o
 .debug_macro   0x000129a4      0x701 src/button.o
 .debug_macro   0x000130a5       0x22 src/button.o
 .debug_macro   0x000130c7       0x1c src/button.o
 .debug_macro   0x000130e3       0x46 src/button.o
 .debug_macro   0x00013129      0x1e1 src/button.o
 .debug_macro   0x0001330a       0x16 src/button.o
 .debug_macro   0x00013320       0x34 src/button.o
 .debug_macro   0x00013354       0x70 src/button.o
 .debug_macro   0x000133c4       0x10 src/button.o
 .debug_macro   0x000133d4      0x682 src/pwm_led.o
 .debug_macro   0x00013a56      0x6f3 src/pwm_motor.o
 .debug_macro   0x00014149       0x4c src/pwm_motor.o
 .debug_macro   0x00014195      0x6fd src/system_logic.o
 .debug_macro   0x00014892      0x70a src/system_setup.o
 .debug_macro   0x00014f9c      0x70d src/system_state.o
 .debug_macro   0x000156a9      0x4bb src/ASF/common/utils/interrupt/interrupt_sam_nvic.o
 .debug_macro   0x00015b64      0x4d7 src/ASF/sam0/drivers/port/port.o
 .debug_macro   0x0001603b      0x582 src/ASF/sam0/drivers/sercom/i2c/i2c_sam0/i2c_master.o
 .debug_macro   0x000165bd       0x27 src/ASF/sam0/drivers/sercom/i2c/i2c_sam0/i2c_master.o
 .debug_macro   0x000165e4      0x57e src/ASF/sam0/drivers/sercom/i2c/i2c_sam0/i2c_master_interrupt.o
 .debug_macro   0x00016b62      0x560 src/ASF/sam0/drivers/sercom/sercom.o
 .debug_macro   0x000170c2      0x55d src/ASF/sam0/drivers/sercom/sercom_interrupt.o
 .debug_macro   0x0001761f      0x538 src/ASF/sam0/drivers/system/clock/clock_samd09_d10_d11/clock.o
 .debug_macro   0x00017b57      0x26c src/ASF/sam0/drivers/system/clock/clock_samd09_d10_d11/clock.o
 .debug_macro   0x00017dc3      0x4f1 src/ASF/sam0/drivers/system/clock/clock_samd09_d10_d11/gclk.o
 .debug_macro   0x000182b4      0x4cb src/ASF/sam0/drivers/system/pinmux/pinmux.o
 .debug_macro   0x0001877f       0x12 src/ASF/sam0/drivers/system/pinmux/pinmux.o
 .debug_macro   0x00018791      0x516 src/ASF/sam0/drivers/system/system.o
 .debug_macro   0x00018ca7      0x602 src/ASF/sam0/drivers/tcc/tcc.o
 .debug_macro   0x000192a9       0x19 src/ASF/sam0/drivers/tcc/tcc.o
 .debug_macro   0x000192c2       0x74 src/ASF/sam0/drivers/tcc/tcc.o
 .debug_macro   0x00019336      0x535 src/ASF/sam0/drivers/tcc/tcc_callback.o
 .debug_macro   0x0001986b      0x528 src/ASF/sam0/drivers/tc/tc_interrupt.o
 .debug_macro   0x00019d93       0x19 src/ASF/sam0/drivers/tc/tc_interrupt.o
 .debug_macro   0x00019dac       0x51 src/ASF/sam0/drivers/tc/tc_interrupt.o
 .debug_macro   0x00019dfd      0x544 src/ASF/sam0/drivers/tc/tc_sam_d_r_h/tc.o
 .debug_macro   0x0001a341      0x2a2 src/ASF/sam0/utils/cmsis/samd11/source/gcc/startup_samd11.o
 .debug_macro   0x0001a5e3       0x3a src/ASF/sam0/utils/cmsis/samd11/source/gcc/startup_samd11.o
 .debug_macro   0x0001a61d      0x6fd src/led_driver.o
 .debug_macro   0x0001ad1a       0x1c src/led_driver.o
 .debug_macro   0x0001ad36      0x6fd src/main.o

.debug_line     0x00000000    0x15247
 .debug_line    0x00000000      0xeb9 src/adc_sample.o
 .debug_line    0x00000eb9      0xc8f src/ASF/sam0/drivers/adc/adc_sam_d_r_h/adc.o
 .debug_line    0x00001b48      0x987 src/ASF/sam0/drivers/extint/extint_callback.o
 .debug_line    0x000024cf      0xc52 src/ASF/sam0/drivers/extint/extint_sam_d_r_h/extint.o
 .debug_line    0x00003121      0xf12 src/button.o
 .debug_line    0x00004033      0xee3 src/pwm_led.o
 .debug_line    0x00004f16      0xf63 src/pwm_motor.o
 .debug_line    0x00005e79      0xfa6 src/system_logic.o
 .debug_line    0x00006e1f     0x1059 src/system_setup.o
 .debug_line    0x00007e78      0xf03 src/system_state.o
 .debug_line    0x00008d7b      0x87f src/ASF/common/utils/interrupt/interrupt_sam_nvic.o
 .debug_line    0x000095fa      0x8b1 src/ASF/sam0/drivers/port/port.o
 .debug_line    0x00009eab      0xe5c src/ASF/sam0/drivers/sercom/i2c/i2c_sam0/i2c_master.o
 .debug_line    0x0000ad07      0xded src/ASF/sam0/drivers/sercom/i2c/i2c_sam0/i2c_master_interrupt.o
 .debug_line    0x0000baf4      0xbc4 src/ASF/sam0/drivers/sercom/sercom.o
 .debug_line    0x0000c6b8      0xb5a src/ASF/sam0/drivers/sercom/sercom_interrupt.o
 .debug_line    0x0000d212      0xc73 src/ASF/sam0/drivers/system/clock/clock_samd09_d10_d11/clock.o
 .debug_line    0x0000de85      0xc2f src/ASF/sam0/drivers/system/clock/clock_samd09_d10_d11/gclk.o
 .debug_line    0x0000eab4      0x8fd src/ASF/sam0/drivers/system/pinmux/pinmux.o
 .debug_line    0x0000f3b1      0xa0d src/ASF/sam0/drivers/system/system.o
 .debug_line    0x0000fdbe      0xddd src/ASF/sam0/drivers/tcc/tcc.o
 .debug_line    0x00010b9b      0xa45 src/ASF/sam0/drivers/tcc/tcc_callback.o
 .debug_line    0x000115e0      0xa27 src/ASF/sam0/drivers/tc/tc_interrupt.o
 .debug_line    0x00012007      0xd4a src/ASF/sam0/drivers/tc/tc_sam_d_r_h/tc.o
 .debug_line    0x00012d51      0x603 src/ASF/sam0/utils/cmsis/samd11/source/gcc/startup_samd11.o
 .debug_line    0x00013354     0x104f src/led_driver.o
 .debug_line    0x000143a3      0xea4 src/main.o

.debug_str      0x00000000    0x7d399
 .debug_str     0x00000000    0x7290d src/adc_sample.o
                              0x72f7e (size before relaxing)
 .debug_str     0x0007290d      0x861 src/ASF/sam0/drivers/adc/adc_sam_d_r_h/adc.o
                              0x70beb (size before relaxing)
 .debug_str     0x0007316e      0x3ca src/ASF/sam0/drivers/extint/extint_callback.o
                              0x6f53d (size before relaxing)
 .debug_str     0x00073538      0x74f src/ASF/sam0/drivers/extint/extint_sam_d_r_h/extint.o
                              0x70539 (size before relaxing)
 .debug_str     0x00073c87     0x22ab src/button.o
                              0x74678 (size before relaxing)
 .debug_str     0x00075f32      0x141 src/pwm_led.o
                              0x731f4 (size before relaxing)
 .debug_str     0x00076073      0x43e src/pwm_motor.o
                              0x74aa6 (size before relaxing)
 .debug_str     0x000764b1      0x26a src/system_logic.o
                              0x74b97 (size before relaxing)
 .debug_str     0x0007671b      0x45f src/system_setup.o
                              0x759e3 (size before relaxing)
 .debug_str     0x00076b7a      0x12a src/system_state.o
                              0x74780 (size before relaxing)
 .debug_str     0x00076ca4       0x81 src/ASF/common/utils/interrupt/interrupt_sam_nvic.o
                              0x6edec (size before relaxing)
 .debug_str     0x00076d25       0x5e src/ASF/sam0/drivers/port/port.o
                              0x6f203 (size before relaxing)
 .debug_str     0x00076d83     0x107a src/ASF/sam0/drivers/sercom/i2c/i2c_sam0/i2c_master.o
                              0x71298 (size before relaxing)
 .debug_str     0x00077dfd      0x1be src/ASF/sam0/drivers/sercom/i2c/i2c_sam0/i2c_master_interrupt.o
                              0x70351 (size before relaxing)
 .debug_str     0x00077fbb      0x35c src/ASF/sam0/drivers/sercom/sercom.o
                              0x70390 (size before relaxing)
 .debug_str     0x00078317      0x158 src/ASF/sam0/drivers/sercom/sercom_interrupt.o
                              0x70124 (size before relaxing)
 .debug_str     0x0007846f     0x20b0 src/ASF/sam0/drivers/system/clock/clock_samd09_d10_d11/clock.o
                              0x71da7 (size before relaxing)
 .debug_str     0x0007a51f      0x1d6 src/ASF/sam0/drivers/system/clock/clock_samd09_d10_d11/gclk.o
                              0x6fa47 (size before relaxing)
 .debug_str     0x0007a6f5      0x179 src/ASF/sam0/drivers/system/pinmux/pinmux.o
                              0x6f28e (size before relaxing)
 .debug_str     0x0007a86e       0x3b src/ASF/sam0/drivers/system/system.o
                              0x6f040 (size before relaxing)
 .debug_str     0x0007a8a9     0x127c src/ASF/sam0/drivers/tcc/tcc.o
                              0x72213 (size before relaxing)
 .debug_str     0x0007bb25      0x1a7 src/ASF/sam0/drivers/tcc/tcc_callback.o
                              0x70633 (size before relaxing)
 .debug_str     0x0007bccc       0xad src/ASF/sam0/drivers/tc/tc_interrupt.o
                              0x6fafe (size before relaxing)
 .debug_str     0x0007bd79      0x1ca src/ASF/sam0/drivers/tc/tc_sam_d_r_h/tc.o
                              0x703dc (size before relaxing)
 .debug_str     0x0007bf43      0xbc4 src/ASF/sam0/utils/cmsis/samd11/source/gcc/startup_samd11.o
                              0x59afa (size before relaxing)
 .debug_str     0x0007cb07      0x884 src/led_driver.o
                              0x7387e (size before relaxing)
 .debug_str     0x0007d38b        0xe src/main.o
                              0x74423 (size before relaxing)

.debug_frame    0x00000000     0x1434
 .debug_frame   0x00000000       0x48 src/adc_sample.o
 .debug_frame   0x00000048       0x98 src/ASF/sam0/drivers/adc/adc_sam_d_r_h/adc.o
 .debug_frame   0x000000e0       0x7c src/ASF/sam0/drivers/extint/extint_callback.o
 .debug_frame   0x0000015c       0xb8 src/ASF/sam0/drivers/extint/extint_sam_d_r_h/extint.o
 .debug_frame   0x00000214       0x40 src/button.o
 .debug_frame   0x00000254       0x8c src/pwm_led.o
 .debug_frame   0x000002e0       0x78 src/pwm_motor.o
 .debug_frame   0x00000358       0x98 src/system_logic.o
 .debug_frame   0x000003f0      0x134 src/system_setup.o
 .debug_frame   0x00000524       0x68 src/system_state.o
 .debug_frame   0x0000058c       0x30 src/ASF/common/utils/interrupt/interrupt_sam_nvic.o
 .debug_frame   0x000005bc       0x44 src/ASF/sam0/drivers/port/port.o
 .debug_frame   0x00000600      0x1e4 src/ASF/sam0/drivers/sercom/i2c/i2c_sam0/i2c_master.o
 .debug_frame   0x000007e4      0x170 src/ASF/sam0/drivers/sercom/i2c/i2c_sam0/i2c_master_interrupt.o
 .debug_frame   0x00000954       0xbc src/ASF/sam0/drivers/sercom/sercom.o
 .debug_frame   0x00000a10       0xa0 src/ASF/sam0/drivers/sercom/sercom_interrupt.o
 .debug_frame   0x00000ab0      0x150 src/ASF/sam0/drivers/system/clock/clock_samd09_d10_d11/clock.o
 .debug_frame   0x00000c00      0x148 src/ASF/sam0/drivers/system/clock/clock_samd09_d10_d11/gclk.o
 .debug_frame   0x00000d48       0x98 src/ASF/sam0/drivers/system/pinmux/pinmux.o
 .debug_frame   0x00000de0       0x38 src/ASF/sam0/drivers/system/system.o
 .debug_frame   0x00000e18      0x1e0 src/ASF/sam0/drivers/tcc/tcc.o
 .debug_frame   0x00000ff8       0xa4 src/ASF/sam0/drivers/tcc/tcc_callback.o
 .debug_frame   0x0000109c       0x7c src/ASF/sam0/drivers/tc/tc_interrupt.o
 .debug_frame   0x00001118       0xa8 src/ASF/sam0/drivers/tc/tc_sam_d_r_h/tc.o
 .debug_frame   0x000011c0       0x40 src/ASF/sam0/utils/cmsis/samd11/source/gcc/startup_samd11.o
 .debug_frame   0x00001200      0x198 src/led_driver.o
 .debug_frame   0x00001398       0x28 src/main.o
 .debug_frame   0x000013c0       0x20 c:/program files (x86)/atmel/studio/7.0/toolchain/arm/arm-gnu-toolchain/bin/../lib/gcc/arm-none-eabi/6.3.1/thumb/v6-m\libgcc.a(_udivsi3.o)
 .debug_frame   0x000013e0       0x2c c:/program files (x86)/atmel/studio/7.0/toolchain/arm/arm-gnu-toolchain/bin/../lib/gcc/arm-none-eabi/6.3.1/../../../../arm-none-eabi/lib/thumb/v6-m\libc_nano.a(lib_a-init.o)
 .debug_frame   0x0000140c       0x28 c:/program files (x86)/atmel/studio/7.0/toolchain/arm/arm-gnu-toolchain/bin/../lib/gcc/arm-none-eabi/6.3.1/../../../../arm-none-eabi/lib/thumb/v6-m\libc_nano.a(lib_a-memcpy-stub.o)

Cross Reference Table

Symbol                                            File
AC_Handler                                        src/ASF/sam0/utils/cmsis/samd11/source/gcc/startup_samd11.o
ADC_Handler                                       src/ASF/sam0/utils/cmsis/samd11/source/gcc/startup_samd11.o
BATTERY_CHARGED                                   src/system_state.o
                                                  src/system_logic.o
BATTERY_LOW                                       src/system_logic.o
                                                  src/system_state.o
BATTERY_LOWEST                                    src/system_logic.o
                                                  src/system_state.o
BUTTON_ONE_PRESS_STATUS                           src/button.o
BUTTON_ONE_RELEASE_STATUS                         src/button.o
BUTTON_TWO_PRESS_STATUS                           src/button.o
BUTTON_TWO_READY_TAKE_ACTION                      src/button.o
BUTTON_TWO_RELEASE_STATUS                         src/button.o
                                                  src/system_logic.o
BUTTON_TWO_TAKE_ACTION                            src/button.o
Charged_State                                     src/system_logic.o
                                                  src/system_state.o
Chargn_Off_State                                  src/system_state.o
                                                  src/system_logic.o
Chargn_On_State                                   src/system_logic.o
DAC_Handler                                       src/ASF/sam0/utils/cmsis/samd11/source/gcc/startup_samd11.o
DMAC_Handler                                      src/ASF/sam0/utils/cmsis/samd11/source/gcc/startup_samd11.o
Dummy_Handler                                     src/ASF/sam0/utils/cmsis/samd11/source/gcc/startup_samd11.o
EIC_Handler                                       src/ASF/sam0/drivers/extint/extint_callback.o
EVSYS_Handler                                     src/ASF/sam0/utils/cmsis/samd11/source/gcc/startup_samd11.o
HardFault_Handler                                 src/ASF/sam0/utils/cmsis/samd11/source/gcc/startup_samd11.o
LongPressB1Flag                                   src/button.o
LongPressB2Flag                                   src/button.o
                                                  src/system_logic.o
NMI_Handler                                       src/ASF/sam0/utils/cmsis/samd11/source/gcc/startup_samd11.o
NVMCTRL_Handler                                   src/ASF/sam0/utils/cmsis/samd11/source/gcc/startup_samd11.o
PM_Handler                                        src/ASF/sam0/utils/cmsis/samd11/source/gcc/startup_samd11.o
PTC_Handler                                       src/ASF/sam0/utils/cmsis/samd11/source/gcc/startup_samd11.o
PendSV_Handler                                    src/ASF/sam0/utils/cmsis/samd11/source/gcc/startup_samd11.o
RTC_Handler                                       src/ASF/sam0/utils/cmsis/samd11/source/gcc/startup_samd11.o
Reset_Handler                                     src/ASF/sam0/utils/cmsis/samd11/source/gcc/startup_samd11.o
SERCOM0_Handler                                   src/ASF/sam0/drivers/sercom/sercom_interrupt.o
SERCOM1_Handler                                   src/ASF/sam0/drivers/sercom/sercom_interrupt.o
SERCOM2_Handler                                   src/ASF/sam0/drivers/sercom/sercom_interrupt.o
SVC_Handler                                       src/ASF/sam0/utils/cmsis/samd11/source/gcc/startup_samd11.o
SYSCTRL_Handler                                   src/ASF/sam0/utils/cmsis/samd11/source/gcc/startup_samd11.o
SYS_READY_TO_SLEEP                                src/system_logic.o
                                                  src/main.o
                                                  src/system_state.o
                                                  src/system_setup.o
                                                  src/pwm_motor.o
                                                  src/button.o
SYS_SLEEP                                         src/system_setup.o
                                                  src/system_logic.o
SYS_TICK_100MS                                    src/system_setup.o
                                                  src/system_logic.o
SYS_TICK_10MS                                     src/system_setup.o
                                                  src/system_logic.o
SYS_TICK_18MS                                     src/system_setup.o
                                                  src/system_logic.o
SYS_TICK_200MS                                    src/system_setup.o
                                                  src/system_logic.o
SYS_TICK_20MS                                     src/system_setup.o
                                                  src/system_logic.o
SYS_TICK_30MS                                     src/system_setup.o
                                                  src/system_logic.o
SYS_TICK_50MS                                     src/system_setup.o
SleepTickCount                                    src/system_setup.o
                                                  src/system_logic.o
SysTick_Handler                                   src/ASF/sam0/utils/cmsis/samd11/source/gcc/startup_samd11.o
SystemCoreClock                                   src/ASF/sam0/utils/cmsis/samd11/source/system_samd11.o
SystemCoreClockUpdate                             src/ASF/sam0/utils/cmsis/samd11/source/system_samd11.o
SystemInit                                        src/ASF/sam0/utils/cmsis/samd11/source/system_samd11.o
TC1_Handler                                       src/ASF/sam0/drivers/tc/tc_interrupt.o
TC2_Handler                                       src/ASF/sam0/drivers/tc/tc_interrupt.o
TCC0_Handler                                      src/ASF/sam0/drivers/tcc/tcc_callback.o
USB_Handler                                       src/ASF/sam0/utils/cmsis/samd11/source/gcc/startup_samd11.o
Vbus_State                                        src/system_logic.o
                                                  src/system_state.o
WDT_Handler                                       src/ASF/sam0/utils/cmsis/samd11/source/gcc/startup_samd11.o
_Jv_RegisterClasses                               c:/program files (x86)/atmel/studio/7.0/toolchain/arm/arm-gnu-toolchain/bin/../lib/gcc/arm-none-eabi/6.3.1/thumb/v6-m/crtbegin.o
__aeabi_idiv0                                     c:/program files (x86)/atmel/studio/7.0/toolchain/arm/arm-gnu-toolchain/bin/../lib/gcc/arm-none-eabi/6.3.1/thumb/v6-m\libgcc.a(_dvmd_tls.o)
                                                  c:/program files (x86)/atmel/studio/7.0/toolchain/arm/arm-gnu-toolchain/bin/../lib/gcc/arm-none-eabi/6.3.1/thumb/v6-m\libgcc.a(_udivsi3.o)
__aeabi_ldiv0                                     c:/program files (x86)/atmel/studio/7.0/toolchain/arm/arm-gnu-toolchain/bin/../lib/gcc/arm-none-eabi/6.3.1/thumb/v6-m\libgcc.a(_dvmd_tls.o)
__aeabi_lmul                                      c:/program files (x86)/atmel/studio/7.0/toolchain/arm/arm-gnu-toolchain/bin/../lib/gcc/arm-none-eabi/6.3.1/thumb/v6-m\libgcc.a(_muldi3.o)
                                                  src/ASF/sam0/drivers/sercom/sercom.o
__aeabi_uidiv                                     c:/program files (x86)/atmel/studio/7.0/toolchain/arm/arm-gnu-toolchain/bin/../lib/gcc/arm-none-eabi/6.3.1/thumb/v6-m\libgcc.a(_udivsi3.o)
                                                  src/ASF/sam0/drivers/system/clock/clock_samd09_d10_d11/gclk.o
                                                  src/ASF/sam0/drivers/system/clock/clock_samd09_d10_d11/clock.o
                                                  src/ASF/common2/services/delay/sam0/systick_counter.o
__aeabi_uidivmod                                  c:/program files (x86)/atmel/studio/7.0/toolchain/arm/arm-gnu-toolchain/bin/../lib/gcc/arm-none-eabi/6.3.1/thumb/v6-m\libgcc.a(_udivsi3.o)
__bss_end__                                       c:/program files (x86)/atmel/studio/7.0/toolchain/arm/arm-gnu-toolchain/bin/../lib/gcc/arm-none-eabi/6.3.1/../../../../arm-none-eabi/lib/thumb/v6-m/crt0.o
__bss_start__                                     c:/program files (x86)/atmel/studio/7.0/toolchain/arm/arm-gnu-toolchain/bin/../lib/gcc/arm-none-eabi/6.3.1/../../../../arm-none-eabi/lib/thumb/v6-m/crt0.o
__call_exitprocs                                  c:/program files (x86)/atmel/studio/7.0/toolchain/arm/arm-gnu-toolchain/bin/../lib/gcc/arm-none-eabi/6.3.1/../../../../arm-none-eabi/lib/thumb/v6-m\libc_nano.a(lib_a-exit.o)
__deregister_frame_info                           c:/program files (x86)/atmel/studio/7.0/toolchain/arm/arm-gnu-toolchain/bin/../lib/gcc/arm-none-eabi/6.3.1/thumb/v6-m/crtbegin.o
__dso_handle                                      c:/program files (x86)/atmel/studio/7.0/toolchain/arm/arm-gnu-toolchain/bin/../lib/gcc/arm-none-eabi/6.3.1/thumb/v6-m/crtbegin.o
__init_array_end                                  c:/program files (x86)/atmel/studio/7.0/toolchain/arm/arm-gnu-toolchain/bin/../lib/gcc/arm-none-eabi/6.3.1/../../../../arm-none-eabi/lib/thumb/v6-m\libc_nano.a(lib_a-init.o)
__init_array_start                                c:/program files (x86)/atmel/studio/7.0/toolchain/arm/arm-gnu-toolchain/bin/../lib/gcc/arm-none-eabi/6.3.1/../../../../arm-none-eabi/lib/thumb/v6-m\libc_nano.a(lib_a-init.o)
__libc_fini_array                                 c:/program files (x86)/atmel/studio/7.0/toolchain/arm/arm-gnu-toolchain/bin/../lib/gcc/arm-none-eabi/6.3.1/../../../../arm-none-eabi/lib/thumb/v6-m/crt0.o
__libc_init_array                                 c:/program files (x86)/atmel/studio/7.0/toolchain/arm/arm-gnu-toolchain/bin/../lib/gcc/arm-none-eabi/6.3.1/../../../../arm-none-eabi/lib/thumb/v6-m\libc_nano.a(lib_a-init.o)
                                                  src/ASF/sam0/utils/cmsis/samd11/source/gcc/startup_samd11.o
                                                  c:/program files (x86)/atmel/studio/7.0/toolchain/arm/arm-gnu-toolchain/bin/../lib/gcc/arm-none-eabi/6.3.1/../../../../arm-none-eabi/lib/thumb/v6-m/crt0.o
__muldi3                                          c:/program files (x86)/atmel/studio/7.0/toolchain/arm/arm-gnu-toolchain/bin/../lib/gcc/arm-none-eabi/6.3.1/thumb/v6-m\libgcc.a(_muldi3.o)
__preinit_array_end                               c:/program files (x86)/atmel/studio/7.0/toolchain/arm/arm-gnu-toolchain/bin/../lib/gcc/arm-none-eabi/6.3.1/../../../../arm-none-eabi/lib/thumb/v6-m\libc_nano.a(lib_a-init.o)
__preinit_array_start                             c:/program files (x86)/atmel/studio/7.0/toolchain/arm/arm-gnu-toolchain/bin/../lib/gcc/arm-none-eabi/6.3.1/../../../../arm-none-eabi/lib/thumb/v6-m\libc_nano.a(lib_a-init.o)
__register_frame_info                             c:/program files (x86)/atmel/studio/7.0/toolchain/arm/arm-gnu-toolchain/bin/../lib/gcc/arm-none-eabi/6.3.1/thumb/v6-m/crtbegin.o
__sf_fake_stderr                                  c:/program files (x86)/atmel/studio/7.0/toolchain/arm/arm-gnu-toolchain/bin/../lib/gcc/arm-none-eabi/6.3.1/../../../../arm-none-eabi/lib/thumb/v6-m\libc_nano.a(lib_a-impure.o)
__sf_fake_stdin                                   c:/program files (x86)/atmel/studio/7.0/toolchain/arm/arm-gnu-toolchain/bin/../lib/gcc/arm-none-eabi/6.3.1/../../../../arm-none-eabi/lib/thumb/v6-m\libc_nano.a(lib_a-impure.o)
__sf_fake_stdout                                  c:/program files (x86)/atmel/studio/7.0/toolchain/arm/arm-gnu-toolchain/bin/../lib/gcc/arm-none-eabi/6.3.1/../../../../arm-none-eabi/lib/thumb/v6-m\libc_nano.a(lib_a-impure.o)
__stack                                           c:/program files (x86)/atmel/studio/7.0/toolchain/arm/arm-gnu-toolchain/bin/../lib/gcc/arm-none-eabi/6.3.1/../../../../arm-none-eabi/lib/thumb/v6-m/crt0.o
__udivsi3                                         c:/program files (x86)/atmel/studio/7.0/toolchain/arm/arm-gnu-toolchain/bin/../lib/gcc/arm-none-eabi/6.3.1/thumb/v6-m\libgcc.a(_udivsi3.o)
_close                                            src/ASF/sam0/utils/syscalls/gcc/syscalls.o
_current_channel                                  src/ASF/sam0/drivers/extint/extint_callback.o
_end                                              src/ASF/sam0/utils/syscalls/gcc/syscalls.o
_erelocate                                        src/ASF/sam0/utils/cmsis/samd11/source/gcc/startup_samd11.o
_estack                                           src/ASF/sam0/utils/cmsis/samd11/source/gcc/startup_samd11.o
_etext                                            src/ASF/sam0/utils/cmsis/samd11/source/gcc/startup_samd11.o
_exit                                             src/ASF/sam0/utils/syscalls/gcc/syscalls.o
                                                  c:/program files (x86)/atmel/studio/7.0/toolchain/arm/arm-gnu-toolchain/bin/../lib/gcc/arm-none-eabi/6.3.1/../../../../arm-none-eabi/lib/thumb/v6-m\libc_nano.a(lib_a-exit.o)
_extint_dev                                       src/ASF/sam0/drivers/extint/extint_sam_d_r_h/extint.o
                                                  src/ASF/sam0/drivers/extint/extint_callback.o
_ezero                                            src/ASF/sam0/utils/cmsis/samd11/source/gcc/startup_samd11.o
_fini                                             c:/program files (x86)/atmel/studio/7.0/toolchain/arm/arm-gnu-toolchain/bin/../lib/gcc/arm-none-eabi/6.3.1/thumb/v6-m/crti.o
_fstat                                            src/ASF/sam0/utils/syscalls/gcc/syscalls.o
_getpid                                           src/ASF/sam0/utils/syscalls/gcc/syscalls.o
_global_impure_ptr                                c:/program files (x86)/atmel/studio/7.0/toolchain/arm/arm-gnu-toolchain/bin/../lib/gcc/arm-none-eabi/6.3.1/../../../../arm-none-eabi/lib/thumb/v6-m\libc_nano.a(lib_a-impure.o)
                                                  c:/program files (x86)/atmel/studio/7.0/toolchain/arm/arm-gnu-toolchain/bin/../lib/gcc/arm-none-eabi/6.3.1/../../../../arm-none-eabi/lib/thumb/v6-m\libc_nano.a(lib_a-exit.o)
_i2c_master_address_response                      src/ASF/sam0/drivers/sercom/i2c/i2c_sam0/i2c_master.o
                                                  src/ASF/sam0/drivers/sercom/i2c/i2c_sam0/i2c_master_interrupt.o
_i2c_master_interrupt_handler                     src/ASF/sam0/drivers/sercom/i2c/i2c_sam0/i2c_master_interrupt.o
                                                  src/ASF/sam0/drivers/sercom/i2c/i2c_sam0/i2c_master.o
_i2c_master_send_hs_master_code                   src/ASF/sam0/drivers/sercom/i2c/i2c_sam0/i2c_master.o
                                                  src/ASF/sam0/drivers/sercom/i2c/i2c_sam0/i2c_master_interrupt.o
_i2c_master_wait_for_bus                          src/ASF/sam0/drivers/sercom/i2c/i2c_sam0/i2c_master.o
                                                  src/ASF/sam0/drivers/sercom/i2c/i2c_sam0/i2c_master_interrupt.o
_impure_ptr                                       c:/program files (x86)/atmel/studio/7.0/toolchain/arm/arm-gnu-toolchain/bin/../lib/gcc/arm-none-eabi/6.3.1/../../../../arm-none-eabi/lib/thumb/v6-m\libc_nano.a(lib_a-impure.o)
_init                                             c:/program files (x86)/atmel/studio/7.0/toolchain/arm/arm-gnu-toolchain/bin/../lib/gcc/arm-none-eabi/6.3.1/thumb/v6-m/crti.o
                                                  c:/program files (x86)/atmel/studio/7.0/toolchain/arm/arm-gnu-toolchain/bin/../lib/gcc/arm-none-eabi/6.3.1/../../../../arm-none-eabi/lib/thumb/v6-m\libc_nano.a(lib_a-init.o)
_isatty                                           src/ASF/sam0/utils/syscalls/gcc/syscalls.o
_kill                                             src/ASF/sam0/utils/syscalls/gcc/syscalls.o
_lseek                                            src/ASF/sam0/utils/syscalls/gcc/syscalls.o
_mainCRTStartup                                   c:/program files (x86)/atmel/studio/7.0/toolchain/arm/arm-gnu-toolchain/bin/../lib/gcc/arm-none-eabi/6.3.1/../../../../arm-none-eabi/lib/thumb/v6-m/crt0.o
_read                                             src/ASF/sam0/utils/stdio/read.o
_sbrk                                             src/ASF/sam0/utils/syscalls/gcc/syscalls.o
_sercom_get_async_baud_val                        src/ASF/sam0/drivers/sercom/sercom.o
                                                  src/ASF/sam0/drivers/sercom/usart/usart.o
_sercom_get_default_pad                           src/ASF/sam0/drivers/sercom/sercom.o
                                                  src/ASF/sam0/drivers/sercom/usart/usart.o
                                                  src/ASF/sam0/drivers/sercom/i2c/i2c_sam0/i2c_master.o
_sercom_get_interrupt_vector                      src/ASF/sam0/drivers/sercom/sercom_interrupt.o
                                                  src/led_driver.o
                                                  src/ASF/sam0/drivers/sercom/i2c/i2c_sam0/i2c_master.o
_sercom_get_sercom_inst_index                     src/ASF/sam0/drivers/sercom/sercom.o
                                                  src/ASF/sam0/drivers/sercom/usart/usart.o
                                                  src/ASF/sam0/drivers/sercom/sercom_interrupt.o
                                                  src/ASF/sam0/drivers/sercom/i2c/i2c_sam0/i2c_master.o
_sercom_get_sync_baud_val                         src/ASF/sam0/drivers/sercom/sercom.o
                                                  src/ASF/sam0/drivers/sercom/usart/usart.o
_sercom_instances                                 src/ASF/sam0/drivers/sercom/sercom_interrupt.o
                                                  src/ASF/sam0/drivers/sercom/usart/usart_interrupt.o
                                                  src/ASF/sam0/drivers/sercom/usart/usart.o
                                                  src/ASF/sam0/drivers/sercom/i2c/i2c_sam0/i2c_master_interrupt.o
                                                  src/ASF/sam0/drivers/sercom/i2c/i2c_sam0/i2c_master.o
_sercom_set_handler                               src/ASF/sam0/drivers/sercom/sercom_interrupt.o
                                                  src/ASF/sam0/drivers/sercom/usart/usart.o
                                                  src/ASF/sam0/drivers/sercom/i2c/i2c_sam0/i2c_master.o
_sfixed                                           src/ASF/sam0/utils/cmsis/samd11/source/gcc/startup_samd11.o
_srelocate                                        src/ASF/sam0/utils/cmsis/samd11/source/gcc/startup_samd11.o
_start                                            c:/program files (x86)/atmel/studio/7.0/toolchain/arm/arm-gnu-toolchain/bin/../lib/gcc/arm-none-eabi/6.3.1/../../../../arm-none-eabi/lib/thumb/v6-m/crt0.o
_system_divas_init                                src/ASF/sam0/drivers/system/system.o
_system_dummy_init                                src/ASF/sam0/drivers/system/system.o
_system_events_init                               src/ASF/sam0/drivers/system/system.o
_system_extint_init                               src/ASF/sam0/drivers/extint/extint_sam_d_r_h/extint.o
_szero                                            src/ASF/sam0/utils/cmsis/samd11/source/gcc/startup_samd11.o
_tc_get_inst_index                                src/ASF/sam0/drivers/tc/tc_sam_d_r_h/tc.o
                                                  src/system_setup.o
_tc_instances                                     src/ASF/sam0/drivers/tc/tc_interrupt.o
                                                  src/ASF/sam0/drivers/tc/tc_sam_d_r_h/tc.o
_tc_interrupt_handler                             src/ASF/sam0/drivers/tc/tc_interrupt.o
_tcc_apbcmasks                                    src/ASF/sam0/drivers/tcc/tcc.o
_tcc_cc_nums                                      src/ASF/sam0/drivers/tcc/tcc.o
_tcc_exts                                         src/ASF/sam0/drivers/tcc/tcc.o
_tcc_gclk_ids                                     src/ASF/sam0/drivers/tcc/tcc.o
_tcc_get_inst_index                               src/ASF/sam0/drivers/tcc/tcc.o
                                                  src/ASF/sam0/drivers/tcc/tcc_callback.o
_tcc_instances                                    src/ASF/sam0/drivers/tcc/tcc_callback.o
                                                  src/ASF/sam0/drivers/tcc/tcc.o
_tcc_interrupt_handler                            src/ASF/sam0/drivers/tcc/tcc_callback.o
_tcc_intflag                                      src/ASF/sam0/drivers/tcc/tcc_callback.o
_tcc_maxs                                         src/ASF/sam0/drivers/tcc/tcc.o
_tcc_ow_nums                                      src/ASF/sam0/drivers/tcc/tcc.o
_tcc_sizes                                        src/ASF/sam0/drivers/tcc/tcc.o
_usart_interrupt_handler                          src/ASF/sam0/drivers/sercom/usart/usart_interrupt.o
                                                  src/ASF/sam0/drivers/sercom/usart/usart.o
_usart_read_buffer                                src/ASF/sam0/drivers/sercom/usart/usart_interrupt.o
_usart_write_buffer                               src/ASF/sam0/drivers/sercom/usart/usart_interrupt.o
_write                                            src/ASF/sam0/utils/stdio/write.o
adc_get_config_defaults                           src/ASF/sam0/drivers/adc/adc_sam_d_r_h/adc.o
                                                  src/adc_sample.o
adc_init                                          src/ASF/sam0/drivers/adc/adc_sam_d_r_h/adc.o
                                                  src/adc_sample.o
adc_instance                                      src/main.o
                                                  src/system_state.o
                                                  src/system_setup.o
                                                  src/system_logic.o
                                                  src/pwm_motor.o
                                                  src/button.o
                                                  src/adc_sample.o
adc_regular_ain_channel                           src/ASF/sam0/drivers/adc/adc_sam_d_r_h/adc.o
adc_result                                        src/adc_sample.o
                                                  src/system_logic.o
adc_set_window_mode                               src/ASF/sam0/drivers/adc/adc_sam_d_r_h/adc.o
atexit                                            c:/program files (x86)/atmel/studio/7.0/toolchain/arm/arm-gnu-toolchain/bin/../lib/gcc/arm-none-eabi/6.3.1/../../../../arm-none-eabi/lib/thumb/v6-m/crt0.o
board_init                                        src/ASF/sam0/boards/samd11_xplained_pro/board_init.o
config_tcc                                        src/main.o
                                                  src/system_state.o
                                                  src/system_setup.o
                                                  src/system_logic.o
                                                  src/pwm_motor.o
                                                  src/pwm_led.o
                                                  src/button.o
configure_adc                                     src/adc_sample.o
                                                  src/system_setup.o
configure_extint_callbacks                        src/system_setup.o